Component: ARM Compiler 5.06 update 7 (build 960) Tool: armlink [4d3601]

==============================================================================

Section Cross References

    startup_stm32f103xb.o(STACK) refers (Special) to heapauxi.o(.text) for __use_two_region_memory
    startup_stm32f103xb.o(HEAP) refers (Special) to heapauxi.o(.text) for __use_two_region_memory
    startup_stm32f103xb.o(RESET) refers (Special) to heapauxi.o(.text) for __use_two_region_memory
    startup_stm32f103xb.o(RESET) refers to startup_stm32f103xb.o(STACK) for __initial_sp
    startup_stm32f103xb.o(RESET) refers to startup_stm32f103xb.o(.text) for Reset_Handler
    startup_stm32f103xb.o(RESET) refers to stm32f1xx_it.o(i.NMI_Handler) for NMI_Handler
    startup_stm32f103xb.o(RESET) refers to stm32f1xx_it.o(i.HardFault_Handler) for HardFault_Handler
    startup_stm32f103xb.o(RESET) refers to stm32f1xx_it.o(i.MemManage_Handler) for MemManage_Handler
    startup_stm32f103xb.o(RESET) refers to stm32f1xx_it.o(i.BusFault_Handler) for BusFault_Handler
    startup_stm32f103xb.o(RESET) refers to stm32f1xx_it.o(i.UsageFault_Handler) for UsageFault_Handler
    startup_stm32f103xb.o(RESET) refers to port.o(.emb_text) for SVC_Handler
    startup_stm32f103xb.o(RESET) refers to stm32f1xx_it.o(i.DebugMon_Handler) for DebugMon_Handler
    startup_stm32f103xb.o(RESET) refers to port.o(i.SysTick_Handler) for SysTick_Handler
    startup_stm32f103xb.o(RESET) refers to stm32f1xx_it.o(i.EXTI2_IRQHandler) for EXTI2_IRQHandler
    startup_stm32f103xb.o(RESET) refers to stm32f1xx_it.o(i.USB_LP_CAN1_RX0_IRQHandler) for USB_LP_CAN1_RX0_IRQHandler
    startup_stm32f103xb.o(RESET) refers to stm32f1xx_it.o(i.TIM1_UP_IRQHandler) for TIM1_UP_IRQHandler
    startup_stm32f103xb.o(RESET) refers to stm32f1xx_it.o(i.TIM3_IRQHandler) for TIM3_IRQHandler
    startup_stm32f103xb.o(.text) refers (Special) to heapauxi.o(.text) for __use_two_region_memory
    startup_stm32f103xb.o(.text) refers to system_stm32f1xx.o(i.SystemInit) for SystemInit
    startup_stm32f103xb.o(.text) refers to __main.o(!!!main) for __main
    startup_stm32f103xb.o(.text) refers to startup_stm32f103xb.o(HEAP) for Heap_Mem
    startup_stm32f103xb.o(.text) refers to startup_stm32f103xb.o(STACK) for Stack_Mem
    main.o(i.HAL_TIM_PeriodElapsedCallback) refers to get_vel.o(i.TIM3_NVIC_Callback) for TIM3_NVIC_Callback
    main.o(i.HAL_TIM_PeriodElapsedCallback) refers to stm32f1xx_hal.o(i.HAL_IncTick) for HAL_IncTick
    main.o(i.SystemClock_Config) refers to rt_memclr_w.o(.text) for __aeabi_memclr4
    main.o(i.SystemClock_Config) refers to stm32f1xx_hal_rcc.o(i.HAL_RCC_OscConfig) for HAL_RCC_OscConfig
    main.o(i.SystemClock_Config) refers to stm32f1xx_hal_rcc.o(i.HAL_RCC_ClockConfig) for HAL_RCC_ClockConfig
    main.o(i.main) refers to stm32f1xx_hal.o(i.HAL_Init) for HAL_Init
    main.o(i.main) refers to main.o(i.SystemClock_Config) for SystemClock_Config
    main.o(i.main) refers to gpio.o(i.MX_GPIO_Init) for MX_GPIO_Init
    main.o(i.main) refers to can.o(i.MX_CAN_Init) for MX_CAN_Init
    main.o(i.main) refers to spi.o(i.MX_SPI2_Init) for MX_SPI2_Init
    main.o(i.main) refers to tim.o(i.MX_TIM2_Init) for MX_TIM2_Init
    main.o(i.main) refers to tim.o(i.MX_TIM3_Init) for MX_TIM3_Init
    main.o(i.main) refers to freertos.o(i.MX_FREERTOS_Init) for MX_FREERTOS_Init
    main.o(i.main) refers to cmsis_os.o(i.osKernelStart) for osKernelStart
    gpio.o(i.MX_GPIO_Init) refers to stm32f1xx_hal_gpio.o(i.HAL_GPIO_WritePin) for HAL_GPIO_WritePin
    gpio.o(i.MX_GPIO_Init) refers to stm32f1xx_hal_gpio.o(i.HAL_GPIO_Init) for HAL_GPIO_Init
    gpio.o(i.MX_GPIO_Init) refers to stm32f1xx_hal_cortex.o(i.HAL_NVIC_SetPriority) for HAL_NVIC_SetPriority
    gpio.o(i.MX_GPIO_Init) refers to stm32f1xx_hal_cortex.o(i.HAL_NVIC_EnableIRQ) for HAL_NVIC_EnableIRQ
    freertos.o(i.MX_FREERTOS_Init) refers to cmsis_os.o(i.osTimerCreate) for osTimerCreate
    freertos.o(i.MX_FREERTOS_Init) refers to rt_memcpy_w.o(.text) for __aeabi_memcpy4
    freertos.o(i.MX_FREERTOS_Init) refers to cmsis_os.o(i.osThreadCreate) for osThreadCreate
    freertos.o(i.MX_FREERTOS_Init) refers to freertos.o(i.init_all) for init_all
    freertos.o(i.MX_FREERTOS_Init) refers to freertos.o(.constdata) for .constdata
    freertos.o(i.MX_FREERTOS_Init) refers to freertos.o(.data) for .data
    freertos.o(i.MX_FREERTOS_Init) refers to motor_controller.o(.bss) for motor
    freertos.o(i.StartDefaultTask) refers to cmsis_os.o(i.osDelay) for osDelay
    freertos.o(i.init_all) refers to stm32f1xx_hal_tim.o(i.HAL_TIM_Base_Start) for HAL_TIM_Base_Start
    freertos.o(i.init_all) refers to stm32f1xx_hal_tim.o(i.HAL_TIM_PWM_Start) for HAL_TIM_PWM_Start
    freertos.o(i.init_all) refers to key_id.o(i.ID_init) for ID_init
    freertos.o(i.init_all) refers to motor_controller.o(i.motor_init) for motor_init
    freertos.o(i.init_all) refers to tim.o(.bss) for htim2
    freertos.o(i.init_all) refers to motor_controller.o(.bss) for motor
[...]
    i.xPortStartScheduler                    0x08003c10   Section        0  port.o(i.xPortStartScheduler)
    i.xQueueGenericCreateStatic              0x08003cb8   Section        0  queue.o(i.xQueueGenericCreateStatic)
    i.xQueueGenericReset                     0x08003d20   Section        0  queue.o(i.xQueueGenericReset)
    i.xQueueGenericSend                      0x08003da8   Section        0  queue.o(i.xQueueGenericSend)
    i.xQueueGenericSendFromISR               0x08003f08   Section        0  queue.o(i.xQueueGenericSendFromISR)
    i.xQueueReceive                          0x08003fc4   Section        0  queue.o(i.xQueueReceive)
    i.xTaskCheckForTimeOut                   0x080040fc   Section        0  tasks.o(i.xTaskCheckForTimeOut)
    i.xTaskCreate                            0x08004170   Section        0  tasks.o(i.xTaskCreate)
    i.xTaskCreateStatic                      0x080041ca   Section        0  tasks.o(i.xTaskCreateStatic)
    i.xTaskGetSchedulerState                 0x08004220   Section        0  tasks.o(i.xTaskGetSchedulerState)
    i.xTaskGetTickCount                      0x0800423c   Section        0  tasks.o(i.xTaskGetTickCount)
    i.xTaskIncrementTick                     0x08004248   Section        0  tasks.o(i.xTaskIncrementTick)
    i.xTaskPriorityDisinherit                0x08004310   Section        0  tasks.o(i.xTaskPriorityDisinherit)
    i.xTaskRemoveFromEventList               0x080043a8   Section        0  tasks.o(i.xTaskRemoveFromEventList)
    i.xTaskResumeAll                         0x0800441c   Section        0  tasks.o(i.xTaskResumeAll)
    i.xTimerCreate                           0x080044e0   Section        0  timers.o(i.xTimerCreate)
    i.xTimerCreateStatic                     0x08004514   Section        0  timers.o(i.xTimerCreateStatic)
    i.xTimerCreateTimerTask                  0x08004544   Section        0  timers.o(i.xTimerCreateTimerTask)
    i.xTimerGenericCommand                   0x080045a4   Section        0  timers.o(i.xTimerGenericCommand)
    x$fpl$fadd                               0x08004604   Section      196  faddsub_clz.o(x$fpl$fadd)
    _fadd1                                   0x08004613   Thumb Code     0  faddsub_clz.o(x$fpl$fadd)
    x$fpl$fcmpinf                            0x080046c8   Section       24  fcmpi.o(x$fpl$fcmpinf)
    x$fpl$ffix                               0x080046e0   Section       54  ffix.o(x$fpl$ffix)
    x$fpl$ffixu                              0x08004718   Section       62  ffixu.o(x$fpl$ffixu)
    x$fpl$fflt                               0x08004758   Section       48  fflt_clz.o(x$fpl$fflt)
    x$fpl$fleqf                              0x08004788   Section      104  fleqf.o(x$fpl$fleqf)
    x$fpl$fmul                               0x080047f0   Section      258  fmul.o(x$fpl$fmul)
    x$fpl$fnaninf                            0x080048f2   Section      140  fnaninf.o(x$fpl$fnaninf)
    x$fpl$fretinf                            0x0800497e   Section       10  fretinf.o(x$fpl$fretinf)
    x$fpl$frleqf                             0x08004988   Section       98  frleqf.o(x$fpl$frleqf)
    x$fpl$frsb                               0x080049ea   Section       20  faddsub_clz.o(x$fpl$frsb)
    x$fpl$fsub                               0x08004a00   Section      234  faddsub_clz.o(x$fpl$fsub)
    _fsub1                                   0x08004a0f   Thumb Code     0  faddsub_clz.o(x$fpl$fsub)
    x$fpl$usenofp                            0x08004aea   Section        0  usenofp.o(x$fpl$usenofp)
    .constdata                               0x08004aec   Section       72  freertos.o(.constdata)
    .constdata                               0x08004b34   Section       18  stm32f1xx_hal_rcc.o(.constdata)
    aPredivFactorTable                       0x08004b34   Data           2  stm32f1xx_hal_rcc.o(.constdata)
    aPLLMULFactorTable                       0x08004b36   Data          16  stm32f1xx_hal_rcc.o(.constdata)
    .constdata                               0x08004b46   Section       16  system_stm32f1xx.o(.constdata)
    .constdata                               0x08004b56   Section        8  system_stm32f1xx.o(.constdata)
    .conststring                             0x08004b60   Section       24  freertos.o(.conststring)
    .data                                    0x20000000   Section       16  freertos.o(.data)
    .data                                    0x20000010   Section       12  stm32f1xx_hal.o(.data)
    .data                                    0x2000001c   Section        4  system_stm32f1xx.o(.data)
    .data                                    0x20000020   Section       60  tasks.o(.data)
    pxDelayedTaskList                        0x20000024   Data           4  tasks.o(.data)
    pxOverflowDelayedTaskList                0x20000028   Data           4  tasks.o(.data)
    uxDeletedTasksWaitingCleanUp             0x2000002c   Data           4  tasks.o(.data)
    uxCurrentNumberOfTasks                   0x20000030   Data           4  tasks.o(.data)
    xTickCount                               0x20000034   Data           4  tasks.o(.data)
    uxTopReadyPriority                       0x20000038   Data           4  tasks.o(.data)
    xSchedulerRunning                        0x2000003c   Data           4  tasks.o(.data)
    uxPendedTicks                            0x20000040   Data           4  tasks.o(.data)
    xYieldPending                            0x20000044   Data           4  tasks.o(.data)
    xNumOfOverflows                          0x20000048   Data           4  tasks.o(.data)
    uxTaskNumber                             0x2000004c   Data           4  tasks.o(.data)
    xNextTaskUnblockTime                     0x20000050   Data           4  tasks.o(.data)
    xIdleTaskHandle                          0x20000054   Data           4  tasks.o(.data)
    uxSchedulerSuspended                     0x20000058   Data           4  tasks.o(.data)
    .data                                    0x2000005c   Section       20  timers.o(.data)
    pxCurrentTimerList                       0x2000005c   Data           4  timers.o(.data)
    pxOverflowTimerList                      0x20000060   Data           4  timers.o(.data)
    xTimerQueue                              0x20000064   Data           4  timers.o(.data)
    xTimerTaskHandle                         0x20000068   Data           4  timers.o(.data)
    xLastTime                                0x2000006c   Data           4  timers.o(.data)
    .data                                    0x20000070   Section       24  heap_4.o(.data)
    pxEnd                                    0x20000070   Data           4  heap_4.o(.data)
    xFreeBytesRemaining                      0x20000074   Data           4  heap_4.o(.data)
    xMinimumEverFreeBytesRemaining           0x20000078   Data           4  heap_4.o(.data)
    xBlockAllocatedBit                       0x2000007c   Data           4  heap_4.o(.data)
    xStart                                   0x20000080   Data           8  heap_4.o(.data)
    .data                                    0x20000088   Section       12  port.o(.data)
    ucMaxSysCallPriority                     0x20000088   Data           1  port.o(.data)
    uxCriticalNesting                        0x2000008c   Data           4  port.o(.data)
    ulMaxPRIGROUPValue                       0x20000090   Data           4  port.o(.data)
    .data                                    0x20000094   Section       40  communication.o(.data)
    .data                                    0x200000bc   Section       12  get_vel.o(.data)
    angle                                    0x200000be   Data           2  get_vel.o(.data)
    last_angle                               0x200000c0   Data           2  get_vel.o(.data)
    diff_angle                               0x200000c2   Data           2  get_vel.o(.data)
    command                                  0x200000c4   Data           2  get_vel.o(.data)
    nop_command                              0x200000c6   Data           2  get_vel.o(.data)
    .data                                    0x200000c8   Section        4  key_id.o(.data)
    IDLedFlag                                0x200000c9   Data           1  key_id.o(.data)
    i                                        0x200000ca   Data           1  key_id.o(.data)
    tempID                                   0x200000cb   Data           1  key_id.o(.data)
    .data                                    0x200000cc   Section        2  motor_update.o(.data)
    i                                        0x200000cd   Data           1  motor_update.o(.data)
    .bss                                     0x200000d0   Section     1192  freertos.o(.bss)
    xIdleTaskTCBBuffer                       0x200000d0   Data          84  freertos.o(.bss)
    xIdleStack                               0x20000124   Data         512  freertos.o(.bss)
    xTimerTaskTCBBuffer                      0x20000324   Data          84  freertos.o(.bss)
    xTimerStack                              0x20000378   Data         512  freertos.o(.bss)
    .bss                                     0x20000578   Section       40  can.o(.bss)
    .bss                                     0x200005a0   Section       88  spi.o(.bss)
    .bss                                     0x200005f8   Section      144  tim.o(.bss)
    .bss                                     0x20000688   Section       72  stm32f1xx_hal_timebase_tim.o(.bss)
    .bss                                     0x200006d0   Section       32  stm32f1xx_hal_flash.o(.bss)
    .bss                                     0x200006f0   Section       64  queue.o(.bss)
    .bss                                     0x20000730   Section      200  tasks.o(.bss)
    pxReadyTasksLists                        0x20000730   Data         100  tasks.o(.bss)
    xDelayedTaskList1                        0x20000794   Data          20  tasks.o(.bss)
    xDelayedTaskList2                        0x200007a8   Data          20  tasks.o(.bss)
    xPendingReadyList                        0x200007bc   Data          20  tasks.o(.bss)
    xTasksWaitingTermination                 0x200007d0   Data          20  tasks.o(.bss)
    xSuspendedTaskList                       0x200007e4   Data          20  tasks.o(.bss)
    .bss                                     0x200007f8   Section      232  timers.o(.bss)
    xActiveTimerList1                        0x200007f8   Data          20  timers.o(.bss)
    xActiveTimerList2                        0x2000080c   Data          20  timers.o(.bss)
    xStaticTimerQueue                        0x20000820   Data          72  timers.o(.bss)
    ucStaticTimerQueueStorage                0x20000868   Data         120  timers.o(.bss)
    .bss                                     0x200008e0   Section     3072  heap_4.o(.bss)
    ucHeap                                   0x200008e0   Data        3072  heap_4.o(.bss)
    .bss                                     0x200014e0   Section       48  communication.o(.bss)
    .bss                                     0x20001510   Section      280  motor_controller.o(.bss)
    .bss                                     0x20001628   Section       96  libspace.o(.bss)
    HEAP                                     0x20001688   Section      512  startup_stm32f103xb.o(HEAP)
    Heap_Mem                                 0x20001688   Data         512  startup_stm32f103xb.o(HEAP)
    STACK                                    0x20001888   Section     1024  startup_stm32f103xb.o(STACK)
    Stack_Mem                                0x20001888   Data        1024  startup_stm32f103xb.o(STACK)
    __initial_sp                             0x20001c88   Data           0  startup_stm32f103xb.o(STACK)

    Global Symbols

    Symbol Name                              Value     Ov Type        Size  Object(Section)

    BuildAttributes$$THM_ISAv4$P$D$K$B$S$PE$A:L22UL41UL21$X:L11$S22US41US21$IEEE1$IW$USESV6$~STKCKD$USESV7$~SHL$OSPACE$ROPI$EBA8$UX$STANDARDLIB$REQ8$PRES8$EABIv2 0x00000000   Number         0  anon$$obj.o ABSOLUTE
    __ARM_use_no_argv                        0x00000000   Number         0  main.o ABSOLUTE
    __ARM_exceptions_init                     - Undefined Weak Reference
    __alloca_initialize                       - Undefined Weak Reference
    __arm_fini_                               - Undefined Weak Reference
    __arm_preinit_                            - Undefined Weak Reference
    __cpp_initialize__aeabi_                  - Undefined Weak Reference
    __cxa_finalize                            - Undefined Weak Reference
    __rt_locale                               - Undefined Weak Reference
    __sigvec_lookup                           - Undefined Weak Reference
    _atexit_init                              - Undefined Weak Reference
    _call_atexit_fns                          - Undefined Weak Reference
    _clock_init                               - Undefined Weak Reference
    _fp_trap_init                             - Undefined Weak Reference
    _fp_trap_shutdown                         - Undefined Weak Reference
    _get_lc_collate                           - Undefined Weak Reference
    _get_lc_ctype                             - Undefined Weak Reference
    _get_lc_monetary                          - Undefined Weak Reference
    _get_lc_numeric                           - Undefined Weak Reference
    _get_lc_time                              - Undefined Weak Reference
    _getenv_init                              - Undefined Weak Reference
    _handle_redirection                       - Undefined Weak Reference
    _init_alloc                               - Undefined Weak Reference
    _init_user_alloc                          - Undefined Weak Reference
    _initio                                   - Undefined Weak Reference
    _rand_init                                - Undefined Weak Reference
    _signal_finish                            - Undefined Weak Reference
    _signal_init                              - Undefined Weak Reference
    _terminate_alloc                          - Undefined Weak Reference
    _terminate_user_alloc                     - Undefined Weak Reference
    _terminateio                              - Undefined Weak Reference
    __Vectors_Size                           0x000000ec   Number         0  startup_stm32f103xb.o ABSOLUTE
    __Vectors                                0x08000000   Data           4  startup_stm32f103xb.o(RESET)
    __Vectors_End                            0x080000ec   Data           0  startup_stm32f103xb.o(RESET)
    __main                                   0x080000ed   Thumb Code     8  __main.o(!!!main)
    __scatterload                            0x080000f5   Thumb Code     0  __scatter.o(!!!scatter)
    __scatterload_rt2                        0x080000f5   Thumb Code    44  __scatter.o(!!!scatter)
    __scatterload_rt2_thumb_only             0x080000f5   Thumb Code     0  __scatter.o(!!!scatter)
    __scatterload_null                       0x08000103   Thumb Code     0  __scatter.o(!!!scatter)
    __scatterload_copy                       0x08000129   Thumb Code    26  __scatter_copy.o(!!handler_copy)
    __scatterload_zeroinit                   0x08000145   Thumb Code    28  __scatter_zi.o(!!handler_zi)
    __rt_lib_init                            0x08000161   Thumb Code     0  libinit.o(.ARM.Collect$$libinit$$00000000)
    __rt_lib_init_alloca_1                   0x08000163   Thumb Code     0  libinit2.o(.ARM.Collect$$libinit$$0000002E)
    __rt_lib_init_argv_1                     0x08000163   Thumb Code     0  libinit2.o(.ARM.Collect$$libinit$$0000002C)
    __rt_lib_init_atexit_1                   0x08000163   Thumb Code     0  libinit2.o(.ARM.Collect$$libinit$$0000001B)
    __rt_lib_init_clock_1                    0x08000163   Thumb Code     0  libinit2.o(.ARM.Collect$$libinit$$00000021)
    __rt_lib_init_cpp_1                      0x08000163   Thumb Code     0  libinit2.o(.ARM.Collect$$libinit$$00000032)
    __rt_lib_init_exceptions_1               0x08000163   Thumb Code     0  libinit2.o(.ARM.Collect$$libinit$$00000030)
    __rt_lib_init_fp_1                       0x08000163   Thumb Code     0  libinit2.o(.ARM.Collect$$libinit$$00000002)
    __rt_lib_init_fp_trap_1                  0x08000163   Thumb Code     0  libinit2.o(.ARM.Collect$$libinit$$0000001F)
    __rt_lib_init_getenv_1                   0x08000163   Thumb Code     0  libinit2.o(.ARM.Collect$$libinit$$00000023)
    __rt_lib_init_heap_1                     0x08000163   Thumb Code     0  libinit2.o(.ARM.Collect$$libinit$$0000000A)
    __rt_lib_init_lc_collate_1               0x08000163   Thumb Code     0  libinit2.o(.ARM.Collect$$libinit$$00000011)
    __rt_lib_init_lc_ctype_1                 0x08000163   Thumb Code     0  libinit2.o(.ARM.Collect$$libinit$$00000013)
    __rt_lib_init_lc_monetary_1              0x08000163   Thumb Code     0  libinit2.o(.ARM.Collect$$libinit$$00000015)
    __rt_lib_init_lc_numeric_1               0x08000163   Thumb Code     0  libinit2.o(.ARM.Collect$$libinit$$00000017)
    __rt_lib_init_lc_time_1                  0x08000163   Thumb Code     0  libinit2.o(.ARM.Collect$$libinit$$00000019)
    __rt_lib_init_preinit_1                  0x08000163   Thumb Code     0  libinit2.o(.ARM.Collect$$libinit$$00000004)
    __rt_lib_init_rand_1                     0x08000163   Thumb Code     0  libinit2.o(.ARM.Collect$$libinit$$0000000E)
    __rt_lib_init_return                     0x08000163   Thumb Code     0  libinit2.o(.ARM.Collect$$libinit$$00000033)
    __rt_lib_init_signal_1                   0x08000163   Thumb Code     0  libinit2.o(.ARM.Collect$$libinit$$0000001D)
    __rt_lib_init_stdio_1                    0x08000163   Thumb Code     0  libinit2.o(.ARM.Collect$$libinit$$00000025)
    __rt_lib_init_user_alloc_1               0x08000163   Thumb Code     0  libinit2.o(.ARM.Collect$$libinit$$0000000C)
    __rt_lib_shutdown                        0x08000165   Thumb Code     0  libshutdown.o(.ARM.Collect$$libshutdown$$00000000)
    __rt_lib_shutdown_cpp_1                  0x08000167   Thumb Code     0  libshutdown2.o(.ARM.Collect$$libshutdown$$00000004)
    __rt_lib_shutdown_fini_1                 0x08000167   Thumb Code     0  libshutdown2.o(.ARM.Collect$$libshutdown$$00000002)
    __rt_lib_shutdown_fp_trap_1              0x08000167   Thumb Code     0  libshutdown2.o(.ARM.Collect$$libshutdown$$00000009)
    __rt_lib_shutdown_heap_1                 0x08000167   Thumb Code     0  libshutdown2.o(.ARM.Collect$$libshutdown$$00000011)
    __rt_lib_shutdown_return                 0x08000167   Thumb Code     0  libshutdown2.o(.ARM.Collect$$libshutdown$$00000012)
    __rt_lib_shutdown_signal_1               0x08000167   Thumb Code     0  libshutdown2.o(.ARM.Collect$$libshutdown$$0000000C)
    __rt_lib_shutdown_stdio_1                0x08000167   Thumb Code     0  libshutdown2.o(.ARM.Collect$$libshutdown$$00000006)
    __rt_lib_shutdown_user_alloc_1           0x08000167   Thumb Code     0  libshutdown2.o(.ARM.Collect$$libshutdown$$0000000E)
    __rt_entry                               0x08000169   Thumb Code     0  __rtentry.o(.ARM.Collect$$rtentry$$00000000)
    __rt_entry_presh_1                       0x08000169   Thumb Code     0  __rtentry2.o(.ARM.Collect$$rtentry$$00000002)
    __rt_entry_sh                            0x08000169   Thumb Code     0  __rtentry4.o(.ARM.Collect$$rtentry$$00000004)
    __rt_entry_li                            0x0800016f   Thumb Code     0  __rtentry2.o(.ARM.Collect$$rtentry$$0000000A)
    __rt_entry_postsh_1                      0x0800016f   Thumb Code     0  __rtentry2.o(.ARM.Collect$$rtentry$$00000009)
    __rt_entry_main                          0x08000173   Thumb Code     0  __rtentry2.o(.ARM.Collect$$rtentry$$0000000D)
    __rt_entry_postli_1                      0x08000173   Thumb Code     0  __rtentry2.o(.ARM.Collect$$rtentry$$0000000C)
    __rt_exit                                0x0800017b   Thumb Code     0  rtexit.o(.ARM.Collect$$rtexit$$00000000)
    __rt_exit_ls                             0x0800017d   Thumb Code     0  rtexit2.o(.ARM.Collect$$rtexit$$00000003)
    __rt_exit_prels_1                        0x0800017d   Thumb Code     0  rtexit2.o(.ARM.Collect$$rtexit$$00000002)
    __rt_exit_exit                           0x08000181   Thumb Code     0  rtexit2.o(.ARM.Collect$$rtexit$$00000004)
    SVC_Handler                              0x08000189   Thumb Code    32  port.o(.emb_text)
    __asm___6_port_c_39a90d8d__prvStartFirstTask 0x080001ad   Thumb Code    28  port.o(.emb_text)
    PendSV_Handler                           0x080001cd   Thumb Code    72  port.o(.emb_text)
    vPortGetIPSR                             0x08000219   Thumb Code     6  port.o(.emb_text)
    Reset_Handler                            0x08000221   Thumb Code     8  startup_stm32f103xb.o(.text)
    ADC1_2_IRQHandler                        0x0800023b   Thumb Code     0  startup_stm32f103xb.o(.text)
    CAN1_RX1_IRQHandler                      0x0800023b   Thumb Code     0  startup_stm32f103xb.o(.text)
    CAN1_SCE_IRQHandler                      0x0800023b   Thumb Code     0  startup_stm32f103xb.o(.text)
    DMA1_Channel1_IRQHandler                 0x0800023b   Thumb Code     0  startup_stm32f103xb.o(.text)
    DMA1_Channel2_IRQHandler                 0x0800023b   Thumb Code     0  startup_stm32f103xb.o(.text)
    DMA1_Channel3_IRQHandler                 0x0800023b   Thumb Code     0  startup_stm32f103xb.o(.text)
    DMA1_Channel4_IRQHandler                 0x0800023b   Thumb Code     0  startup_stm32f103xb.o(.text)
    DMA1_Channel5_IRQHandler                 0x0800023b   Thumb Code     0  startup_stm32f103xb.o(.text)
    DMA1_Channel6_IRQHandler                 0x0800023b   Thumb Code     0  startup_stm32f103xb.o(.text)
    DMA1_Channel7_IRQHandler                 0x0800023b   Thumb Code     0  startup_stm32f103xb.o(.text)
    EXTI0_IRQHandler                         0x0800023b   Thumb Code     0  startup_stm32f103xb.o(.text)
    EXTI15_10_IRQHandler                     0x0800023b   Thumb Code     0  startup_stm32f103xb.o(.text)
    EXTI1_IRQHandler                         0x0800023b   Thumb Code     0  startup_stm32f103xb.o(.text)
    EXTI3_IRQHandler                         0x0800023b   Thumb Code     0  startup_stm32f103xb.o(.text)
    EXTI4_IRQHandler                         0x0800023b   Thumb Code     0  startup_stm32f103xb.o(.text)
    EXTI9_5_IRQHandler                       0x0800023b   Thumb Code     0  startup_stm32f103xb.o(.text)
    FLASH_IRQHandler                         0x0800023b   Thumb Code     0  startup_stm32f103xb.o(.text)
    I2C1_ER_IRQHandler                       0x0800023b   Thumb Code     0  startup_stm32f103xb.o(.text)
    I2C1_EV_IRQHandler                       0x0800023b   Thumb Code     0  startup_stm32f103xb.o(.text)
    I2C2_ER_IRQHandler                       0x0800023b   Thumb Code     0  startup_stm32f103xb.o(.text)
    I2C2_EV_IRQHandler                       0x0800023b   Thumb Code     0  startup_stm32f103xb.o(.text)
    PVD_IRQHandler                           0x0800023b   Thumb Code     0  startup_stm32f103xb.o(.text)
    RCC_IRQHandler                           0x0800023b   Thumb Code     0  startup_stm32f103xb.o(.text)
    RTC_Alarm_IRQHandler                     0x0800023b   Thumb Code     0  startup_stm32f103xb.o(.text)
    RTC_IRQHandler                           0x0800023b   Thumb Code     0  startup_stm32f103xb.o(.text)
    SPI1_IRQHandler                          0x0800023b   Thumb Code     0  startup_stm32f103xb.o(.text)
    SPI2_IRQHandler                          0x0800023b   Thumb Code     0  startup_stm32f103xb.o(.text)
    TAMPER_IRQHandler                        0x0800023b   Thumb Code     0  startup_stm32f103xb.o(.text)
    TIM1_BRK_IRQHandler                      0x0800023b   Thumb Code     0  startup_stm32f103xb.o(.text)
    TIM1_CC_IRQHandler                       0x0800023b   Thumb Code     0  startup_stm32f103xb.o(.text)
    TIM1_TRG_COM_IRQHandler                  0x0800023b   Thumb Code     0  startup_stm32f103xb.o(.text)
    TIM2_IRQHandler                          0x0800023b   Thumb Code     0  startup_stm32f103xb.o(.text)
    TIM4_IRQHandler                          0x0800023b   Thumb Code     0  startup_stm32f103xb.o(.text)
    USART1_IRQHandler                        0x0800023b   Thumb Code     0  startup_stm32f103xb.o(.text)
    USART2_IRQHandler                        0x0800023b   Thumb Code     0  startup_stm32f103xb.o(.text)
    USART3_IRQHandler                        0x0800023b   Thumb Code     0  startup_stm32f103xb.o(.text)
    USBWakeUp_IRQHandler                     0x0800023b   Thumb Code     0  startup_stm32f103xb.o(.text)
    USB_HP_CAN1_TX_IRQHandler                0x0800023b   Thumb Code     0  startup_stm32f103xb.o(.text)
    WWDG_IRQHandler                          0x0800023b   Thumb Code     0  startup_stm32f103xb.o(.text)
    __user_initial_stackheap                 0x0800023d   Thumb Code     0  startup_stm32f103xb.o(.text)
    __aeabi_llsr                             0x08000261   Thumb Code     0  llushr.o(.text)
    _ll_ushift_r                             0x08000261   Thumb Code    38  llushr.o(.text)
    __aeabi_memcpy                           0x08000287   Thumb Code     0  rt_memcpy_v6.o(.text)
    __rt_memcpy                              0x08000287   Thumb Code   138  rt_memcpy_v6.o(.text)
    _memcpy_lastbytes                        0x080002ed   Thumb Code     0  rt_memcpy_v6.o(.text)
    __aeabi_memcpy4                          0x08000311   Thumb Code     0  rt_memcpy_w.o(.text)
    __aeabi_memcpy8                          0x08000311   Thumb Code     0  rt_memcpy_w.o(.text)
    __rt_memcpy_w                            0x08000311   Thumb Code   100  rt_memcpy_w.o(.text)
    _memcpy_lastbytes_aligned                0x08000359   Thumb Code     0  rt_memcpy_w.o(.text)
    __aeabi_memclr4                          0x08000375   Thumb Code     0  rt_memclr_w.o(.text)
    __aeabi_memclr8                          0x08000375   Thumb Code     0  rt_memclr_w.o(.text)
    __rt_memclr_w                            0x08000375   Thumb Code    78  rt_memclr_w.o(.text)
    _memset_w                                0x08000379   Thumb Code     0  rt_memclr_w.o(.text)
    __use_two_region_memory                  0x080003c3   Thumb Code     2  heapauxi.o(.text)
    __rt_heap_escrow$2region                 0x080003c5   Thumb Code     2  heapauxi.o(.text)
    __rt_heap_expand$2region                 0x080003c7   Thumb Code     2  heapauxi.o(.text)
    __user_setup_stackheap                   0x080003c9   Thumb Code    74  sys_stackheap_outer.o(.text)
    exit                                     0x08000413   Thumb Code    18  exit.o(.text)
    __user_libspace                          0x08000425   Thumb Code     8  libspace.o(.text)
    __user_perproc_libspace                  0x08000425   Thumb Code     0  libspace.o(.text)
    __user_perthread_libspace                0x08000425   Thumb Code     0  libspace.o(.text)
    _sys_exit                                0x0800042d   Thumb Code     8  sys_exit.o(.text)
    __I$use$semihosting                      0x08000439   Thumb Code     0  use_no_semi.o(.text)
    __use_no_semihosting_swi                 0x08000439   Thumb Code     2  use_no_semi.o(.text)
    __semihosting_library_function           0x0800043b   Thumb Code     0  indicate_semi.o(.text)
    AS5047_read                              0x0800043d   Thumb Code    88  get_vel.o(i.AS5047_read)
    BusFault_Handler                         0x080004a1   Thumb Code     2  stm32f1xx_it.o(i.BusFault_Handler)
    CAN_Filter_configure                     0x080004a5   Thumb Code    58  communication.o(i.CAN_Filter_configure)
    DebugMon_Handler                         0x080004e9   Thumb Code     2  stm32f1xx_it.o(i.DebugMon_Handler)
    EXTI2_IRQHandler                         0x080004eb   Thumb Code     6  stm32f1xx_it.o(i.EXTI2_IRQHandler)
    Error_Handler                            0x080004f1   Thumb Code     4  main.o(i.Error_Handler)
    Error_LED                                0x080004f5   Thumb Code    48  motor_update.o(i.Error_LED)
    FLASH_PageErase                          0x08000551   Thumb Code    28  stm32f1xx_hal_flash_ex.o(i.FLASH_PageErase)
    FLASH_WaitForLastOperation               0x080005ed   Thumb Code    80  stm32f1xx_hal_flash.o(i.FLASH_WaitForLastOperation)
    HAL_CAN_ActivateNotification             0x08000641   Thumb Code    36  stm32f1xx_hal_can.o(i.HAL_CAN_ActivateNotification)
    HAL_CAN_AddTxMessage                     0x08000665   Thumb Code   208  stm32f1xx_hal_can.o(i.HAL_CAN_AddTxMessage)
    HAL_CAN_ConfigFilter                     0x08000735   Thumb Code   238  stm32f1xx_hal_can.o(i.HAL_CAN_ConfigFilter)
    HAL_CAN_DeactivateNotification           0x08000823   Thumb Code    36  stm32f1xx_hal_can.o(i.HAL_CAN_DeactivateNotification)
    HAL_CAN_ErrorCallback                    0x08000847   Thumb Code     2  stm32f1xx_hal_can.o(i.HAL_CAN_ErrorCallback)
    HAL_CAN_GetRxMessage                     0x08000849   Thumb Code   244  stm32f1xx_hal_can.o(i.HAL_CAN_GetRxMessage)
    HAL_CAN_GetTxMailboxesFreeLevel          0x0800093d   Thumb Code    44  stm32f1xx_hal_can.o(i.HAL_CAN_GetTxMailboxesFreeLevel)
    HAL_CAN_IRQHandler                       0x08000969   Thumb Code   508  stm32f1xx_hal_can.o(i.HAL_CAN_IRQHandler)
    HAL_CAN_Init                             0x08000b65   Thumb Code   282  stm32f1xx_hal_can.o(i.HAL_CAN_Init)
    HAL_CAN_MspInit                          0x08000c81   Thumb Code   112  can.o(i.HAL_CAN_MspInit)
    HAL_CAN_RxFifo0FullCallback              0x08000cfd   Thumb Code     2  stm32f1xx_hal_can.o(i.HAL_CAN_RxFifo0FullCallback)
    HAL_CAN_RxFifo0MsgPendingCallback        0x08000d01   Thumb Code   106  communication.o(i.HAL_CAN_RxFifo0MsgPendingCallback)
    HAL_CAN_RxFifo1FullCallback              0x08000d85   Thumb Code     2  stm32f1xx_hal_can.o(i.HAL_CAN_RxFifo1FullCallback)
    HAL_CAN_RxFifo1MsgPendingCallback        0x08000d87   Thumb Code     2  stm32f1xx_hal_can.o(i.HAL_CAN_RxFifo1MsgPendingCallback)
    HAL_CAN_SendTxMessage                    0x08000d89   Thumb Code    60  communication.o(i.HAL_CAN_SendTxMessage)
    HAL_CAN_SleepCallback                    0x08000dcd   Thumb Code     2  stm32f1xx_hal_can.o(i.HAL_CAN_SleepCallback)
    HAL_CAN_Start                            0x08000dd1   Thumb Code    88  stm32f1xx_hal_can.o(i.HAL_CAN_Start)
    HAL_CAN_TxMailbox0AbortCallback          0x08000e29   Thumb Code     2  stm32f1xx_hal_can.o(i.HAL_CAN_TxMailbox0AbortCallback)
    HAL_CAN_TxMailbox0CompleteCallback       0x08000e2b   Thumb Code     2  stm32f1xx_hal_can.o(i.HAL_CAN_TxMailbox0CompleteCallback)
    HAL_CAN_TxMailbox1AbortCallback          0x08000e2d   Thumb Code     2  stm32f1xx_hal_can.o(i.HAL_CAN_TxMailbox1AbortCallback)
    HAL_CAN_TxMailbox1CompleteCallback       0x08000e2f   Thumb Code     2  stm32f1xx_hal_can.o(i.HAL_CAN_TxMailbox1CompleteCallback)
    HAL_CAN_TxMailbox2AbortCallback          0x08000e31   Thumb Code     2  stm32f1xx_hal_can.o(i.HAL_CAN_TxMailbox2AbortCallback)
    HAL_CAN_TxMailbox2CompleteCallback       0x08000e33   Thumb Code     2  stm32f1xx_hal_can.o(i.HAL_CAN_TxMailbox2CompleteCallback)
    HAL_CAN_WakeUpFromRxMsgCallback          0x08000e35   Thumb Code     2  stm32f1xx_hal_can.o(i.HAL_CAN_WakeUpFromRxMsgCallback)
    HAL_Delay                                0x08000e39   Thumb Code    32  stm32f1xx_hal.o(i.HAL_Delay)
    HAL_FLASHEx_Erase                        0x08000e5d   Thumb Code   160  stm32f1xx_hal_flash_ex.o(i.HAL_FLASHEx_Erase)
    HAL_FLASH_Lock                           0x08000f05   Thumb Code    14  stm32f1xx_hal_flash.o(i.HAL_FLASH_Lock)
    HAL_FLASH_Program                        0x08000f19   Thumb Code   120  stm32f1xx_hal_flash.o(i.HAL_FLASH_Program)
    HAL_FLASH_Unlock                         0x08000f99   Thumb Code    28  stm32f1xx_hal_flash.o(i.HAL_FLASH_Unlock)
    HAL_GPIO_EXTI_Callback                   0x08000fc1   Thumb Code    52  key_id.o(i.HAL_GPIO_EXTI_Callback)
    HAL_GPIO_EXTI_IRQHandler                 0x08000ffd   Thumb Code    18  stm32f1xx_hal_gpio.o(i.HAL_GPIO_EXTI_IRQHandler)
    HAL_GPIO_Init                            0x08001015   Thumb Code   446  stm32f1xx_hal_gpio.o(i.HAL_GPIO_Init)
    HAL_GPIO_ReadPin                         0x080011f5   Thumb Code    10  stm32f1xx_hal_gpio.o(i.HAL_GPIO_ReadPin)
    HAL_GPIO_TogglePin                       0x080011ff   Thumb Code    16  stm32f1xx_hal_gpio.o(i.HAL_GPIO_TogglePin)
    HAL_GPIO_WritePin                        0x0800120f   Thumb Code    10  stm32f1xx_hal_gpio.o(i.HAL_GPIO_WritePin)
    HAL_GetTick                              0x08001219   Thumb Code     6  stm32f1xx_hal.o(i.HAL_GetTick)
    HAL_IncTick                              0x08001225   Thumb Code    12  stm32f1xx_hal.o(i.HAL_IncTick)
    HAL_Init                                 0x08001235   Thumb Code    32  stm32f1xx_hal.o(i.HAL_Init)
    HAL_InitTick                             0x08001259   Thumb Code   118  stm32f1xx_hal_timebase_tim.o(i.HAL_InitTick)
    HAL_MspInit                              0x080012e5   Thumb Code    62  stm32f1xx_hal_msp.o(i.HAL_MspInit)
    HAL_NVIC_EnableIRQ                       0x0800132d   Thumb Code    26  stm32f1xx_hal_cortex.o(i.HAL_NVIC_EnableIRQ)
    HAL_NVIC_SetPriority                     0x08001349   Thumb Code    60  stm32f1xx_hal_cortex.o(i.HAL_NVIC_SetPriority)
    HAL_NVIC_SetPriorityGrouping             0x08001389   Thumb Code    26  stm32f1xx_hal_cortex.o(i.HAL_NVIC_SetPriorityGrouping)
    HAL_RCC_ClockConfig                      0x080013ad   Thumb Code   280  stm32f1xx_hal_rcc.o(i.HAL_RCC_ClockConfig)
    HAL_RCC_GetClockConfig                   0x080014d9   Thumb Code    54  stm32f1xx_hal_rcc.o(i.HAL_RCC_GetClockConfig)
    HAL_RCC_GetPCLK2Freq                     0x08001519   Thumb Code    20  stm32f1xx_hal_rcc.o(i.HAL_RCC_GetPCLK2Freq)
    HAL_RCC_GetSysClockFreq                  0x08001539   Thumb Code    58  stm32f1xx_hal_rcc.o(i.HAL_RCC_GetSysClockFreq)
    HAL_RCC_OscConfig                        0x08001585   Thumb Code   778  stm32f1xx_hal_rcc.o(i.HAL_RCC_OscConfig)
    HAL_SPI_Init                             0x080018a5   Thumb Code   178  stm32f1xx_hal_spi.o(i.HAL_SPI_Init)
    HAL_SPI_MspInit                          0x08001959   Thumb Code   102  spi.o(i.HAL_SPI_MspInit)
    HAL_SPI_Transmit                         0x080019cd   Thumb Code   366  stm32f1xx_hal_spi.o(i.HAL_SPI_Transmit)
    HAL_SPI_TransmitReceive                  0x08001b3b   Thumb Code   494  stm32f1xx_hal_spi.o(i.HAL_SPI_TransmitReceive)
    HAL_TIMEx_BreakCallback                  0x08001d29   Thumb Code     2  stm32f1xx_hal_tim_ex.o(i.HAL_TIMEx_BreakCallback)
    HAL_TIMEx_CommutCallback                 0x08001d2b   Thumb Code     2  stm32f1xx_hal_tim_ex.o(i.HAL_TIMEx_CommutCallback)
    HAL_TIMEx_MasterConfigSynchronization    0x08001d2d   Thumb Code    92  stm32f1xx_hal_tim_ex.o(i.HAL_TIMEx_MasterConfigSynchronization)
    HAL_TIM_Base_Init                        0x08001d95   Thumb Code    90  stm32f1xx_hal_tim.o(i.HAL_TIM_Base_Init)
    HAL_TIM_Base_MspInit                     0x08001df1   Thumb Code    72  tim.o(i.HAL_TIM_Base_MspInit)
    HAL_TIM_Base_Start                       0x08001e41   Thumb Code    66  stm32f1xx_hal_tim.o(i.HAL_TIM_Base_Start)
    HAL_TIM_Base_Start_IT                    0x08001e91   Thumb Code    76  stm32f1xx_hal_tim.o(i.HAL_TIM_Base_Start_IT)
    HAL_TIM_ConfigClockSource                0x08001ee9   Thumb Code   220  stm32f1xx_hal_tim.o(i.HAL_TIM_ConfigClockSource)
    HAL_TIM_IC_CaptureCallback               0x08001fc5   Thumb Code     2  stm32f1xx_hal_tim.o(i.HAL_TIM_IC_CaptureCallback)
    HAL_TIM_IRQHandler                       0x08001fc7   Thumb Code   358  stm32f1xx_hal_tim.o(i.HAL_TIM_IRQHandler)
    HAL_TIM_MspPostInit                      0x0800212d   Thumb Code    82  tim.o(i.HAL_TIM_MspPostInit)
    HAL_TIM_OC_DelayElapsedCallback          0x0800218d   Thumb Code     2  stm32f1xx_hal_tim.o(i.HAL_TIM_OC_DelayElapsedCallback)
    HAL_TIM_PWM_ConfigChannel                0x0800218f   Thumb Code   204  stm32f1xx_hal_tim.o(i.HAL_TIM_PWM_ConfigChannel)
    HAL_TIM_PWM_Init                         0x0800225b   Thumb Code    90  stm32f1xx_hal_tim.o(i.HAL_TIM_PWM_Init)
    HAL_TIM_PWM_MspInit                      0x080022b5   Thumb Code     2  stm32f1xx_hal_tim.o(i.HAL_TIM_PWM_MspInit)
    HAL_TIM_PWM_PulseFinishedCallback        0x080022b7   Thumb Code     2  stm32f1xx_hal_tim.o(i.HAL_TIM_PWM_PulseFinishedCallback)
    HAL_TIM_PWM_Start                        0x080022b9   Thumb Code   144  stm32f1xx_hal_tim.o(i.HAL_TIM_PWM_Start)
    HAL_TIM_PeriodElapsedCallback            0x08002355   Thumb Code    34  main.o(i.HAL_TIM_PeriodElapsedCallback)
    HAL_TIM_TriggerCallback                  0x08002381   Thumb Code     2  stm32f1xx_hal_tim.o(i.HAL_TIM_TriggerCallback)
    HardFault_Handler                        0x08002383   Thumb Code     2  stm32f1xx_it.o(i.HardFault_Handler)
    IDLEDAndIDSet                            0x08002385   Thumb Code    78  key_id.o(i.IDLEDAndIDSet)
    ID_init                                  0x080023dd   Thumb Code    64  key_id.o(i.ID_init)
    MX_CAN_Init                              0x08002425   Thumb Code    60  can.o(i.MX_CAN_Init)
    MX_FREERTOS_Init                         0x08002469   Thumb Code   100  freertos.o(i.MX_FREERTOS_Init)
    MX_GPIO_Init                             0x080024d9   Thumb Code   188  gpio.o(i.MX_GPIO_Init)
    MX_SPI2_Init                             0x080025a5   Thumb Code    66  spi.o(i.MX_SPI2_Init)
    MX_TIM2_Init                             0x080025f1   Thumb Code   162  tim.o(i.MX_TIM2_Init)
    MX_TIM3_Init                             0x08002699   Thumb Code    96  tim.o(i.MX_TIM3_Init)
    MemManage_Handler                        0x08002701   Thumb Code     2  stm32f1xx_it.o(i.MemManage_Handler)
    Motor_Update                             0x08002705   Thumb Code    42  motor_update.o(i.Motor_Update)
    NMI_Handler                              0x08002739   Thumb Code     2  stm32f1xx_it.o(i.NMI_Handler)
    StartDefaultTask                         0x08002815   Thumb Code     8  freertos.o(i.StartDefaultTask)
    SysTick_Handler                          0x0800281d   Thumb Code    38  port.o(i.SysTick_Handler)
    SystemClock_Config                       0x08002849   Thumb Code    92  main.o(i.SystemClock_Config)
    SystemInit                               0x080028a5   Thumb Code     2  system_stm32f1xx.o(i.SystemInit)
    TIM1_UP_IRQHandler                       0x080028a9   Thumb Code     6  stm32f1xx_it.o(i.TIM1_UP_IRQHandler)
    TIM3_IRQHandler                          0x080028b5   Thumb Code     6  stm32f1xx_it.o(i.TIM3_IRQHandler)
    TIM3_NVIC_Callback                       0x080028c1   Thumb Code    76  get_vel.o(i.TIM3_NVIC_Callback)
    TIM_Base_SetConfig                       0x08002919   Thumb Code    94  stm32f1xx_hal_tim.o(i.TIM_Base_SetConfig)
    TIM_CCxChannelCmd                        0x08002985   Thumb Code    26  stm32f1xx_hal_tim.o(i.TIM_CCxChannelCmd)
    TIM_ETR_SetConfig                        0x0800299f   Thumb Code    20  stm32f1xx_hal_tim.o(i.TIM_ETR_SetConfig)
    TIM_OC2_SetConfig                        0x08002a15   Thumb Code    84  stm32f1xx_hal_tim.o(i.TIM_OC2_SetConfig)
    USB_LP_CAN1_RX0_IRQHandler               0x08002b51   Thumb Code     6  stm32f1xx_it.o(i.USB_LP_CAN1_RX0_IRQHandler)
    UsageFault_Handler                       0x08002b5d   Thumb Code     2  stm32f1xx_it.o(i.UsageFault_Handler)
    WriteID                                  0x08002b61   Thumb Code    74  key_id.o(i.WriteID)
    angle_controll_realize                   0x08002bd5   Thumb Code    30  motor_controller.o(i.angle_controll_realize)
    init_all                                 0x08002c01   Thumb Code    38  freertos.o(i.init_all)
    main                                     0x08002c31   Thumb Code    38  main.o(i.main)
    motor_controll_init                      0x08002c65   Thumb Code    54  motor_controller.o(i.motor_controll_init)
    motor_init                               0x08002ca1   Thumb Code   110  motor_controller.o(i.motor_init)
    motor_update                             0x08002d31   Thumb Code    18  motor_controller.o(i.motor_update)
    my_delay                                 0x08002d43   Thumb Code    14  motor_controller.o(i.my_delay)
    osDelay                                  0x08002d51   Thumb Code    14  cmsis_os.o(i.osDelay)
    osKernelStart                            0x08002d5f   Thumb Code    10  cmsis_os.o(i.osKernelStart)
    osThreadCreate                           0x08002d69   Thumb Code    84  cmsis_os.o(i.osThreadCreate)
    osTimerCreate                            0x08002dbd   Thumb Code    60  cmsis_os.o(i.osTimerCreate)
    osTimerStart                             0x08002dfd   Thumb Code    88  cmsis_os.o(i.osTimerStart)
    pid_init                                 0x08002e59   Thumb Code    36  motor_controller.o(i.pid_init)
    pid_realize                              0x08002e81   Thumb Code   178  motor_controller.o(i.pid_realize)
    pvPortMalloc                             0x080036a5   Thumb Code   210  heap_4.o(i.pvPortMalloc)
    pxPortInitialiseStack                    0x0800377d   Thumb Code    32  port.o(i.pxPortInitialiseStack)
    set_acceleration                         0x080037a1   Thumb Code    58  motor_controller.o(i.set_acceleration)
    speed_controll_realize                   0x080037e1   Thumb Code    18  motor_controller.o(i.speed_controll_realize)
    uxListRemove                             0x080037f3   Thumb Code    38  list.o(i.uxListRemove)
    vApplicationGetIdleTaskMemory            0x08003819   Thumb Code    16  freertos.o(i.vApplicationGetIdleTaskMemory)
    vApplicationGetTimerTaskMemory           0x0800382d   Thumb Code    16  freertos.o(i.vApplicationGetTimerTaskMemory)
    vListInitialise                          0x08003841   Thumb Code    22  list.o(i.vListInitialise)
    vListInitialiseItem                      0x08003857   Thumb Code     6  list.o(i.vListInitialiseItem)
    vListInsert                              0x0800385d   Thumb Code    48  list.o(i.vListInsert)
    vListInsertEnd                           0x0800388d   Thumb Code    24  list.o(i.vListInsertEnd)
    vPortEnterCritical                       0x080038a5   Thumb Code    54  port.o(i.vPortEnterCritical)
    vPortExitCritical                        0x080038e5   Thumb Code    34  port.o(i.vPortExitCritical)
    vPortFree                                0x0800390d   Thumb Code    88  heap_4.o(i.vPortFree)
    vPortSetupTimerInterrupt                 0x08003969   Thumb Code    32  port.o(i.vPortSetupTimerInterrupt)
    vPortValidateInterruptPriority           0x0800398d   Thumb Code    74  port.o(i.vPortValidateInterruptPriority)
    vQueueAddToRegistry                      0x080039e1   Thumb Code    34  queue.o(i.vQueueAddToRegistry)
    vQueueWaitForMessageRestricted           0x08003a09   Thumb Code    68  queue.o(i.vQueueWaitForMessageRestricted)
    vTaskDelay                               0x08003a4d   Thumb Code    66  tasks.o(i.vTaskDelay)
    vTaskInternalSetTimeOutState             0x08003a99   Thumb Code    12  tasks.o(i.vTaskInternalSetTimeOutState)
    vTaskMissedYield                         0x08003aa9   Thumb Code     8  tasks.o(i.vTaskMissedYield)
    vTaskPlaceOnEventList                    0x08003ab5   Thumb Code    44  tasks.o(i.vTaskPlaceOnEventList)
    vTaskPlaceOnEventListRestricted          0x08003ae5   Thumb Code    52  tasks.o(i.vTaskPlaceOnEventListRestricted)
    vTaskStartScheduler                      0x08003b1d   Thumb Code   118  tasks.o(i.vTaskStartScheduler)
    vTaskSuspendAll                          0x08003ba5   Thumb Code    10  tasks.o(i.vTaskSuspendAll)
    vTaskSwitchContext                       0x08003bb5   Thumb Code    82  tasks.o(i.vTaskSwitchContext)
    xPortStartScheduler                      0x08003c11   Thumb Code   154  port.o(i.xPortStartScheduler)
    xQueueGenericCreateStatic                0x08003cb9   Thumb Code   102  queue.o(i.xQueueGenericCreateStatic)
    xQueueGenericReset                       0x08003d21   Thumb Code   132  queue.o(i.xQueueGenericReset)
    xQueueGenericSend                        0x08003da9   Thumb Code   346  queue.o(i.xQueueGenericSend)
    xQueueGenericSendFromISR                 0x08003f09   Thumb Code   188  queue.o(i.xQueueGenericSendFromISR)
    xQueueReceive                            0x08003fc5   Thumb Code   308  queue.o(i.xQueueReceive)
    xTaskCheckForTimeOut                     0x080040fd   Thumb Code   112  tasks.o(i.xTaskCheckForTimeOut)
    xTaskCreate                              0x08004171   Thumb Code    90  tasks.o(i.xTaskCreate)
    xTaskCreateStatic                        0x080041cb   Thumb Code    86  tasks.o(i.xTaskCreateStatic)
    xTaskGetSchedulerState                   0x08004221   Thumb Code    22  tasks.o(i.xTaskGetSchedulerState)
    xTaskGetTickCount                        0x0800423d   Thumb Code     6  tasks.o(i.xTaskGetTickCount)
    xTaskIncrementTick                       0x08004249   Thumb Code   192  tasks.o(i.xTaskIncrementTick)
    xTaskPriorityDisinherit                  0x08004311   Thumb Code   144  tasks.o(i.xTaskPriorityDisinherit)
    xTaskRemoveFromEventList                 0x080043a9   Thumb Code   108  tasks.o(i.xTaskRemoveFromEventList)
    xTaskResumeAll                           0x0800441d   Thumb Code   182  tasks.o(i.xTaskResumeAll)
    xTimerCreate                             0x080044e1   Thumb Code    52  timers.o(i.xTimerCreate)
    xTimerCreateStatic                       0x08004515   Thumb Code    46  timers.o(i.xTimerCreateStatic)
    xTimerCreateTimerTask                    0x08004545   Thumb Code    78  timers.o(i.xTimerCreateTimerTask)
    xTimerGenericCommand                     0x080045a5   Thumb Code    92  timers.o(i.xTimerGenericCommand)
    __aeabi_fadd                             0x08004605   Thumb Code     0  faddsub_clz.o(x$fpl$fadd)
    _fadd                                    0x08004605   Thumb Code   196  faddsub_clz.o(x$fpl$fadd)
    __fpl_fcmp_Inf                           0x080046c9   Thumb Code    24  fcmpi.o(x$fpl$fcmpinf)
    __aeabi_f2iz                             0x080046e1   Thumb Code     0  ffix.o(x$fpl$ffix)
    _ffix                                    0x080046e1   Thumb Code    54  ffix.o(x$fpl$ffix)
    __aeabi_f2uiz                            0x08004719   Thumb Code     0  ffixu.o(x$fpl$ffixu)
    _ffixu                                   0x08004719   Thumb Code    62  ffixu.o(x$fpl$ffixu)
    __aeabi_i2f                              0x08004759   Thumb Code     0  fflt_clz.o(x$fpl$fflt)
    _fflt                                    0x08004759   Thumb Code    48  fflt_clz.o(x$fpl$fflt)
    __aeabi_cfcmple                          0x08004789   Thumb Code     0  fleqf.o(x$fpl$fleqf)
    _fcmple                                  0x08004789   Thumb Code   104  fleqf.o(x$fpl$fleqf)
    __fpl_fcmple_InfNaN                      0x080047db   Thumb Code     0  fleqf.o(x$fpl$fleqf)
    __aeabi_fmul                             0x080047f1   Thumb Code     0  fmul.o(x$fpl$fmul)
    _fmul                                    0x080047f1   Thumb Code   258  fmul.o(x$fpl$fmul)
    __fpl_fnaninf                            0x080048f3   Thumb Code   140  fnaninf.o(x$fpl$fnaninf)
    __fpl_fretinf                            0x0800497f   Thumb Code    10  fretinf.o(x$fpl$fretinf)
    __aeabi_cfrcmple                         0x08004989   Thumb Code     0  frleqf.o(x$fpl$frleqf)
    _frcmple                                 0x08004989   Thumb Code    98  frleqf.o(x$fpl$frleqf)
    __aeabi_frsub                            0x080049eb   Thumb Code     0  faddsub_clz.o(x$fpl$frsb)
    _frsb                                    0x080049eb   Thumb Code    20  faddsub_clz.o(x$fpl$frsb)
    __aeabi_fsub                             0x08004a01   Thumb Code     0  faddsub_clz.o(x$fpl$fsub)
    _fsub                                    0x08004a01   Thumb Code   234  faddsub_clz.o(x$fpl$fsub)
    __I$use$fp                               0x08004aea   Number         0  usenofp.o(x$fpl$usenofp)
    AHBPrescTable                            0x08004b46   Data          16  system_stm32f1xx.o(.constdata)
    APBPrescTable                            0x08004b56   Data           8  system_stm32f1xx.o(.constdata)
    Region$$Table$$Base                      0x08004b78   Number         0  anon$$obj.o(Region$$Table)
    Region$$Table$$Limit                     0x08004b98   Number         0  anon$$obj.o(Region$$Table)
    defaultTaskHandle                        0x20000000   Data           4  freertos.o(.data)
    Pid_TaskHandle                           0x20000004   Data           4  freertos.o(.data)
    IDTimerHandle                            0x20000008   Data           4  freertos.o(.data)
    Error_TimerHandle                        0x2000000c   Data           4  freertos.o(.data)
    uwTickFreq                               0x20000010   Data           1  stm32f1xx_hal.o(.data)
    uwTickPrio                               0x20000014   Data           4  stm32f1xx_hal.o(.data)
    uwTick                                   0x20000018   Data           4  stm32f1xx_hal.o(.data)
    SystemCoreClock                          0x2000001c   Data           4  system_stm32f1xx.o(.data)
    pxCurrentTCB                             0x20000020   Data           4  tasks.o(.data)
    FilterConfig                             0x20000094   Data          40  communication.o(.data)
    key                                      0x200000bc   Data           1  get_vel.o(.data)
    ID                                       0x200000c8   Data           1  key_id.o(.data)
    error_flag                               0x200000cc   Data           1  motor_update.o(.data)
    hcan                                     0x20000578   Data          40  can.o(.bss)
    hspi2                                    0x200005a0   Data          88  spi.o(.bss)
    htim2                                    0x200005f8   Data          72  tim.o(.bss)
    htim3                                    0x20000640   Data          72  tim.o(.bss)
    htim1                                    0x20000688   Data          72  stm32f1xx_hal_timebase_tim.o(.bss)
    pFlash                                   0x200006d0   Data          32  stm32f1xx_hal_flash.o(.bss)
    xQueueRegistry                           0x200006f0   Data          64  queue.o(.bss)
    TxHeader                                 0x200014e0   Data          24  communication.o(.bss)
    RxData                                   0x200014f8   Data          12  communication.o(.bss)
    TxData                                   0x20001504   Data          12  communication.o(.bss)
    motor                                    0x20001510   Data         144  motor_controller.o(.bss)
    speed_controller                         0x200015a0   Data          68  motor_controller.o(.bss)
    angle_controller                         0x200015e4   Data          68  motor_controller.o(.bss)
    __libspace_start                         0x20001628   Data          96  libspace.o(.bss)
    __temporary_stack_top$libspace           0x20001688   Data           0  libspace.o(.bss)



==============================================================================

Memory Map of the image

  Image Entry point : 0x080000ed

  Load Region LR_IROM1 (Base: 0x08000000, Size: 0x00004c68, Max: 0x00020000, ABSOLUTE)

    Execution Region ER_IROM1 (Exec base: 0x08000000, Load base: 0x08000000, Size: 0x00004b98, Max: 0x00020000, ABSOLUTE)

    Exec Addr    Load Addr    Size         Type   Attr      Idx    E Section Name        Object

    0x08000000   0x08000000   0x000000ec   Data   RO            3    RESET               startup_stm32f103xb.o
    0x080000ec   0x080000ec   0x00000008   Code   RO         4823  * !!!main             c_w.l(__main.o)
    0x080000f4   0x080000f4   0x00000034   Code   RO         5017    !!!scatter          c_w.l(__scatter.o)
    0x08000128   0x08000128   0x0000001a   Code   RO         5019    !!handler_copy      c_w.l(__scatter_copy.o)
    0x08000142   0x08000142   0x00000002   PAD
    0x08000144   0x08000144   0x0000001c   Code   RO         5021    !!handler_zi        c_w.l(__scatter_zi.o)
    0x08000160   0x08000160   0x00000002   Code   RO         4885    .ARM.Collect$$libinit$$00000000  c_w.l(libinit.o)
    0x08000162   0x08000162   0x00000000   Code   RO         4892    .ARM.Collect$$libinit$$00000002  c_w.l(libinit2.o)
    0x08000162   0x08000162   0x00000000   Code   RO         4894    .ARM.Collect$$libinit$$00000004  c_w.l(libinit2.o)
    0x08000162   0x08000162   0x00000000   Code   RO         4897    .ARM.Collect$$libinit$$0000000A  c_w.l(libinit2.o)
    0x08000162   0x08000162   0x00000000   Code   RO         4899    .ARM.Collect$$libinit$$0000000C  c_w.l(libinit2.o)
    0x08000162   0x08000162   0x00000000   Code   RO         4901    .ARM.Collect$$libinit$$0000000E  c_w.l(libinit2.o)
    0x08000162   0x08000162   0x00000000   Code   RO         4904    .ARM.Collect$$libinit$$00000011  c_w.l(libinit2.o)
    0x08000162   0x08000162   0x00000000   Code   RO         4906    .ARM.Collect$$libinit$$00000013  c_w.l(libinit2.o)
    0x08000162   0x08000162   0x00000000   Code   RO         4908    .ARM.Collect$$libinit$$00000015  c_w.l(libinit2.o)
    0x08000162   0x08000162   0x00000000   Code   RO         4910    .ARM.Collect$$libinit$$00000017  c_w.l(libinit2.o)
    0x08000162   0x08000162   0x00000000   Code   RO         4912    .ARM.Collect$$libinit$$00000019  c_w.l(libinit2.o)
    0x08000162   0x08000162   0x00000000   Code   RO         4914    .ARM.Collect$$libinit$$0000001B  c_w.l(libinit2.o)
    0x08000162   0x08000162   0x00000000   Code   RO         4916    .ARM.Collect$$libinit$$0000001D  c_w.l(libinit2.o)
    0x08000162   0x08000162   0x00000000   Code   RO         4918    .ARM.Collect$$libinit$$0000001F  c_w.l(libinit2.o)
    0x08000162   0x08000162   0x00000000   Code   RO         4920    .ARM.Collect$$libinit$$00000021  c_w.l(libinit2.o)
    0x08000162   0x08000162   0x00000000   Code   RO         4922    .ARM.Collect$$libinit$$00000023  c_w.l(libinit2.o)
    0x08000162   0x08000162   0x00000000   Code   RO         4924    .ARM.Collect$$libinit$$00000025  c_w.l(libinit2.o)
    0x08000162   0x08000162   0x00000000   Code   RO         4928    .ARM.Collect$$libinit$$0000002C  c_w.l(libinit2.o)
    0x08000162   0x08000162   0x00000000   Code   RO         4930    .ARM.Collect$$libinit$$0000002E  c_w.l(libinit2.o)
    0x08000162   0x08000162   0x00000000   Code   RO         4932    .ARM.Collect$$libinit$$00000030  c_w.l(libinit2.o)
    0x08000162   0x08000162   0x00000000   Code   RO         4934    .ARM.Collect$$libinit$$00000032  c_w.l(libinit2.o)
    0x08000162   0x08000162   0x00000002   Code   RO         4935    .ARM.Collect$$libinit$$00000033  c_w.l(libinit2.o)
    0x08000164   0x08000164   0x00000002   Code   RO         4955    .ARM.Collect$$libshutdown$$00000000  c_w.l(libshutdown.o)
    0x08000166   0x08000166   0x00000000   Code   RO         4968    .ARM.Collect$$libshutdown$$00000002  c_w.l(libshutdown2.o)
    0x08000166   0x08000166   0x00000000   Code   RO         4970    .ARM.Collect$$libshutdown$$00000004  c_w.l(libshutdown2.o)
    0x08000166   0x08000166   0x00000000   Code   RO         4972    .ARM.Collect$$libshutdown$$00000006  c_w.l(libshutdown2.o)
    0x08000166   0x08000166   0x00000000   Code   RO         4975    .ARM.Collect$$libshutdown$$00000009  c_w.l(libshutdown2.o)
    0x08000166   0x08000166   0x00000000   Code   RO         4978    .ARM.Collect$$libshutdown$$0000000C  c_w.l(libshutdown2.o)
    0x08000166   0x08000166   0x00000000   Code   RO         4980    .ARM.Collect$$libshutdown$$0000000E  c_w.l(libshutdown2.o)
    0x08000166   0x08000166   0x00000000   Code   RO         4983    .ARM.Collect$$libshutdown$$00000011  c_w.l(libshutdown2.o)
    0x08000166   0x08000166   0x00000002   Code   RO         4984    .ARM.Collect$$libshutdown$$00000012  c_w.l(libshutdown2.o)
    0x08000168   0x08000168   0x00000000   Code   RO         4849    .ARM.Collect$$rtentry$$00000000  c_w.l(__rtentry.o)
    0x08000168   0x08000168   0x00000000   Code   RO         4860    .ARM.Collect$$rtentry$$00000002  c_w.l(__rtentry2.o)
    0x08000168   0x08000168   0x00000006   Code   RO         4872    .ARM.Collect$$rtentry$$00000004  c_w.l(__rtentry4.o)
    0x0800016e   0x0800016e   0x00000000   Code   RO         4862    .ARM.Collect$$rtentry$$00000009  c_w.l(__rtentry2.o)
    0x0800016e   0x0800016e   0x00000004   Code   RO         4863    .ARM.Collect$$rtentry$$0000000A  c_w.l(__rtentry2.o)
    0x08000172   0x08000172   0x00000000   Code   RO         4865    .ARM.Collect$$rtentry$$0000000C  c_w.l(__rtentry2.o)
    0x08000172   0x08000172   0x00000008   Code   RO         4866    .ARM.Collect$$rtentry$$0000000D  c_w.l(__rtentry2.o)
    0x0800017a   0x0800017a   0x00000002   Code   RO         4889    .ARM.Collect$$rtexit$$00000000  c_w.l(rtexit.o)
    0x0800017c   0x0800017c   0x00000000   Code   RO         4937    .ARM.Collect$$rtexit$$00000002  c_w.l(rtexit2.o)
    0x0800017c   0x0800017c   0x00000004   Code   RO         4938    .ARM.Collect$$rtexit$$00000003  c_w.l(rtexit2.o)
    0x08000180   0x08000180   0x00000006   Code   RO         4939    .ARM.Collect$$rtexit$$00000004  c_w.l(rtexit2.o)
    0x08000186   0x08000186   0x00000002   PAD
    0x08000188   0x08000188   0x00000096   Code   RO         4475    .emb_text           port.o
    0x0800021e   0x0800021e   0x00000002   PAD
    0x08000220   0x08000220   0x00000040   Code   RO            4    .text               startup_stm32f103xb.o
    0x08000260   0x08000260   0x00000026   Code   RO         4811    .text               c_w.l(llushr.o)
    0x08000286   0x08000286   0x0000008a   Code   RO         4813    .text               c_w.l(rt_memcpy_v6.o)
    0x08000310   0x08000310   0x00000064   Code   RO         4815    .text               c_w.l(rt_memcpy_w.o)
    0x08000374   0x08000374   0x0000004e   Code   RO         4819    .text               c_w.l(rt_memclr_w.o)
    0x080003c2   0x080003c2   0x00000006   Code   RO         4821    .text               c_w.l(heapauxi.o)
    0x080003c8   0x080003c8   0x0000004a   Code   RO         4876    .text               c_w.l(sys_stackheap_outer.o)
    0x08000412   0x08000412   0x00000012   Code   RO         4878    .text               c_w.l(exit.o)
    0x08000424   0x08000424   0x00000008   Code   RO         4886    .text               c_w.l(libspace.o)
    0x0800042c   0x0800042c   0x0000000c   Code   RO         4947    .text               c_w.l(sys_exit.o)
    0x08000438   0x08000438   0x00000002   Code   RO         4958    .text               c_w.l(use_no_semi.o)
    0x0800043a   0x0800043a   0x00000000   Code   RO         4960    .text               c_w.l(indicate_semi.o)
    0x0800043a   0x0800043a   0x00000002   PAD
    0x0800043c   0x0800043c   0x00000064   Code   RO         4610    i.AS5047_read       get_vel.o
    0x080004a0   0x080004a0   0x00000002   Code   RO          442    i.BusFault_Handler  stm32f1xx_it.o
    0x080004a2   0x080004a2   0x00000002   PAD
    0x080004a4   0x080004a4   0x00000044   Code   RO         4555    i.CAN_Filter_configure  communication.o
    0x080004e8   0x080004e8   0x00000002   Code   RO          443    i.DebugMon_Handler  stm32f1xx_it.o
    0x080004ea   0x080004ea   0x00000006   Code   RO          444    i.EXTI2_IRQHandler  stm32f1xx_it.o
    0x080004f0   0x080004f0   0x00000004   Code   RO           13    i.Error_Handler     main.o
    0x080004f4   0x080004f4   0x00000038   Code   RO         4775    i.Error_LED         motor_update.o
    0x0800052c   0x0800052c   0x00000024   Code   RO         1677    i.FLASH_MassErase   stm32f1xx_hal_flash_ex.o
    0x08000550   0x08000550   0x00000024   Code   RO         1682    i.FLASH_PageErase   stm32f1xx_hal_flash_ex.o
    0x08000574   0x08000574   0x0000001c   Code   RO         1574    i.FLASH_Program_HalfWord  stm32f1xx_hal_flash.o
    0x08000590   0x08000590   0x0000005c   Code   RO         1575    i.FLASH_SetErrorCode  stm32f1xx_hal_flash.o
    0x080005ec   0x080005ec   0x00000054   Code   RO         1576    i.FLASH_WaitForLastOperation  stm32f1xx_hal_flash.o
    0x08000640   0x08000640   0x00000024   Code   RO          624    i.HAL_CAN_ActivateNotification  stm32f1xx_hal_can.o
    0x08000664   0x08000664   0x000000d0   Code   RO          625    i.HAL_CAN_AddTxMessage  stm32f1xx_hal_can.o
    0x08000734   0x08000734   0x000000ee   Code   RO          626    i.HAL_CAN_ConfigFilter  stm32f1xx_hal_can.o
    0x08000822   0x08000822   0x00000024   Code   RO          628    i.HAL_CAN_DeactivateNotification  stm32f1xx_hal_can.o
    0x08000846   0x08000846   0x00000002   Code   RO          629    i.HAL_CAN_ErrorCallback  stm32f1xx_hal_can.o
    0x08000848   0x08000848   0x000000f4   Code   RO          632    i.HAL_CAN_GetRxMessage  stm32f1xx_hal_can.o
    0x0800093c   0x0800093c   0x0000002c   Code   RO          634    i.HAL_CAN_GetTxMailboxesFreeLevel  stm32f1xx_hal_can.o
    0x08000968   0x08000968   0x000001fc   Code   RO          636    i.HAL_CAN_IRQHandler  stm32f1xx_hal_can.o
    0x08000b64   0x08000b64   0x0000011a   Code   RO          637    i.HAL_CAN_Init      stm32f1xx_hal_can.o
    0x08000c7e   0x08000c7e   0x00000002   PAD
    0x08000c80   0x08000c80   0x0000007c   Code   RO          305    i.HAL_CAN_MspInit   can.o
    0x08000cfc   0x08000cfc   0x00000002   Code   RO          644    i.HAL_CAN_RxFifo0FullCallback  stm32f1xx_hal_can.o
    0x08000cfe   0x08000cfe   0x00000002   PAD
    0x08000d00   0x08000d00   0x00000084   Code   RO         4556    i.HAL_CAN_RxFifo0MsgPendingCallback  communication.o
    0x08000d84   0x08000d84   0x00000002   Code   RO          646    i.HAL_CAN_RxFifo1FullCallback  stm32f1xx_hal_can.o
    0x08000d86   0x08000d86   0x00000002   Code   RO          647    i.HAL_CAN_RxFifo1MsgPendingCallback  stm32f1xx_hal_can.o
    0x08000d88   0x08000d88   0x00000044   Code   RO         4557    i.HAL_CAN_SendTxMessage  communication.o
    0x08000dcc   0x08000dcc   0x00000002   Code   RO          648    i.HAL_CAN_SleepCallback  stm32f1xx_hal_can.o
    0x08000dce   0x08000dce   0x00000002   PAD
    0x08000dd0   0x08000dd0   0x00000058   Code   RO          649    i.HAL_CAN_Start     stm32f1xx_hal_can.o
    0x08000e28   0x08000e28   0x00000002   Code   RO          651    i.HAL_CAN_TxMailbox0AbortCallback  stm32f1xx_hal_can.o
    0x08000e2a   0x08000e2a   0x00000002   Code   RO          652    i.HAL_CAN_TxMailbox0CompleteCallback  stm32f1xx_hal_can.o
    0x08000e2c   0x08000e2c   0x00000002   Code   RO          653    i.HAL_CAN_TxMailbox1AbortCallback  stm32f1xx_hal_can.o
    0x08000e2e   0x08000e2e   0x00000002   Code   RO          654    i.HAL_CAN_TxMailbox1CompleteCallback  stm32f1xx_hal_can.o
    0x08000e30   0x08000e30   0x00000002   Code   RO          655    i.HAL_CAN_TxMailbox2AbortCallback  stm32f1xx_hal_can.o
    0x08000e32   0x08000e32   0x00000002   Code   RO          656    i.HAL_CAN_TxMailbox2CompleteCallback  stm32f1xx_hal_can.o
    0x08000e34   0x08000e34   0x00000002   Code   RO          658    i.HAL_CAN_WakeUpFromRxMsgCallback  stm32f1xx_hal_can.o
    0x08000e36   0x08000e36   0x00000002   PAD
    0x08000e38   0x08000e38   0x00000024   Code   RO          864    i.HAL_Delay         stm32f1xx_hal.o
    0x08000e5c   0x08000e5c   0x000000a8   Code   RO         1683    i.HAL_FLASHEx_Erase  stm32f1xx_hal_flash_ex.o
    0x08000f04   0x08000f04   0x00000014   Code   RO         1580    i.HAL_FLASH_Lock    stm32f1xx_hal_flash.o
    0x08000f18   0x08000f18   0x00000080   Code   RO         1585    i.HAL_FLASH_Program  stm32f1xx_hal_flash.o
    0x08000f98   0x08000f98   0x00000028   Code   RO         1587    i.HAL_FLASH_Unlock  stm32f1xx_hal_flash.o
    0x08000fc0   0x08000fc0   0x0000003c   Code   RO         4647    i.HAL_GPIO_EXTI_Callback  key_id.o
    0x08000ffc   0x08000ffc   0x00000018   Code   RO         1173    i.HAL_GPIO_EXTI_IRQHandler  stm32f1xx_hal_gpio.o
    0x08001014   0x08001014   0x000001e0   Code   RO         1174    i.HAL_GPIO_Init     stm32f1xx_hal_gpio.o
    0x080011f4   0x080011f4   0x0000000a   Code   RO         1176    i.HAL_GPIO_ReadPin  stm32f1xx_hal_gpio.o
    0x080011fe   0x080011fe   0x00000010   Code   RO         1177    i.HAL_GPIO_TogglePin  stm32f1xx_hal_gpio.o
    0x0800120e   0x0800120e   0x0000000a   Code   RO         1178    i.HAL_GPIO_WritePin  stm32f1xx_hal_gpio.o
    0x08001218   0x08001218   0x0000000c   Code   RO          868    i.HAL_GetTick       stm32f1xx_hal.o
    0x08001224   0x08001224   0x00000010   Code   RO          874    i.HAL_IncTick       stm32f1xx_hal.o
    0x08001234   0x08001234   0x00000024   Code   RO          875    i.HAL_Init          stm32f1xx_hal.o
    0x08001258   0x08001258   0x0000008c   Code   RO          548    i.HAL_InitTick      stm32f1xx_hal_timebase_tim.o
    0x080012e4   0x080012e4   0x00000048   Code   RO          524    i.HAL_MspInit       stm32f1xx_hal_msp.o
    0x0800132c   0x0800132c   0x0000001a   Code   RO         1334    i.HAL_NVIC_EnableIRQ  stm32f1xx_hal_cortex.o
    0x08001346   0x08001346   0x00000002   PAD
    0x08001348   0x08001348   0x00000040   Code   RO         1340    i.HAL_NVIC_SetPriority  stm32f1xx_hal_cortex.o
    0x08001388   0x08001388   0x00000024   Code   RO         1341    i.HAL_NVIC_SetPriorityGrouping  stm32f1xx_hal_cortex.o
    0x080013ac   0x080013ac   0x0000012c   Code   RO         1032    i.HAL_RCC_ClockConfig  stm32f1xx_hal_rcc.o
    0x080014d8   0x080014d8   0x00000040   Code   RO         1036    i.HAL_RCC_GetClockConfig  stm32f1xx_hal_rcc.o
    0x08001518   0x08001518   0x00000020   Code   RO         1040    i.HAL_RCC_GetPCLK2Freq  stm32f1xx_hal_rcc.o
    0x08001538   0x08001538   0x0000004c   Code   RO         1041    i.HAL_RCC_GetSysClockFreq  stm32f1xx_hal_rcc.o
    0x08001584   0x08001584   0x00000320   Code   RO         1044    i.HAL_RCC_OscConfig  stm32f1xx_hal_rcc.o
    0x080018a4   0x080018a4   0x000000b2   Code   RO         1845    i.HAL_SPI_Init      stm32f1xx_hal_spi.o
    0x08001956   0x08001956   0x00000002   PAD
    0x08001958   0x08001958   0x00000074   Code   RO          347    i.HAL_SPI_MspInit   spi.o
    0x080019cc   0x080019cc   0x0000016e   Code   RO         1853    i.HAL_SPI_Transmit  stm32f1xx_hal_spi.o
    0x08001b3a   0x08001b3a   0x000001ee   Code   RO         1854    i.HAL_SPI_TransmitReceive  stm32f1xx_hal_spi.o
    0x08001d28   0x08001d28   0x00000002   Code   RO         2862    i.HAL_TIMEx_BreakCallback  stm32f1xx_hal_tim_ex.o
    0x08001d2a   0x08001d2a   0x00000002   Code   RO         2863    i.HAL_TIMEx_CommutCallback  stm32f1xx_hal_tim_ex.o
    0x08001d2c   0x08001d2c   0x00000068   Code   RO         2881    i.HAL_TIMEx_MasterConfigSynchronization  stm32f1xx_hal_tim_ex.o
    0x08001d94   0x08001d94   0x0000005a   Code   RO         2158    i.HAL_TIM_Base_Init  stm32f1xx_hal_tim.o
    0x08001dee   0x08001dee   0x00000002   PAD
    0x08001df0   0x08001df0   0x00000050   Code   RO          389    i.HAL_TIM_Base_MspInit  tim.o
    0x08001e40   0x08001e40   0x00000050   Code   RO         2161    i.HAL_TIM_Base_Start  stm32f1xx_hal_tim.o
    0x08001e90   0x08001e90   0x00000058   Code   RO         2163    i.HAL_TIM_Base_Start_IT  stm32f1xx_hal_tim.o
    0x08001ee8   0x08001ee8   0x000000dc   Code   RO         2167    i.HAL_TIM_ConfigClockSource  stm32f1xx_hal_tim.o
    0x08001fc4   0x08001fc4   0x00000002   Code   RO         2192    i.HAL_TIM_IC_CaptureCallback  stm32f1xx_hal_tim.o
    0x08001fc6   0x08001fc6   0x00000166   Code   RO         2206    i.HAL_TIM_IRQHandler  stm32f1xx_hal_tim.o
    0x0800212c   0x0800212c   0x00000060   Code   RO          390    i.HAL_TIM_MspPostInit  tim.o
    0x0800218c   0x0800218c   0x00000002   Code   RO         2209    i.HAL_TIM_OC_DelayElapsedCallback  stm32f1xx_hal_tim.o
    0x0800218e   0x0800218e   0x000000cc   Code   RO         2230    i.HAL_TIM_PWM_ConfigChannel  stm32f1xx_hal_tim.o
    0x0800225a   0x0800225a   0x0000005a   Code   RO         2233    i.HAL_TIM_PWM_Init  stm32f1xx_hal_tim.o
    0x080022b4   0x080022b4   0x00000002   Code   RO         2235    i.HAL_TIM_PWM_MspInit  stm32f1xx_hal_tim.o
    0x080022b6   0x080022b6   0x00000002   Code   RO         2236    i.HAL_TIM_PWM_PulseFinishedCallback  stm32f1xx_hal_tim.o
    0x080022b8   0x080022b8   0x0000009c   Code   RO         2238    i.HAL_TIM_PWM_Start  stm32f1xx_hal_tim.o
    0x08002354   0x08002354   0x0000002c   Code   RO           14    i.HAL_TIM_PeriodElapsedCallback  main.o
    0x08002380   0x08002380   0x00000002   Code   RO         2249    i.HAL_TIM_TriggerCallback  stm32f1xx_hal_tim.o
    0x08002382   0x08002382   0x00000002   Code   RO          445    i.HardFault_Handler  stm32f1xx_it.o
    0x08002384   0x08002384   0x00000058   Code   RO         4648    i.IDLEDAndIDSet     key_id.o
    0x080023dc   0x080023dc   0x00000048   Code   RO         4649    i.ID_init           key_id.o
    0x08002424   0x08002424   0x00000044   Code   RO          306    i.MX_CAN_Init       can.o
    0x08002468   0x08002468   0x00000070   Code   RO          231    i.MX_FREERTOS_Init  freertos.o
    0x080024d8   0x080024d8   0x000000cc   Code   RO          207    i.MX_GPIO_Init      gpio.o
    0x080025a4   0x080025a4   0x0000004c   Code   RO          348    i.MX_SPI2_Init      spi.o
    0x080025f0   0x080025f0   0x000000a8   Code   RO          391    i.MX_TIM2_Init      tim.o
    0x08002698   0x08002698   0x00000068   Code   RO          392    i.MX_TIM3_Init      tim.o
    0x08002700   0x08002700   0x00000002   Code   RO          446    i.MemManage_Handler  stm32f1xx_it.o
    0x08002702   0x08002702   0x00000002   PAD
    0x08002704   0x08002704   0x00000034   Code   RO         4776    i.Motor_Update      motor_update.o
    0x08002738   0x08002738   0x00000002   Code   RO          447    i.NMI_Handler       stm32f1xx_it.o
    0x0800273a   0x0800273a   0x00000020   Code   RO         1883    i.SPI_EndRxTxTransaction  stm32f1xx_hal_spi.o
    0x0800275a   0x0800275a   0x00000002   PAD
    0x0800275c   0x0800275c   0x000000b8   Code   RO         1888    i.SPI_WaitFlagStateUntilTimeout  stm32f1xx_hal_spi.o
    0x08002814   0x08002814   0x00000008   Code   RO          232    i.StartDefaultTask  freertos.o
    0x0800281c   0x0800281c   0x0000002c   Code   RO         4476    i.SysTick_Handler   port.o
    0x08002848   0x08002848   0x0000005c   Code   RO           15    i.SystemClock_Config  main.o
    0x080028a4   0x080028a4   0x00000002   Code   RO         3130    i.SystemInit        system_stm32f1xx.o
    0x080028a6   0x080028a6   0x00000002   PAD
    0x080028a8   0x080028a8   0x0000000c   Code   RO          448    i.TIM1_UP_IRQHandler  stm32f1xx_it.o
    0x080028b4   0x080028b4   0x0000000c   Code   RO          449    i.TIM3_IRQHandler   stm32f1xx_it.o
    0x080028c0   0x080028c0   0x00000058   Code   RO         4611    i.TIM3_NVIC_Callback  get_vel.o
    0x08002918   0x08002918   0x0000006c   Code   RO         2251    i.TIM_Base_SetConfig  stm32f1xx_hal_tim.o
    0x08002984   0x08002984   0x0000001a   Code   RO         2252    i.TIM_CCxChannelCmd  stm32f1xx_hal_tim.o
    0x0800299e   0x0800299e   0x00000014   Code   RO         2262    i.TIM_ETR_SetConfig  stm32f1xx_hal_tim.o
    0x080029b2   0x080029b2   0x00000010   Code   RO         2263    i.TIM_ITRx_SetConfig  stm32f1xx_hal_tim.o
    0x080029c2   0x080029c2   0x00000002   PAD
    0x080029c4   0x080029c4   0x00000050   Code   RO         2264    i.TIM_OC1_SetConfig  stm32f1xx_hal_tim.o
    0x08002a14   0x08002a14   0x00000058   Code   RO         2265    i.TIM_OC2_SetConfig  stm32f1xx_hal_tim.o
    0x08002a6c   0x08002a6c   0x00000058   Code   RO         2266    i.TIM_OC3_SetConfig  stm32f1xx_hal_tim.o
    0x08002ac4   0x08002ac4   0x00000044   Code   RO         2267    i.TIM_OC4_SetConfig  stm32f1xx_hal_tim.o
    0x08002b08   0x08002b08   0x00000022   Code   RO         2269    i.TIM_TI1_ConfigInputStage  stm32f1xx_hal_tim.o
    0x08002b2a   0x08002b2a   0x00000024   Code   RO         2271    i.TIM_TI2_ConfigInputStage  stm32f1xx_hal_tim.o
    0x08002b4e   0x08002b4e   0x00000002   PAD
    0x08002b50   0x08002b50   0x0000000c   Code   RO          450    i.USB_LP_CAN1_RX0_IRQHandler  stm32f1xx_it.o
    0x08002b5c   0x08002b5c   0x00000002   Code   RO          451    i.UsageFault_Handler  stm32f1xx_it.o
    0x08002b5e   0x08002b5e   0x00000002   PAD
    0x08002b60   0x08002b60   0x00000054   Code   RO         4650    i.WriteID           key_id.o
    0x08002bb4   0x08002bb4   0x00000020   Code   RO         1347    i.__NVIC_SetPriority  stm32f1xx_hal_cortex.o
    0x08002bd4   0x08002bd4   0x0000001e   Code   RO         4695    i.angle_controll_realize  motor_controller.o
    0x08002bf2   0x08002bf2   0x0000000c   Code   RO         4057    i.inHandlerMode     cmsis_os.o
    0x08002bfe   0x08002bfe   0x00000002   PAD
    0x08002c00   0x08002c00   0x00000030   Code   RO          233    i.init_all          freertos.o
    0x08002c30   0x08002c30   0x00000026   Code   RO           16    i.main              main.o
    0x08002c56   0x08002c56   0x0000000c   Code   RO         4059    i.makeFreeRtosPriority  cmsis_os.o
    0x08002c62   0x08002c62   0x00000002   PAD
    0x08002c64   0x08002c64   0x0000003c   Code   RO         4696    i.motor_controll_init  motor_controller.o
    0x08002ca0   0x08002ca0   0x00000090   Code   RO         4697    i.motor_init        motor_controller.o
    0x08002d30   0x08002d30   0x00000012   Code   RO         4698    i.motor_update      motor_controller.o
    0x08002d42   0x08002d42   0x0000000e   Code   RO         4699    i.my_delay          motor_controller.o
    0x08002d50   0x08002d50   0x0000000e   Code   RO         4061    i.osDelay           cmsis_os.o
    0x08002d5e   0x08002d5e   0x0000000a   Code   RO         4064    i.osKernelStart     cmsis_os.o
    0x08002d68   0x08002d68   0x00000054   Code   RO         4098    i.osThreadCreate    cmsis_os.o
    0x08002dbc   0x08002dbc   0x00000040   Code   RO         4109    i.osTimerCreate     cmsis_os.o
    0x08002dfc   0x08002dfc   0x0000005c   Code   RO         4111    i.osTimerStart      cmsis_os.o
    0x08002e58   0x08002e58   0x00000028   Code   RO         4700    i.pid_init          motor_controller.o
    0x08002e80   0x08002e80   0x000000b2   Code   RO         4701    i.pid_realize       motor_controller.o
    0x08002f32   0x08002f32   0x00000002   PAD
    0x08002f34   0x08002f34   0x00000070   Code   RO         3629    i.prvAddCurrentTaskToDelayedList  tasks.o
    0x08002fa4   0x08002fa4   0x000000d0   Code   RO         3630    i.prvAddNewTaskToReadyList  tasks.o
    0x08003074   0x08003074   0x00000058   Code   RO         3928    i.prvCheckForValidListAndQueue  timers.o
    0x080030cc   0x080030cc   0x00000026   Code   RO         3308    i.prvCopyDataFromQueue  queue.o
    0x080030f2   0x080030f2   0x0000006c   Code   RO         3309    i.prvCopyDataToQueue  queue.o
    0x0800315e   0x0800315e   0x00000034   Code   RO         3631    i.prvDeleteTCB      tasks.o
    0x08003192   0x08003192   0x00000002   PAD
    0x08003194   0x08003194   0x0000004c   Code   RO         4426    i.prvHeapInit       heap_4.o
    0x080031e0   0x080031e0   0x00000060   Code   RO         3632    i.prvIdleTask       tasks.o
    0x08003240   0x08003240   0x00000016   Code   RO         3311    i.prvInitialiseNewQueue  queue.o
    0x08003256   0x08003256   0x0000008e   Code   RO         3633    i.prvInitialiseNewTask  tasks.o
    0x080032e4   0x080032e4   0x00000044   Code   RO         3929    i.prvInitialiseNewTimer  timers.o
    0x08003328   0x08003328   0x0000004c   Code   RO         4427    i.prvInsertBlockIntoFreeList  heap_4.o
    0x08003374   0x08003374   0x00000038   Code   RO         3930    i.prvInsertTimerInActiveList  timers.o
    0x080033ac   0x080033ac   0x0000001c   Code   RO         3312    i.prvIsQueueEmpty   queue.o
    0x080033c8   0x080033c8   0x000000bc   Code   RO         3931    i.prvProcessReceivedCommands  timers.o
    0x08003484   0x08003484   0x000000b4   Code   RO         3932    i.prvProcessTimerOrBlockTask  timers.o
    0x08003538   0x08003538   0x00000020   Code   RO         3634    i.prvResetNextTaskUnblockTime  tasks.o
    0x08003558   0x08003558   0x00000028   Code   RO         3933    i.prvSampleTimeNow  timers.o
    0x08003580   0x08003580   0x0000006c   Code   RO         3934    i.prvSwitchTimerLists  timers.o
    0x080035ec   0x080035ec   0x00000028   Code   RO         4477    i.prvTaskExitError  port.o
    0x08003614   0x08003614   0x00000024   Code   RO         3935    i.prvTimerTask      timers.o
    0x08003638   0x08003638   0x0000006a   Code   RO         3313    i.prvUnlockQueue    queue.o
    0x080036a2   0x080036a2   0x00000002   PAD
    0x080036a4   0x080036a4   0x000000d8   Code   RO         4428    i.pvPortMalloc      heap_4.o
    0x0800377c   0x0800377c   0x00000024   Code   RO         4478    i.pxPortInitialiseStack  port.o
    0x080037a0   0x080037a0   0x00000040   Code   RO         4702    i.set_acceleration  motor_controller.o
    0x080037e0   0x080037e0   0x00000012   Code   RO         4703    i.speed_controll_realize  motor_controller.o
    0x080037f2   0x080037f2   0x00000026   Code   RO         3268    i.uxListRemove      list.o
    0x08003818   0x08003818   0x00000014   Code   RO          234    i.vApplicationGetIdleTaskMemory  freertos.o
    0x0800382c   0x0800382c   0x00000014   Code   RO          235    i.vApplicationGetTimerTaskMemory  freertos.o
    0x08003840   0x08003840   0x00000016   Code   RO         3269    i.vListInitialise   list.o
    0x08003856   0x08003856   0x00000006   Code   RO         3270    i.vListInitialiseItem  list.o
    0x0800385c   0x0800385c   0x00000030   Code   RO         3271    i.vListInsert       list.o
    0x0800388c   0x0800388c   0x00000018   Code   RO         3272    i.vListInsertEnd    list.o
    0x080038a4   0x080038a4   0x00000040   Code   RO         4480    i.vPortEnterCritical  port.o
    0x080038e4   0x080038e4   0x00000028   Code   RO         4481    i.vPortExitCritical  port.o
    0x0800390c   0x0800390c   0x0000005c   Code   RO         4429    i.vPortFree         heap_4.o
    0x08003968   0x08003968   0x00000024   Code   RO         4482    i.vPortSetupTimerInterrupt  port.o
    0x0800398c   0x0800398c   0x00000054   Code   RO         4483    i.vPortValidateInterruptPriority  port.o
    0x080039e0   0x080039e0   0x00000028   Code   RO         3317    i.vQueueAddToRegistry  queue.o
    0x08003a08   0x08003a08   0x00000044   Code   RO         3320    i.vQueueWaitForMessageRestricted  queue.o
    0x08003a4c   0x08003a4c   0x0000004c   Code   RO         3642    i.vTaskDelay        tasks.o
    0x08003a98   0x08003a98   0x00000010   Code   RO         3645    i.vTaskInternalSetTimeOutState  tasks.o
    0x08003aa8   0x08003aa8   0x0000000c   Code   RO         3646    i.vTaskMissedYield  tasks.o
    0x08003ab4   0x08003ab4   0x00000030   Code   RO         3648    i.vTaskPlaceOnEventList  tasks.o
    0x08003ae4   0x08003ae4   0x00000038   Code   RO         3649    i.vTaskPlaceOnEventListRestricted  tasks.o
    0x08003b1c   0x08003b1c   0x00000088   Code   RO         3656    i.vTaskStartScheduler  tasks.o
    0x08003ba4   0x08003ba4   0x00000010   Code   RO         3658    i.vTaskSuspendAll   tasks.o
    0x08003bb4   0x08003bb4   0x0000005c   Code   RO         3659    i.vTaskSwitchContext  tasks.o
    0x08003c10   0x08003c10   0x000000a8   Code   RO         4484    i.xPortStartScheduler  port.o
    0x08003cb8   0x08003cb8   0x00000066   Code   RO         3324    i.xQueueGenericCreateStatic  queue.o
    0x08003d1e   0x08003d1e   0x00000002   PAD
    0x08003d20   0x08003d20   0x00000088   Code   RO         3325    i.xQueueGenericReset  queue.o
    0x08003da8   0x08003da8   0x00000160   Code   RO         3326    i.xQueueGenericSend  queue.o
    0x08003f08   0x08003f08   0x000000bc   Code   RO         3327    i.xQueueGenericSendFromISR  queue.o
    0x08003fc4   0x08003fc4   0x00000138   Code   RO         3333    i.xQueueReceive     queue.o
    0x080040fc   0x080040fc   0x00000074   Code   RO         3660    i.xTaskCheckForTimeOut  tasks.o
    0x08004170   0x08004170   0x0000005a   Code   RO         3661    i.xTaskCreate       tasks.o
    0x080041ca   0x080041ca   0x00000056   Code   RO         3662    i.xTaskCreateStatic  tasks.o
    0x08004220   0x08004220   0x0000001c   Code   RO         3666    i.xTaskGetSchedulerState  tasks.o
    0x0800423c   0x0800423c   0x0000000c   Code   RO         3667    i.xTaskGetTickCount  tasks.o
    0x08004248   0x08004248   0x000000c8   Code   RO         3669    i.xTaskIncrementTick  tasks.o
    0x08004310   0x08004310   0x00000098   Code   RO         3672    i.xTaskPriorityDisinherit  tasks.o
    0x080043a8   0x080043a8   0x00000074   Code   RO         3674    i.xTaskRemoveFromEventList  tasks.o
    0x0800441c   0x0800441c   0x000000c4   Code   RO         3675    i.xTaskResumeAll    tasks.o
    0x080044e0   0x080044e0   0x00000034   Code   RO         3938    i.xTimerCreate      timers.o
    0x08004514   0x08004514   0x0000002e   Code   RO         3939    i.xTimerCreateStatic  timers.o
    0x08004542   0x08004542   0x00000002   PAD
    0x08004544   0x08004544   0x00000060   Code   RO         3940    i.xTimerCreateTimerTask  timers.o
    0x080045a4   0x080045a4   0x00000060   Code   RO         3941    i.xTimerGenericCommand  timers.o
    0x08004604   0x08004604   0x000000c4   Code   RO         4825    x$fpl$fadd          fz_ws.l(faddsub_clz.o)
    0x080046c8   0x080046c8   0x00000018   Code   RO         4874    x$fpl$fcmpinf       fz_ws.l(fcmpi.o)
    0x080046e0   0x080046e0   0x00000036   Code   RO         4831    x$fpl$ffix          fz_ws.l(ffix.o)
    0x08004716   0x08004716   0x00000002   PAD
    0x08004718   0x08004718   0x0000003e   Code   RO         4835    x$fpl$ffixu         fz_ws.l(ffixu.o)
    0x08004756   0x08004756   0x00000002   PAD
    0x08004758   0x08004758   0x00000030   Code   RO         4840    x$fpl$fflt          fz_ws.l(fflt_clz.o)
    0x08004788   0x08004788   0x00000068   Code   RO         4852    x$fpl$fleqf         fz_ws.l(fleqf.o)
    0x080047f0   0x080047f0   0x00000102   Code   RO         4845    x$fpl$fmul          fz_ws.l(fmul.o)
    0x080048f2   0x080048f2   0x0000008c   Code   RO         4854    x$fpl$fnaninf       fz_ws.l(fnaninf.o)
    0x0800497e   0x0800497e   0x0000000a   Code   RO         4856    x$fpl$fretinf       fz_ws.l(fretinf.o)
    0x08004988   0x08004988   0x00000062   Code   RO         4847    x$fpl$frleqf        fz_ws.l(frleqf.o)
    0x080049ea   0x080049ea   0x00000014   Code   RO         4826    x$fpl$frsb          fz_ws.l(faddsub_clz.o)
    0x080049fe   0x080049fe   0x00000002   PAD
    0x08004a00   0x08004a00   0x000000ea   Code   RO         4827    x$fpl$fsub          fz_ws.l(faddsub_clz.o)
    0x08004aea   0x08004aea   0x00000000   Code   RO         4858    x$fpl$usenofp       fz_ws.l(usenofp.o)
    0x08004aea   0x08004aea   0x00000002   PAD
    0x08004aec   0x08004aec   0x00000048   Data   RO          237    .constdata          freertos.o
    0x08004b34   0x08004b34   0x00000012   Data   RO         1045    .constdata          stm32f1xx_hal_rcc.o
    0x08004b46   0x08004b46   0x00000010   Data   RO         3131    .constdata          system_stm32f1xx.o
    0x08004b56   0x08004b56   0x00000008   Data   RO         3132    .constdata          system_stm32f1xx.o
    0x08004b5e   0x08004b5e   0x00000002   PAD
    0x08004b60   0x08004b60   0x00000018   Data   RO          238    .conststring        freertos.o
    0x08004b78   0x08004b78   0x00000020   Data   RO         5015    Region$$Table       anon$$obj.o


    Execution Region RW_IRAM1 (Exec base: 0x20000000, Load base: 0x08004b98, Size: 0x00001c88, Max: 0x00005000, ABSOLUTE)

    Exec Addr    Load Addr    Size         Type   Attr      Idx    E Section Name        Object

    0x20000000   0x08004b98   0x00000010   Data   RW          239    .data               freertos.o
    0x20000010   0x08004ba8   0x0000000c   Data   RW          882    .data               stm32f1xx_hal.o
    0x2000001c   0x08004bb4   0x00000004   Data   RW         3133    .data               system_stm32f1xx.o
    0x20000020   0x08004bb8   0x0000003c   Data   RW         3678    .data               tasks.o
    0x2000005c   0x08004bf4   0x00000014   Data   RW         3947    .data               timers.o
    0x20000070   0x08004c08   0x00000018   Data   RW         4434    .data               heap_4.o
    0x20000088   0x08004c20   0x0000000c   Data   RW         4485    .data               port.o
    0x20000094   0x08004c2c   0x00000028   Data   RW         4559    .data               communication.o
    0x200000bc   0x08004c54   0x0000000c   Data   RW         4612    .data               get_vel.o
    0x200000c8   0x08004c60   0x00000004   Data   RW         4651    .data               key_id.o
    0x200000cc   0x08004c64   0x00000002   Data   RW         4777    .data               motor_update.o
    0x200000ce   0x08004c66   0x00000002   PAD
    0x200000d0        -       0x000004a8   Zero   RW          236    .bss                freertos.o
    0x20000578        -       0x00000028   Zero   RW          307    .bss                can.o
    0x200005a0        -       0x00000058   Zero   RW          349    .bss                spi.o
    0x200005f8        -       0x00000090   Zero   RW          393    .bss                tim.o
    0x20000688        -       0x00000048   Zero   RW          551    .bss                stm32f1xx_hal_timebase_tim.o
    0x200006d0        -       0x00000020   Zero   RW         1588    .bss                stm32f1xx_hal_flash.o
    0x200006f0        -       0x00000040   Zero   RW         3336    .bss                queue.o
    0x20000730        -       0x000000c8   Zero   RW         3677    .bss                tasks.o
    0x200007f8        -       0x000000e8   Zero   RW         3946    .bss                timers.o
    0x200008e0        -       0x00000c00   Zero   RW         4433    .bss                heap_4.o
    0x200014e0        -       0x00000030   Zero   RW         4558    .bss                communication.o
    0x20001510        -       0x00000118   Zero   RW         4704    .bss                motor_controller.o
    0x20001628        -       0x00000060   Zero   RW         4887    .bss                c_w.l(libspace.o)
    0x20001688        -       0x00000200   Zero   RW            2    HEAP                startup_stm32f103xb.o
    0x20001888        -       0x00000400   Zero   RW            1    STACK               startup_stm32f103xb.o


==============================================================================

Image component sizes


      Code (inc. data)   RO Data    RW Data    ZI Data      Debug   Object Name

       192         20          0          0         40       1755   can.o
       288          8          0          0          0      28328   cmsis_os.o
       268         44          0         40         48       3209   communication.o
         0          0          0          0          0      18276   event_groups.o
       208         30         96         16       1192       4109   freertos.o
       188         24          0         12          0       2655   get_vel.o
       204         16          0          0          0       1003   gpio.o
       460         24          0         24       3072       4831   heap_4.o
       304         36          0          4          0       3398   key_id.o
       138          0          0          0          0       3550   list.o
       178         10          0          0          0     475548   main.o
       566         50          0          0        280       7089   motor_controller.o
       108         18          0          2          0       1332   motor_update.o
       662         70          0         12          0      11465   port.o
      1500         20          0          0         64      14680   queue.o
       192         24          0          0         88       1765   spi.o
        64         26        236          0       1536        832   startup_stm32f103xb.o
       100         18          0         12          0       5418   stm32f1xx_hal.o
      1708          0          0          0          0      15702   stm32f1xx_hal_can.o
       158         14          0          0          0      28322   stm32f1xx_hal_cortex.o
       392         46          0          0         32       4926   stm32f1xx_hal_flash.o
       240         26          0          0          0       3353   stm32f1xx_hal_flash_ex.o
       540         40          0          0          0       4879   stm32f1xx_hal_gpio.o
        72         10          0          0          0        922   stm32f1xx_hal_msp.o
      1272         82         18          0          0       5342   stm32f1xx_hal_rcc.o
      1254          4          0          0          0       6384   stm32f1xx_hal_spi.o
      1860         72          0          0          0      17319   stm32f1xx_hal_tim.o
       108         12          0          0          0       2513   stm32f1xx_hal_tim_ex.o
       140         22          0          0         72       1507   stm32f1xx_hal_timebase_tim.o
        54         18          0          0          0       4616   stm32f1xx_it.o
         0          0          0          0          0        392   stream_buffer.o
         2          0         24          4          0       1199   system_stm32f1xx.o
      2090        158          0         60        200      23704   tasks.o
       448         36          0          0        144       3221   tim.o
      1054         78          0         20        232      29783   timers.o

    ----------------------------------------------------------------------
     17056       1056        408        208       7000     743327   Object Totals
         0          0         32          0          0          0   (incl. Generated)
        44          0          2          2          0          0   (incl. Padding)

    ----------------------------------------------------------------------

      Code (inc. data)   RO Data    RW Data    ZI Data      Debug   Library Member Name

         8          0          0          0          0         68   __main.o
         0          0          0          0          0          0   __rtentry.o
        12          0          0          0          0          0   __rtentry2.o
         6          0          0          0          0          0   __rtentry4.o
        52          8          0          0          0          0   __scatter.o
        26          0          0          0          0          0   __scatter_copy.o
        28          0          0          0          0          0   __scatter_zi.o
        18          0          0          0          0         80   exit.o
         6          0          0          0          0        152   heapauxi.o
         0          0          0          0          0          0   indicate_semi.o
         2          0          0          0          0          0   libinit.o
         2          0          0          0          0          0   libinit2.o
         2          0          0          0          0          0   libshutdown.o
         2          0          0          0          0          0   libshutdown2.o
         8          4          0          0         96         68   libspace.o
        38          0          0          0          0         68   llushr.o
        78          0          0          0          0         80   rt_memclr_w.o
       138          0          0          0          0         68   rt_memcpy_v6.o
       100          0          0          0          0         80   rt_memcpy_w.o
         2          0          0          0          0          0   rtexit.o
        10          0          0          0          0          0   rtexit2.o
        12          4          0          0          0         68   sys_exit.o
        74          0          0          0          0         80   sys_stackheap_outer.o
         2          0          0          0          0         68   use_no_semi.o
       450          8          0          0          0        236   faddsub_clz.o
        24          0          0          0          0         68   fcmpi.o
        54          4          0          0          0         84   ffix.o
        62          4          0          0          0         84   ffixu.o
        48          0          0          0          0         68   fflt_clz.o
       104          4          0          0          0         84   fleqf.o
       258          4          0          0          0         84   fmul.o
       140          4          0          0          0         84   fnaninf.o
        10          0          0          0          0         68   fretinf.o
        98          0          0          0          0         68   frleqf.o
         0          0          0          0          0          0   usenofp.o

    ----------------------------------------------------------------------
      1888         44          0          0         96       1808   Library Totals
        14          0          0          0          0          0   (incl. Padding)

    ----------------------------------------------------------------------

      Code (inc. data)   RO Data    RW Data    ZI Data      Debug   Library Name

       626         16          0          0         96        880   c_w.l
      1248         28          0          0          0        928   fz_ws.l

    ----------------------------------------------------------------------
      1888         44          0          0         96       1808   Library Totals

    ----------------------------------------------------------------------

==============================================================================


      Code (inc. data)   RO Data    RW Data    ZI Data      Debug   

     18944       1100        408        208       7096     733899   Grand Totals
     18944       1100        408        208       7096     733899   ELF Image Totals
     18944       1100        408        208          0          0   ROM Totals

==============================================================================

    Total RO  Size (Code + RO Data)                19352 (  18.90kB)
    Total RW  Size (RW Data + ZI Data)              7304 (   7.13kB)
    Total ROM Size (Code + RO Data + RW Data)      19560 (  19.10kB)

==============================================================================

