Component: ARM Compiler 5.06 update 7 (build 960) Tool: armlink [4d3601]

==============================================================================

Section Cross References

    startup_stm32f103xb.o(STACK) refers (Special) to heapauxi.o(.text) for __use_two_region_memory
    startup_stm32f103xb.o(HEAP) refers (Special) to heapauxi.o(.text) for __use_two_region_memory
    startup_stm32f103xb.o(RESET) refers (Special) to heapauxi.o(.text) for __use_two_region_memory
    startup_stm32f103xb.o(RESET) refers to startup_stm32f103xb.o(STACK) for __initial_sp
    startup_stm32f103xb.o(RESET) refers to startup_stm32f103xb.o(.text) for Reset_Handler
    startup_stm32f103xb.o(RESET) refers to stm32f1xx_it.o(i.NMI_Handler) for NMI_Handler
    startup_stm32f103xb.o(RESET) refers to stm32f1xx_it.o(i.HardFault_Handler) for HardFault_Handler
    startup_stm32f103xb.o(RESET) refers to stm32f1xx_it.o(i.MemManage_Handler) for MemManage_Handler
    startup_stm32f103xb.o(RESET) refers to stm32f1xx_it.o(i.BusFault_Handler) for BusFault_Handler
    startup_stm32f103xb.o(RESET) refers to stm32f1xx_it.o(i.UsageFault_Handler) for UsageFault_Handler
    startup_stm32f103xb.o(RESET) refers to port.o(.emb_text) for SVC_Handler
    startup_stm32f103xb.o(RESET) refers to stm32f1xx_it.o(i.DebugMon_Handler) for DebugMon_Handler
    startup_stm32f103xb.o(RESET) refers to port.o(i.SysTick_Handler) for SysTick_Handler
    startup_stm32f103xb.o(RESET) refers to stm32f1xx_it.o(i.EXTI2_IRQHandler) for EXTI2_IRQHandler
    startup_stm32f103xb.o(RESET) refers to stm32f1xx_it.o(i.USB_LP_CAN1_RX0_IRQHandler) for USB_LP_CAN1_RX0_IRQHandler
    startup_stm32f103xb.o(RESET) refers to stm32f1xx_it.o(i.TIM1_UP_IRQHandler) for TIM1_UP_IRQHandler
    startup_stm32f103xb.o(RESET) refers to stm32f1xx_it.o(i.TIM3_IRQHandler) for TIM3_IRQHandler
    startup_stm32f103xb.o(.text) refers (Special) to heapauxi.o(.text) for __use_two_region_memory
    startup_stm32f103xb.o(.text) refers to system_stm32f1xx.o(i.SystemInit) for SystemInit
    startup_stm32f103xb.o(.text) refers to __main.o(!!!main) for __main
    startup_stm32f103xb.o(.text) refers to startup_stm32f103xb.o(HEAP) for Heap_Mem
    startup_stm32f103xb.o(.text) refers to startup_stm32f103xb.o(STACK) for Stack_Mem
    main.o(i.HAL_TIM_PeriodElapsedCallback) refers to stm32f1xx_hal.o(i.HAL_IncTick) for HAL_IncTick
    main.o(i.SystemClock_Config) refers to rt_memclr_w.o(.text) for __aeabi_memclr4
    main.o(i.SystemClock_Config) refers to stm32f1xx_hal_rcc.o(i.HAL_RCC_OscConfig) for HAL_RCC_OscConfig
    main.o(i.SystemClock_Config) refers to stm32f1xx_hal_rcc.o(i.HAL_RCC_ClockConfig) for HAL_RCC_ClockConfig
    main.o(i.main) refers to stm32f1xx_hal.o(i.HAL_Init) for HAL_Init
    main.o(i.main) refers to main.o(i.SystemClock_Config) for SystemClock_Config
    main.o(i.main) refers to gpio.o(i.MX_GPIO_Init) for MX_GPIO_Init
    main.o(i.main) refers to can.o(i.MX_CAN_Init) for MX_CAN_Init
    main.o(i.main) refers to spi.o(i.MX_SPI2_Init) for MX_SPI2_Init
    main.o(i.main) refers to tim.o(i.MX_TIM2_Init) for MX_TIM2_Init
    main.o(i.main) refers to tim.o(i.MX_TIM3_Init) for MX_TIM3_Init
    main.o(i.main) refers to freertos.o(i.MX_FREERTOS_Init) for MX_FREERTOS_Init
    main.o(i.main) refers to cmsis_os.o(i.osKernelStart) for osKernelStart
    gpio.o(i.MX_GPIO_Init) refers to stm32f1xx_hal_gpio.o(i.HAL_GPIO_WritePin) for HAL_GPIO_WritePin
    gpio.o(i.MX_GPIO_Init) refers to stm32f1xx_hal_gpio.o(i.HAL_GPIO_Init) for HAL_GPIO_Init
    gpio.o(i.MX_GPIO_Init) refers to stm32f1xx_hal_cortex.o(i.HAL_NVIC_SetPriority) for HAL_NVIC_SetPriority
    gpio.o(i.MX_GPIO_Init) refers to stm32f1xx_hal_cortex.o(i.HAL_NVIC_EnableIRQ) for HAL_NVIC_EnableIRQ
    freertos.o(i.MX_FREERTOS_Init) refers to cmsis_os.o(i.osTimerCreate) for osTimerCreate
    freertos.o(i.MX_FREERTOS_Init) refers to rt_memcpy_w.o(.text) for __aeabi_memcpy4
    freertos.o(i.MX_FREERTOS_Init) refers to cmsis_os.o(i.osThreadCreate) for osThreadCreate
    freertos.o(i.MX_FREERTOS_Init) refers to freertos.o(.constdata) for .constdata
    freertos.o(i.MX_FREERTOS_Init) refers to freertos.o(.data) for .data
    freertos.o(i.StartDefaultTask) refers to cmsis_os.o(i.osDelay) for osDelay
    freertos.o(i.vApplicationGetIdleTaskMemory) refers to freertos.o(.bss) for .bss
    freertos.o(i.vApplicationGetTimerTaskMemory) refers to freertos.o(.bss) for .bss
    freertos.o(.constdata) refers to id_key.o(i.IDLEDAndIDSet) for IDLEDAndIDSet
    freertos.o(.constdata) refers to freertos.o(.conststring) for .conststring
    freertos.o(.constdata) refers to freertos.o(i.StartDefaultTask) for StartDefaultTask
    can.o(i.HAL_CAN_MspDeInit) refers to stm32f1xx_hal_gpio.o(i.HAL_GPIO_DeInit) for HAL_GPIO_DeInit
    can.o(i.HAL_CAN_MspDeInit) refers to stm32f1xx_hal_cortex.o(i.HAL_NVIC_DisableIRQ) for HAL_NVIC_DisableIRQ
    can.o(i.HAL_CAN_MspInit) refers to stm32f1xx_hal_gpio.o(i.HAL_GPIO_Init) for HAL_GPIO_Init
[...]
    .ARM.Collect$$rtentry$$0000000A          0x0800016e   Section        4  __rtentry2.o(.ARM.Collect$$rtentry$$0000000A)
    .ARM.Collect$$rtentry$$0000000C          0x08000172   Section        0  __rtentry2.o(.ARM.Collect$$rtentry$$0000000C)
    .ARM.Collect$$rtentry$$0000000D          0x08000172   Section        8  __rtentry2.o(.ARM.Collect$$rtentry$$0000000D)
    .ARM.Collect$$rtexit$$00000000           0x0800017a   Section        2  rtexit.o(.ARM.Collect$$rtexit$$00000000)
    .ARM.Collect$$rtexit$$00000002           0x0800017c   Section        0  rtexit2.o(.ARM.Collect$$rtexit$$00000002)
    .ARM.Collect$$rtexit$$00000003           0x0800017c   Section        4  rtexit2.o(.ARM.Collect$$rtexit$$00000003)
    .ARM.Collect$$rtexit$$00000004           0x08000180   Section        6  rtexit2.o(.ARM.Collect$$rtexit$$00000004)
    .emb_text                                0x08000188   Section      150  port.o(.emb_text)
    .text                                    0x08000220   Section       64  startup_stm32f103xb.o(.text)
    .text                                    0x08000260   Section      138  rt_memcpy_v6.o(.text)
    .text                                    0x080002ea   Section      100  rt_memcpy_w.o(.text)
    .text                                    0x0800034e   Section       78  rt_memclr_w.o(.text)
    .text                                    0x0800039c   Section        0  heapauxi.o(.text)
    .text                                    0x080003a2   Section       74  sys_stackheap_outer.o(.text)
    .text                                    0x080003ec   Section        0  exit.o(.text)
    .text                                    0x08000400   Section        8  libspace.o(.text)
    .text                                    0x08000408   Section        0  sys_exit.o(.text)
    .text                                    0x08000414   Section        2  use_no_semi.o(.text)
    .text                                    0x08000416   Section        0  indicate_semi.o(.text)
    i.BusFault_Handler                       0x08000416   Section        0  stm32f1xx_it.o(i.BusFault_Handler)
    i.DebugMon_Handler                       0x08000418   Section        0  stm32f1xx_it.o(i.DebugMon_Handler)
    i.EXTI2_IRQHandler                       0x0800041a   Section        0  stm32f1xx_it.o(i.EXTI2_IRQHandler)
    i.Error_Handler                          0x08000420   Section        0  main.o(i.Error_Handler)
    i.HAL_CAN_ErrorCallback                  0x08000424   Section        0  stm32f1xx_hal_can.o(i.HAL_CAN_ErrorCallback)
    i.HAL_CAN_IRQHandler                     0x08000426   Section        0  stm32f1xx_hal_can.o(i.HAL_CAN_IRQHandler)
    i.HAL_CAN_Init                           0x08000622   Section        0  stm32f1xx_hal_can.o(i.HAL_CAN_Init)
    i.HAL_CAN_MspInit                        0x0800073c   Section        0  can.o(i.HAL_CAN_MspInit)
    i.HAL_CAN_RxFifo0FullCallback            0x080007b8   Section        0  stm32f1xx_hal_can.o(i.HAL_CAN_RxFifo0FullCallback)
    i.HAL_CAN_RxFifo0MsgPendingCallback      0x080007ba   Section        0  stm32f1xx_hal_can.o(i.HAL_CAN_RxFifo0MsgPendingCallback)
    i.HAL_CAN_RxFifo1FullCallback            0x080007bc   Section        0  stm32f1xx_hal_can.o(i.HAL_CAN_RxFifo1FullCallback)
    i.HAL_CAN_RxFifo1MsgPendingCallback      0x080007be   Section        0  stm32f1xx_hal_can.o(i.HAL_CAN_RxFifo1MsgPendingCallback)
    i.HAL_CAN_SleepCallback                  0x080007c0   Section        0  stm32f1xx_hal_can.o(i.HAL_CAN_SleepCallback)
    i.HAL_CAN_TxMailbox0AbortCallback        0x080007c2   Section        0  stm32f1xx_hal_can.o(i.HAL_CAN_TxMailbox0AbortCallback)
    i.HAL_CAN_TxMailbox0CompleteCallback     0x080007c4   Section        0  stm32f1xx_hal_can.o(i.HAL_CAN_TxMailbox0CompleteCallback)
    i.HAL_CAN_TxMailbox1AbortCallback        0x080007c6   Section        0  stm32f1xx_hal_can.o(i.HAL_CAN_TxMailbox1AbortCallback)
    i.HAL_CAN_TxMailbox1CompleteCallback     0x080007c8   Section        0  stm32f1xx_hal_can.o(i.HAL_CAN_TxMailbox1CompleteCallback)
    i.HAL_CAN_TxMailbox2AbortCallback        0x080007ca   Section        0  stm32f1xx_hal_can.o(i.HAL_CAN_TxMailbox2AbortCallback)
    i.HAL_CAN_TxMailbox2CompleteCallback     0x080007cc   Section        0  stm32f1xx_hal_can.o(i.HAL_CAN_TxMailbox2CompleteCallback)
    i.HAL_CAN_WakeUpFromRxMsgCallback        0x080007ce   Section        0  stm32f1xx_hal_can.o(i.HAL_CAN_WakeUpFromRxMsgCallback)
    i.HAL_GPIO_EXTI_Callback                 0x080007d0   Section        0  id_key.o(i.HAL_GPIO_EXTI_Callback)
    i.HAL_GPIO_EXTI_IRQHandler               0x080007d4   Section        0  stm32f1xx_hal_gpio.o(i.HAL_GPIO_EXTI_IRQHandler)
    i.HAL_GPIO_Init                          0x080007ec   Section        0  stm32f1xx_hal_gpio.o(i.HAL_GPIO_Init)
    i.HAL_GPIO_WritePin                      0x080009cc   Section        0  stm32f1xx_hal_gpio.o(i.HAL_GPIO_WritePin)
    i.HAL_GetTick                            0x080009d8   Section        0  stm32f1xx_hal.o(i.HAL_GetTick)
    i.HAL_IncTick                            0x080009e4   Section        0  stm32f1xx_hal.o(i.HAL_IncTick)
    i.HAL_Init                               0x080009f4   Section        0  stm32f1xx_hal.o(i.HAL_Init)
    i.HAL_InitTick                           0x08000a18   Section        0  stm32f1xx_hal_timebase_tim.o(i.HAL_InitTick)
    i.HAL_MspInit                            0x08000aa4   Section        0  stm32f1xx_hal_msp.o(i.HAL_MspInit)
    i.HAL_NVIC_EnableIRQ                     0x08000aec   Section        0  stm32f1xx_hal_cortex.o(i.HAL_NVIC_EnableIRQ)
    i.HAL_NVIC_SetPriority                   0x08000b08   Section        0  stm32f1xx_hal_cortex.o(i.HAL_NVIC_SetPriority)
    i.HAL_NVIC_SetPriorityGrouping           0x08000b48   Section        0  stm32f1xx_hal_cortex.o(i.HAL_NVIC_SetPriorityGrouping)
    i.HAL_RCC_ClockConfig                    0x08000b6c   Section        0  stm32f1xx_hal_rcc.o(i.HAL_RCC_ClockConfig)
    i.HAL_RCC_GetClockConfig                 0x08000c98   Section        0  stm32f1xx_hal_rcc.o(i.HAL_RCC_GetClockConfig)
    i.HAL_RCC_GetPCLK2Freq                   0x08000cd8   Section        0  stm32f1xx_hal_rcc.o(i.HAL_RCC_GetPCLK2Freq)
    i.HAL_RCC_GetSysClockFreq                0x08000cf8   Section        0  stm32f1xx_hal_rcc.o(i.HAL_RCC_GetSysClockFreq)
    i.HAL_RCC_OscConfig                      0x08000d44   Section        0  stm32f1xx_hal_rcc.o(i.HAL_RCC_OscConfig)
    i.HAL_SPI_Init                           0x08001064   Section        0  stm32f1xx_hal_spi.o(i.HAL_SPI_Init)
    i.HAL_SPI_MspInit                        0x08001118   Section        0  spi.o(i.HAL_SPI_MspInit)
    i.HAL_TIMEx_BreakCallback                0x0800118c   Section        0  stm32f1xx_hal_tim_ex.o(i.HAL_TIMEx_BreakCallback)
    i.HAL_TIMEx_CommutCallback               0x0800118e   Section        0  stm32f1xx_hal_tim_ex.o(i.HAL_TIMEx_CommutCallback)
    i.HAL_TIMEx_MasterConfigSynchronization  0x08001190   Section        0  stm32f1xx_hal_tim_ex.o(i.HAL_TIMEx_MasterConfigSynchronization)
    i.HAL_TIM_Base_Init                      0x080011f8   Section        0  stm32f1xx_hal_tim.o(i.HAL_TIM_Base_Init)
    i.HAL_TIM_Base_MspInit                   0x08001254   Section        0  tim.o(i.HAL_TIM_Base_MspInit)
    i.HAL_TIM_Base_Start_IT                  0x08001290   Section        0  stm32f1xx_hal_tim.o(i.HAL_TIM_Base_Start_IT)
    i.HAL_TIM_ConfigClockSource              0x080012e8   Section        0  stm32f1xx_hal_tim.o(i.HAL_TIM_ConfigClockSource)
    i.HAL_TIM_IC_CaptureCallback             0x080013c4   Section        0  stm32f1xx_hal_tim.o(i.HAL_TIM_IC_CaptureCallback)
    i.HAL_TIM_IRQHandler                     0x080013c6   Section        0  stm32f1xx_hal_tim.o(i.HAL_TIM_IRQHandler)
    i.HAL_TIM_MspPostInit                    0x0800152c   Section        0  tim.o(i.HAL_TIM_MspPostInit)
    i.HAL_TIM_OC_DelayElapsedCallback        0x0800158c   Section        0  stm32f1xx_hal_tim.o(i.HAL_TIM_OC_DelayElapsedCallback)
    i.HAL_TIM_PWM_ConfigChannel              0x0800158e   Section        0  stm32f1xx_hal_tim.o(i.HAL_TIM_PWM_ConfigChannel)
    i.HAL_TIM_PWM_Init                       0x0800165a   Section        0  stm32f1xx_hal_tim.o(i.HAL_TIM_PWM_Init)
    i.HAL_TIM_PWM_MspInit                    0x080016b4   Section        0  tim.o(i.HAL_TIM_PWM_MspInit)
    i.HAL_TIM_PWM_PulseFinishedCallback      0x080016d8   Section        0  stm32f1xx_hal_tim.o(i.HAL_TIM_PWM_PulseFinishedCallback)
    i.HAL_TIM_PeriodElapsedCallback          0x080016dc   Section        0  main.o(i.HAL_TIM_PeriodElapsedCallback)
    i.HAL_TIM_TriggerCallback                0x080016f0   Section        0  stm32f1xx_hal_tim.o(i.HAL_TIM_TriggerCallback)
    i.HardFault_Handler                      0x080016f2   Section        0  stm32f1xx_it.o(i.HardFault_Handler)
    i.IDLEDAndIDSet                          0x080016f4   Section        0  id_key.o(i.IDLEDAndIDSet)
    i.MX_CAN_Init                            0x080016f8   Section        0  can.o(i.MX_CAN_Init)
    i.MX_FREERTOS_Init                       0x0800173c   Section        0  freertos.o(i.MX_FREERTOS_Init)
    i.MX_GPIO_Init                           0x0800177c   Section        0  gpio.o(i.MX_GPIO_Init)
    i.MX_SPI2_Init                           0x08001848   Section        0  spi.o(i.MX_SPI2_Init)
    i.MX_TIM2_Init                           0x08001894   Section        0  tim.o(i.MX_TIM2_Init)
    i.MX_TIM3_Init                           0x08001910   Section        0  tim.o(i.MX_TIM3_Init)
    i.MemManage_Handler                      0x08001978   Section        0  stm32f1xx_it.o(i.MemManage_Handler)
    i.NMI_Handler                            0x0800197a   Section        0  stm32f1xx_it.o(i.NMI_Handler)
    i.StartDefaultTask                       0x0800197c   Section        0  freertos.o(i.StartDefaultTask)
    i.SysTick_Handler                        0x08001984   Section        0  port.o(i.SysTick_Handler)
    i.SystemClock_Config                     0x080019b0   Section        0  main.o(i.SystemClock_Config)
    i.SystemInit                             0x08001a0e   Section        0  system_stm32f1xx.o(i.SystemInit)
    i.TIM1_UP_IRQHandler                     0x08001a10   Section        0  stm32f1xx_it.o(i.TIM1_UP_IRQHandler)
    i.TIM3_IRQHandler                        0x08001a1c   Section        0  stm32f1xx_it.o(i.TIM3_IRQHandler)
    i.TIM_Base_SetConfig                     0x08001a28   Section        0  stm32f1xx_hal_tim.o(i.TIM_Base_SetConfig)
    i.TIM_ETR_SetConfig                      0x08001a94   Section        0  stm32f1xx_hal_tim.o(i.TIM_ETR_SetConfig)
    i.TIM_ITRx_SetConfig                     0x08001aa8   Section        0  stm32f1xx_hal_tim.o(i.TIM_ITRx_SetConfig)
    TIM_ITRx_SetConfig                       0x08001aa9   Thumb Code    16  stm32f1xx_hal_tim.o(i.TIM_ITRx_SetConfig)
    i.TIM_OC1_SetConfig                      0x08001ab8   Section        0  stm32f1xx_hal_tim.o(i.TIM_OC1_SetConfig)
    TIM_OC1_SetConfig                        0x08001ab9   Thumb Code    74  stm32f1xx_hal_tim.o(i.TIM_OC1_SetConfig)
    i.TIM_OC2_SetConfig                      0x08001b08   Section        0  stm32f1xx_hal_tim.o(i.TIM_OC2_SetConfig)
    i.TIM_OC3_SetConfig                      0x08001b60   Section        0  stm32f1xx_hal_tim.o(i.TIM_OC3_SetConfig)
    TIM_OC3_SetConfig                        0x08001b61   Thumb Code    82  stm32f1xx_hal_tim.o(i.TIM_OC3_SetConfig)
    i.TIM_OC4_SetConfig                      0x08001bb8   Section        0  stm32f1xx_hal_tim.o(i.TIM_OC4_SetConfig)
    TIM_OC4_SetConfig                        0x08001bb9   Thumb Code    64  stm32f1xx_hal_tim.o(i.TIM_OC4_SetConfig)
    i.TIM_TI1_ConfigInputStage               0x08001bfc   Section        0  stm32f1xx_hal_tim.o(i.TIM_TI1_ConfigInputStage)
    TIM_TI1_ConfigInputStage                 0x08001bfd   Thumb Code    34  stm32f1xx_hal_tim.o(i.TIM_TI1_ConfigInputStage)
    i.TIM_TI2_ConfigInputStage               0x08001c1e   Section        0  stm32f1xx_hal_tim.o(i.TIM_TI2_ConfigInputStage)
    TIM_TI2_ConfigInputStage                 0x08001c1f   Thumb Code    36  stm32f1xx_hal_tim.o(i.TIM_TI2_ConfigInputStage)
    i.USB_LP_CAN1_RX0_IRQHandler             0x08001c44   Section        0  stm32f1xx_it.o(i.USB_LP_CAN1_RX0_IRQHandler)
    i.UsageFault_Handler                     0x08001c50   Section        0  stm32f1xx_it.o(i.UsageFault_Handler)
    i.__NVIC_SetPriority                     0x08001c52   Section        0  stm32f1xx_hal_cortex.o(i.__NVIC_SetPriority)
    __NVIC_SetPriority                       0x08001c53   Thumb Code    32  stm32f1xx_hal_cortex.o(i.__NVIC_SetPriority)
    i.main                                   0x08001c72   Section        0  main.o(i.main)
    i.makeFreeRtosPriority                   0x08001c98   Section        0  cmsis_os.o(i.makeFreeRtosPriority)
    makeFreeRtosPriority                     0x08001c99   Thumb Code    12  cmsis_os.o(i.makeFreeRtosPriority)
    i.osDelay                                0x08001ca4   Section        0  cmsis_os.o(i.osDelay)
    i.osKernelStart                          0x08001cb2   Section        0  cmsis_os.o(i.osKernelStart)
    i.osThreadCreate                         0x08001cbc   Section        0  cmsis_os.o(i.osThreadCreate)
    i.osTimerCreate                          0x08001d10   Section        0  cmsis_os.o(i.osTimerCreate)
    i.prvAddCurrentTaskToDelayedList         0x08001d50   Section        0  tasks.o(i.prvAddCurrentTaskToDelayedList)
    prvAddCurrentTaskToDelayedList           0x08001d51   Thumb Code   102  tasks.o(i.prvAddCurrentTaskToDelayedList)
    i.prvAddNewTaskToReadyList               0x08001dc0   Section        0  tasks.o(i.prvAddNewTaskToReadyList)
    prvAddNewTaskToReadyList                 0x08001dc1   Thumb Code   194  tasks.o(i.prvAddNewTaskToReadyList)
    i.prvCheckForValidListAndQueue           0x08001e90   Section        0  timers.o(i.prvCheckForValidListAndQueue)
    prvCheckForValidListAndQueue             0x08001e91   Thumb Code    72  timers.o(i.prvCheckForValidListAndQueue)
    i.prvCopyDataFromQueue                   0x08001ee8   Section        0  queue.o(i.prvCopyDataFromQueue)
    prvCopyDataFromQueue                     0x08001ee9   Thumb Code    38  queue.o(i.prvCopyDataFromQueue)
    i.prvCopyDataToQueue                     0x08001f0e   Section        0  queue.o(i.prvCopyDataToQueue)
    prvCopyDataToQueue                       0x08001f0f   Thumb Code   108  queue.o(i.prvCopyDataToQueue)
    i.prvDeleteTCB                           0x08001f7a   Section        0  tasks.o(i.prvDeleteTCB)
    prvDeleteTCB                             0x08001f7b   Thumb Code    52  tasks.o(i.prvDeleteTCB)
    i.prvHeapInit                            0x08001fb0   Section        0  heap_4.o(i.prvHeapInit)
    prvHeapInit                              0x08001fb1   Thumb Code    66  heap_4.o(i.prvHeapInit)
    i.prvIdleTask                            0x08001ffc   Section        0  tasks.o(i.prvIdleTask)
    prvIdleTask                              0x08001ffd   Thumb Code    82  tasks.o(i.prvIdleTask)
    i.prvInitialiseNewQueue                  0x0800205c   Section        0  queue.o(i.prvInitialiseNewQueue)
    prvInitialiseNewQueue                    0x0800205d   Thumb Code    22  queue.o(i.prvInitialiseNewQueue)
    i.prvInitialiseNewTask                   0x08002072   Section        0  tasks.o(i.prvInitialiseNewTask)
    prvInitialiseNewTask                     0x08002073   Thumb Code   142  tasks.o(i.prvInitialiseNewTask)
    i.prvInitialiseNewTimer                  0x08002100   Section        0  timers.o(i.prvInitialiseNewTimer)
    prvInitialiseNewTimer                    0x08002101   Thumb Code    68  timers.o(i.prvInitialiseNewTimer)
    i.prvInsertBlockIntoFreeList             0x08002144   Section        0  heap_4.o(i.prvInsertBlockIntoFreeList)
    prvInsertBlockIntoFreeList               0x08002145   Thumb Code    72  heap_4.o(i.prvInsertBlockIntoFreeList)
    i.prvInsertTimerInActiveList             0x08002190   Section        0  timers.o(i.prvInsertTimerInActiveList)
    prvInsertTimerInActiveList               0x08002191   Thumb Code    52  timers.o(i.prvInsertTimerInActiveList)
    i.prvIsQueueEmpty                        0x080021c8   Section        0  queue.o(i.prvIsQueueEmpty)
    prvIsQueueEmpty                          0x080021c9   Thumb Code    28  queue.o(i.prvIsQueueEmpty)
    i.prvProcessReceivedCommands             0x080021e4   Section        0  timers.o(i.prvProcessReceivedCommands)
    prvProcessReceivedCommands               0x080021e5   Thumb Code   184  timers.o(i.prvProcessReceivedCommands)
    i.prvProcessTimerOrBlockTask             0x080022a0   Section        0  timers.o(i.prvProcessTimerOrBlockTask)
    prvProcessTimerOrBlockTask               0x080022a1   Thumb Code   172  timers.o(i.prvProcessTimerOrBlockTask)
    i.prvResetNextTaskUnblockTime            0x08002354   Section        0  tasks.o(i.prvResetNextTaskUnblockTime)
    prvResetNextTaskUnblockTime              0x08002355   Thumb Code    26  tasks.o(i.prvResetNextTaskUnblockTime)
    i.prvSampleTimeNow                       0x08002374   Section        0  timers.o(i.prvSampleTimeNow)
    prvSampleTimeNow                         0x08002375   Thumb Code    36  timers.o(i.prvSampleTimeNow)
    i.prvSwitchTimerLists                    0x0800239c   Section        0  timers.o(i.prvSwitchTimerLists)
    prvSwitchTimerLists                      0x0800239d   Thumb Code   102  timers.o(i.prvSwitchTimerLists)
    i.prvTaskExitError                       0x08002408   Section        0  port.o(i.prvTaskExitError)
    prvTaskExitError                         0x08002409   Thumb Code    36  port.o(i.prvTaskExitError)
    i.prvTimerTask                           0x08002430   Section        0  timers.o(i.prvTimerTask)
    prvTimerTask                             0x08002431   Thumb Code    32  timers.o(i.prvTimerTask)
    i.prvUnlockQueue                         0x08002454   Section        0  queue.o(i.prvUnlockQueue)
    prvUnlockQueue                           0x08002455   Thumb Code   106  queue.o(i.prvUnlockQueue)
    i.pvPortMalloc                           0x080024c0   Section        0  heap_4.o(i.pvPortMalloc)
    i.pxPortInitialiseStack                  0x08002598   Section        0  port.o(i.pxPortInitialiseStack)
    i.uxListRemove                           0x080025bc   Section        0  list.o(i.uxListRemove)
    i.vApplicationGetIdleTaskMemory          0x080025e4   Section        0  freertos.o(i.vApplicationGetIdleTaskMemory)
    i.vApplicationGetTimerTaskMemory         0x080025f8   Section        0  freertos.o(i.vApplicationGetTimerTaskMemory)
    i.vListInitialise                        0x0800260c   Section        0  list.o(i.vListInitialise)
    i.vListInitialiseItem                    0x08002622   Section        0  list.o(i.vListInitialiseItem)
    i.vListInsert                            0x08002628   Section        0  list.o(i.vListInsert)
    i.vListInsertEnd                         0x08002658   Section        0  list.o(i.vListInsertEnd)
    i.vPortEnterCritical                     0x08002670   Section        0  port.o(i.vPortEnterCritical)
    i.vPortExitCritical                      0x080026b0   Section        0  port.o(i.vPortExitCritical)
    i.vPortFree                              0x080026d8   Section        0  heap_4.o(i.vPortFree)
    i.vPortSetupTimerInterrupt               0x08002734   Section        0  port.o(i.vPortSetupTimerInterrupt)
    i.vPortValidateInterruptPriority         0x08002758   Section        0  port.o(i.vPortValidateInterruptPriority)
    i.vQueueAddToRegistry                    0x080027ac   Section        0  queue.o(i.vQueueAddToRegistry)
    i.vQueueWaitForMessageRestricted         0x080027d4   Section        0  queue.o(i.vQueueWaitForMessageRestricted)
    i.vTaskDelay                             0x08002818   Section        0  tasks.o(i.vTaskDelay)
    i.vTaskInternalSetTimeOutState           0x08002864   Section        0  tasks.o(i.vTaskInternalSetTimeOutState)
    i.vTaskMissedYield                       0x08002874   Section        0  tasks.o(i.vTaskMissedYield)
    i.vTaskPlaceOnEventList                  0x08002880   Section        0  tasks.o(i.vTaskPlaceOnEventList)
    i.vTaskPlaceOnEventListRestricted        0x080028b0   Section        0  tasks.o(i.vTaskPlaceOnEventListRestricted)
    i.vTaskStartScheduler                    0x080028e8   Section        0  tasks.o(i.vTaskStartScheduler)
    i.vTaskSuspendAll                        0x08002970   Section        0  tasks.o(i.vTaskSuspendAll)
    i.vTaskSwitchContext                     0x08002980   Section        0  tasks.o(i.vTaskSwitchContext)
    i.xPortStartScheduler                    0x080029dc   Section        0  port.o(i.xPortStartScheduler)
    i.xQueueGenericCreateStatic              0x08002a84   Section        0  queue.o(i.xQueueGenericCreateStatic)
    i.xQueueGenericReset                     0x08002aec   Section        0  queue.o(i.xQueueGenericReset)
    i.xQueueGenericSend                      0x08002b74   Section        0  queue.o(i.xQueueGenericSend)
    i.xQueueGenericSendFromISR               0x08002cd4   Section        0  queue.o(i.xQueueGenericSendFromISR)
    i.xQueueReceive                          0x08002d90   Section        0  queue.o(i.xQueueReceive)
    i.xTaskCheckForTimeOut                   0x08002ec8   Section        0  tasks.o(i.xTaskCheckForTimeOut)
    i.xTaskCreate                            0x08002f3c   Section        0  tasks.o(i.xTaskCreate)
    i.xTaskCreateStatic                      0x08002f96   Section        0  tasks.o(i.xTaskCreateStatic)
    i.xTaskGetSchedulerState                 0x08002fec   Section        0  tasks.o(i.xTaskGetSchedulerState)
    i.xTaskGetTickCount                      0x08003008   Section        0  tasks.o(i.xTaskGetTickCount)
    i.xTaskIncrementTick                     0x08003014   Section        0  tasks.o(i.xTaskIncrementTick)
    i.xTaskPriorityDisinherit                0x080030dc   Section        0  tasks.o(i.xTaskPriorityDisinherit)
    i.xTaskRemoveFromEventList               0x08003174   Section        0  tasks.o(i.xTaskRemoveFromEventList)
    i.xTaskResumeAll                         0x080031e8   Section        0  tasks.o(i.xTaskResumeAll)
    i.xTimerCreate                           0x080032ac   Section        0  timers.o(i.xTimerCreate)
    i.xTimerCreateStatic                     0x080032e0   Section        0  timers.o(i.xTimerCreateStatic)
    i.xTimerCreateTimerTask                  0x08003310   Section        0  timers.o(i.xTimerCreateTimerTask)
    i.xTimerGenericCommand                   0x08003370   Section        0  timers.o(i.xTimerGenericCommand)
    .constdata                               0x080033d0   Section       36  freertos.o(.constdata)
    .constdata                               0x080033f4   Section       18  stm32f1xx_hal_rcc.o(.constdata)
    aPredivFactorTable                       0x080033f4   Data           2  stm32f1xx_hal_rcc.o(.constdata)
    aPLLMULFactorTable                       0x080033f6   Data          16  stm32f1xx_hal_rcc.o(.constdata)
    .constdata                               0x08003406   Section       16  system_stm32f1xx.o(.constdata)
    .constdata                               0x08003416   Section        8  system_stm32f1xx.o(.constdata)
    .conststring                             0x08003420   Section       12  freertos.o(.conststring)
    .data                                    0x20000000   Section        8  freertos.o(.data)
    .data                                    0x20000008   Section       12  stm32f1xx_hal.o(.data)
    .data                                    0x20000014   Section        4  system_stm32f1xx.o(.data)
    .data                                    0x20000018   Section       60  tasks.o(.data)
    pxDelayedTaskList                        0x2000001c   Data           4  tasks.o(.data)
    pxOverflowDelayedTaskList                0x20000020   Data           4  tasks.o(.data)
    uxDeletedTasksWaitingCleanUp             0x20000024   Data           4  tasks.o(.data)
    uxCurrentNumberOfTasks                   0x20000028   Data           4  tasks.o(.data)
    xTickCount                               0x2000002c   Data           4  tasks.o(.data)
    uxTopReadyPriority                       0x20000030   Data           4  tasks.o(.data)
    xSchedulerRunning                        0x20000034   Data           4  tasks.o(.data)
    uxPendedTicks                            0x20000038   Data           4  tasks.o(.data)
    xYieldPending                            0x2000003c   Data           4  tasks.o(.data)
    xNumOfOverflows                          0x20000040   Data           4  tasks.o(.data)
    uxTaskNumber                             0x20000044   Data           4  tasks.o(.data)
    xNextTaskUnblockTime                     0x20000048   Data           4  tasks.o(.data)
    xIdleTaskHandle                          0x2000004c   Data           4  tasks.o(.data)
    uxSchedulerSuspended                     0x20000050   Data           4  tasks.o(.data)
    .data                                    0x20000054   Section       20  timers.o(.data)
    pxCurrentTimerList                       0x20000054   Data           4  timers.o(.data)
    pxOverflowTimerList                      0x20000058   Data           4  timers.o(.data)
    xTimerQueue                              0x2000005c   Data           4  timers.o(.data)
    xTimerTaskHandle                         0x20000060   Data           4  timers.o(.data)
    xLastTime                                0x20000064   Data           4  timers.o(.data)
    .data                                    0x20000068   Section       24  heap_4.o(.data)
    pxEnd                                    0x20000068   Data           4  heap_4.o(.data)
    xFreeBytesRemaining                      0x2000006c   Data           4  heap_4.o(.data)
    xMinimumEverFreeBytesRemaining           0x20000070   Data           4  heap_4.o(.data)
    xBlockAllocatedBit                       0x20000074   Data           4  heap_4.o(.data)
    xStart                                   0x20000078   Data           8  heap_4.o(.data)
    .data                                    0x20000080   Section       12  port.o(.data)
    ucMaxSysCallPriority                     0x20000080   Data           1  port.o(.data)
    uxCriticalNesting                        0x20000084   Data           4  port.o(.data)
    ulMaxPRIGROUPValue                       0x20000088   Data           4  port.o(.data)
    .bss                                     0x2000008c   Section     1192  freertos.o(.bss)
    xIdleTaskTCBBuffer                       0x2000008c   Data          84  freertos.o(.bss)
    xIdleStack                               0x200000e0   Data         512  freertos.o(.bss)
    xTimerTaskTCBBuffer                      0x200002e0   Data          84  freertos.o(.bss)
    xTimerStack                              0x20000334   Data         512  freertos.o(.bss)
    .bss                                     0x20000534   Section       40  can.o(.bss)
    .bss                                     0x2000055c   Section       88  spi.o(.bss)
    .bss                                     0x200005b4   Section      144  tim.o(.bss)
    .bss                                     0x20000644   Section       72  stm32f1xx_hal_timebase_tim.o(.bss)
    .bss                                     0x2000068c   Section       64  queue.o(.bss)
    .bss                                     0x200006cc   Section      200  tasks.o(.bss)
    pxReadyTasksLists                        0x200006cc   Data         100  tasks.o(.bss)
    xDelayedTaskList1                        0x20000730   Data          20  tasks.o(.bss)
    xDelayedTaskList2                        0x20000744   Data          20  tasks.o(.bss)
    xPendingReadyList                        0x20000758   Data          20  tasks.o(.bss)
    xTasksWaitingTermination                 0x2000076c   Data          20  tasks.o(.bss)
    xSuspendedTaskList                       0x20000780   Data          20  tasks.o(.bss)
    .bss                                     0x20000794   Section      232  timers.o(.bss)
    xActiveTimerList1                        0x20000794   Data          20  timers.o(.bss)
    xActiveTimerList2                        0x200007a8   Data          20  timers.o(.bss)
    xStaticTimerQueue                        0x200007bc   Data          72  timers.o(.bss)
    ucStaticTimerQueueStorage                0x20000804   Data         120  timers.o(.bss)
    .bss                                     0x2000087c   Section     3072  heap_4.o(.bss)
    ucHeap                                   0x2000087c   Data        3072  heap_4.o(.bss)
    .bss                                     0x2000147c   Section       96  libspace.o(.bss)
    HEAP                                     0x200014e0   Section      512  startup_stm32f103xb.o(HEAP)
    Heap_Mem                                 0x200014e0   Data         512  startup_stm32f103xb.o(HEAP)
    STACK                                    0x200016e0   Section     1024  startup_stm32f103xb.o(STACK)
    Stack_Mem                                0x200016e0   Data        1024  startup_stm32f103xb.o(STACK)
    __initial_sp                             0x20001ae0   Data           0  startup_stm32f103xb.o(STACK)

    Global Symbols

    Symbol Name                              Value     Ov Type        Size  Object(Section)

    BuildAttributes$$THM_ISAv4$P$D$K$B$S$PE$A:L22UL41UL21$X:L11$S22US41US21$IEEE1$IW$USESV6$~STKCKD$USESV7$~SHL$OSPACE$ROPI$EBA8$UX$STANDARDLIB$REQ8$PRES8$EABIv2 0x00000000   Number         0  anon$$obj.o ABSOLUTE
    __ARM_use_no_argv                        0x00000000   Number         0  main.o ABSOLUTE
    __ARM_exceptions_init                     - Undefined Weak Reference
    __alloca_initialize                       - Undefined Weak Reference
    __arm_fini_                               - Undefined Weak Reference
    __arm_preinit_                            - Undefined Weak Reference
    __cpp_initialize__aeabi_                  - Undefined Weak Reference
    __cxa_finalize                            - Undefined Weak Reference
    __rt_locale                               - Undefined Weak Reference
    __sigvec_lookup                           - Undefined Weak Reference
    _atexit_init                              - Undefined Weak Reference
    _call_atexit_fns                          - Undefined Weak Reference
    _clock_init                               - Undefined Weak Reference
    _fp_trap_init                             - Undefined Weak Reference
    _fp_trap_shutdown                         - Undefined Weak Reference
    _get_lc_collate                           - Undefined Weak Reference
    _get_lc_ctype                             - Undefined Weak Reference
    _get_lc_monetary                          - Undefined Weak Reference
    _get_lc_numeric                           - Undefined Weak Reference
    _get_lc_time                              - Undefined Weak Reference
    _getenv_init                              - Undefined Weak Reference
    _handle_redirection                       - Undefined Weak Reference
    _init_alloc                               - Undefined Weak Reference
    _init_user_alloc                          - Undefined Weak Reference
    _initio                                   - Undefined Weak Reference
    _rand_init                                - Undefined Weak Reference
    _signal_finish                            - Undefined Weak Reference
    _signal_init                              - Undefined Weak Reference
    _terminate_alloc                          - Undefined Weak Reference
    _terminate_user_alloc                     - Undefined Weak Reference
    _terminateio                              - Undefined Weak Reference
    __Vectors_Size                           0x000000ec   Number         0  startup_stm32f103xb.o ABSOLUTE
    __Vectors                                0x08000000   Data           4  startup_stm32f103xb.o(RESET)
    __Vectors_End                            0x080000ec   Data           0  startup_stm32f103xb.o(RESET)
    __main                                   0x080000ed   Thumb Code     8  __main.o(!!!main)
    __scatterload                            0x080000f5   Thumb Code     0  __scatter.o(!!!scatter)
    __scatterload_rt2                        0x080000f5   Thumb Code    44  __scatter.o(!!!scatter)
    __scatterload_rt2_thumb_only             0x080000f5   Thumb Code     0  __scatter.o(!!!scatter)
    __scatterload_null                       0x08000103   Thumb Code     0  __scatter.o(!!!scatter)
    __scatterload_copy                       0x08000129   Thumb Code    26  __scatter_copy.o(!!handler_copy)
    __scatterload_zeroinit                   0x08000145   Thumb Code    28  __scatter_zi.o(!!handler_zi)
    __rt_lib_init                            0x08000161   Thumb Code     0  libinit.o(.ARM.Collect$$libinit$$00000000)
    __rt_lib_init_alloca_1                   0x08000163   Thumb Code     0  libinit2.o(.ARM.Collect$$libinit$$0000002E)
    __rt_lib_init_argv_1                     0x08000163   Thumb Code     0  libinit2.o(.ARM.Collect$$libinit$$0000002C)
    __rt_lib_init_atexit_1                   0x08000163   Thumb Code     0  libinit2.o(.ARM.Collect$$libinit$$0000001B)
    __rt_lib_init_clock_1                    0x08000163   Thumb Code     0  libinit2.o(.ARM.Collect$$libinit$$00000021)
    __rt_lib_init_cpp_1                      0x08000163   Thumb Code     0  libinit2.o(.ARM.Collect$$libinit$$00000032)
    __rt_lib_init_exceptions_1               0x08000163   Thumb Code     0  libinit2.o(.ARM.Collect$$libinit$$00000030)
    __rt_lib_init_fp_1                       0x08000163   Thumb Code     0  libinit2.o(.ARM.Collect$$libinit$$00000002)
    __rt_lib_init_fp_trap_1                  0x08000163   Thumb Code     0  libinit2.o(.ARM.Collect$$libinit$$0000001F)
    __rt_lib_init_getenv_1                   0x08000163   Thumb Code     0  libinit2.o(.ARM.Collect$$libinit$$00000023)
    __rt_lib_init_heap_1                     0x08000163   Thumb Code     0  libinit2.o(.ARM.Collect$$libinit$$0000000A)
    __rt_lib_init_lc_collate_1               0x08000163   Thumb Code     0  libinit2.o(.ARM.Collect$$libinit$$00000011)
    __rt_lib_init_lc_ctype_1                 0x08000163   Thumb Code     0  libinit2.o(.ARM.Collect$$libinit$$00000013)
    __rt_lib_init_lc_monetary_1              0x08000163   Thumb Code     0  libinit2.o(.ARM.Collect$$libinit$$00000015)
    __rt_lib_init_lc_numeric_1               0x08000163   Thumb Code     0  libinit2.o(.ARM.Collect$$libinit$$00000017)
    __rt_lib_init_lc_time_1                  0x08000163   Thumb Code     0  libinit2.o(.ARM.Collect$$libinit$$00000019)
    __rt_lib_init_preinit_1                  0x08000163   Thumb Code     0  libinit2.o(.ARM.Collect$$libinit$$00000004)
    __rt_lib_init_rand_1                     0x08000163   Thumb Code     0  libinit2.o(.ARM.Collect$$libinit$$0000000E)
    __rt_lib_init_return                     0x08000163   Thumb Code     0  libinit2.o(.ARM.Collect$$libinit$$00000033)
    __rt_lib_init_signal_1                   0x08000163   Thumb Code     0  libinit2.o(.ARM.Collect$$libinit$$0000001D)
    __rt_lib_init_stdio_1                    0x08000163   Thumb Code     0  libinit2.o(.ARM.Collect$$libinit$$00000025)
    __rt_lib_init_user_alloc_1               0x08000163   Thumb Code     0  libinit2.o(.ARM.Collect$$libinit$$0000000C)
    __rt_lib_shutdown                        0x08000165   Thumb Code     0  libshutdown.o(.ARM.Collect$$libshutdown$$00000000)
    __rt_lib_shutdown_cpp_1                  0x08000167   Thumb Code     0  libshutdown2.o(.ARM.Collect$$libshutdown$$00000004)
    __rt_lib_shutdown_fini_1                 0x08000167   Thumb Code     0  libshutdown2.o(.ARM.Collect$$libshutdown$$00000002)
    __rt_lib_shutdown_fp_trap_1              0x08000167   Thumb Code     0  libshutdown2.o(.ARM.Collect$$libshutdown$$00000009)
    __rt_lib_shutdown_heap_1                 0x08000167   Thumb Code     0  libshutdown2.o(.ARM.Collect$$libshutdown$$00000011)
    __rt_lib_shutdown_return                 0x08000167   Thumb Code     0  libshutdown2.o(.ARM.Collect$$libshutdown$$00000012)
    __rt_lib_shutdown_signal_1               0x08000167   Thumb Code     0  libshutdown2.o(.ARM.Collect$$libshutdown$$0000000C)
    __rt_lib_shutdown_stdio_1                0x08000167   Thumb Code     0  libshutdown2.o(.ARM.Collect$$libshutdown$$00000006)
    __rt_lib_shutdown_user_alloc_1           0x08000167   Thumb Code     0  libshutdown2.o(.ARM.Collect$$libshutdown$$0000000E)
    __rt_entry                               0x08000169   Thumb Code     0  __rtentry.o(.ARM.Collect$$rtentry$$00000000)
    __rt_entry_presh_1                       0x08000169   Thumb Code     0  __rtentry2.o(.ARM.Collect$$rtentry$$00000002)
    __rt_entry_sh                            0x08000169   Thumb Code     0  __rtentry4.o(.ARM.Collect$$rtentry$$00000004)
    __rt_entry_li                            0x0800016f   Thumb Code     0  __rtentry2.o(.ARM.Collect$$rtentry$$0000000A)
    __rt_entry_postsh_1                      0x0800016f   Thumb Code     0  __rtentry2.o(.ARM.Collect$$rtentry$$00000009)
    __rt_entry_main                          0x08000173   Thumb Code     0  __rtentry2.o(.ARM.Collect$$rtentry$$0000000D)
    __rt_entry_postli_1                      0x08000173   Thumb Code     0  __rtentry2.o(.ARM.Collect$$rtentry$$0000000C)
    __rt_exit                                0x0800017b   Thumb Code     0  rtexit.o(.ARM.Collect$$rtexit$$00000000)
    __rt_exit_ls                             0x0800017d   Thumb Code     0  rtexit2.o(.ARM.Collect$$rtexit$$00000003)
    __rt_exit_prels_1                        0x0800017d   Thumb Code     0  rtexit2.o(.ARM.Collect$$rtexit$$00000002)
    __rt_exit_exit                           0x08000181   Thumb Code     0  rtexit2.o(.ARM.Collect$$rtexit$$00000004)
    SVC_Handler                              0x08000189   Thumb Code    32  port.o(.emb_text)
    __asm___6_port_c_39a90d8d__prvStartFirstTask 0x080001ad   Thumb Code    28  port.o(.emb_text)
    PendSV_Handler                           0x080001cd   Thumb Code    72  port.o(.emb_text)
    vPortGetIPSR                             0x08000219   Thumb Code     6  port.o(.emb_text)
    Reset_Handler                            0x08000221   Thumb Code     8  startup_stm32f103xb.o(.text)
    ADC1_2_IRQHandler                        0x0800023b   Thumb Code     0  startup_stm32f103xb.o(.text)
    CAN1_RX1_IRQHandler                      0x0800023b   Thumb Code     0  startup_stm32f103xb.o(.text)
    CAN1_SCE_IRQHandler                      0x0800023b   Thumb Code     0  startup_stm32f103xb.o(.text)
    DMA1_Channel1_IRQHandler                 0x0800023b   Thumb Code     0  startup_stm32f103xb.o(.text)
    DMA1_Channel2_IRQHandler                 0x0800023b   Thumb Code     0  startup_stm32f103xb.o(.text)
    DMA1_Channel3_IRQHandler                 0x0800023b   Thumb Code     0  startup_stm32f103xb.o(.text)
    DMA1_Channel4_IRQHandler                 0x0800023b   Thumb Code     0  startup_stm32f103xb.o(.text)
    DMA1_Channel5_IRQHandler                 0x0800023b   Thumb Code     0  startup_stm32f103xb.o(.text)
    DMA1_Channel6_IRQHandler                 0x0800023b   Thumb Code     0  startup_stm32f103xb.o(.text)
    DMA1_Channel7_IRQHandler                 0x0800023b   Thumb Code     0  startup_stm32f103xb.o(.text)
    EXTI0_IRQHandler                         0x0800023b   Thumb Code     0  startup_stm32f103xb.o(.text)
    EXTI15_10_IRQHandler                     0x0800023b   Thumb Code     0  startup_stm32f103xb.o(.text)
    EXTI1_IRQHandler                         0x0800023b   Thumb Code     0  startup_stm32f103xb.o(.text)
    EXTI3_IRQHandler                         0x0800023b   Thumb Code     0  startup_stm32f103xb.o(.text)
    EXTI4_IRQHandler                         0x0800023b   Thumb Code     0  startup_stm32f103xb.o(.text)
    EXTI9_5_IRQHandler                       0x0800023b   Thumb Code     0  startup_stm32f103xb.o(.text)
    FLASH_IRQHandler                         0x0800023b   Thumb Code     0  startup_stm32f103xb.o(.text)
    I2C1_ER_IRQHandler                       0x0800023b   Thumb Code     0  startup_stm32f103xb.o(.text)
    I2C1_EV_IRQHandler                       0x0800023b   Thumb Code     0  startup_stm32f103xb.o(.text)
    I2C2_ER_IRQHandler                       0x0800023b   Thumb Code     0  startup_stm32f103xb.o(.text)
    I2C2_EV_IRQHandler                       0x0800023b   Thumb Code     0  startup_stm32f103xb.o(.text)
    PVD_IRQHandler                           0x0800023b   Thumb Code     0  startup_stm32f103xb.o(.text)
    RCC_IRQHandler                           0x0800023b   Thumb Code     0  startup_stm32f103xb.o(.text)
    RTC_Alarm_IRQHandler                     0x0800023b   Thumb Code     0  startup_stm32f103xb.o(.text)
    RTC_IRQHandler                           0x0800023b   Thumb Code     0  startup_stm32f103xb.o(.text)
    SPI1_IRQHandler                          0x0800023b   Thumb Code     0  startup_stm32f103xb.o(.text)
    SPI2_IRQHandler                          0x0800023b   Thumb Code     0  startup_stm32f103xb.o(.text)
    TAMPER_IRQHandler                        0x0800023b   Thumb Code     0  startup_stm32f103xb.o(.text)
    TIM1_BRK_IRQHandler                      0x0800023b   Thumb Code     0  startup_stm32f103xb.o(.text)
    TIM1_CC_IRQHandler                       0x0800023b   Thumb Code     0  startup_stm32f103xb.o(.text)
    TIM1_TRG_COM_IRQHandler                  0x0800023b   Thumb Code     0  startup_stm32f103xb.o(.text)
    TIM2_IRQHandler                          0x0800023b   Thumb Code     0  startup_stm32f103xb.o(.text)
    TIM4_IRQHandler                          0x0800023b   Thumb Code     0  startup_stm32f103xb.o(.text)
    USART1_IRQHandler                        0x0800023b   Thumb Code     0  startup_stm32f103xb.o(.text)
    USART2_IRQHandler                        0x0800023b   Thumb Code     0  startup_stm32f103xb.o(.text)
    USART3_IRQHandler                        0x0800023b   Thumb Code     0  startup_stm32f103xb.o(.text)
    USBWakeUp_IRQHandler                     0x0800023b   Thumb Code     0  startup_stm32f103xb.o(.text)
    USB_HP_CAN1_TX_IRQHandler                0x0800023b   Thumb Code     0  startup_stm32f103xb.o(.text)
    WWDG_IRQHandler                          0x0800023b   Thumb Code     0  startup_stm32f103xb.o(.text)
    __user_initial_stackheap                 0x0800023d   Thumb Code     0  startup_stm32f103xb.o(.text)
    __aeabi_memcpy                           0x08000261   Thumb Code     0  rt_memcpy_v6.o(.text)
    __rt_memcpy                              0x08000261   Thumb Code   138  rt_memcpy_v6.o(.text)
    _memcpy_lastbytes                        0x080002c7   Thumb Code     0  rt_memcpy_v6.o(.text)
    __aeabi_memcpy4                          0x080002eb   Thumb Code     0  rt_memcpy_w.o(.text)
    __aeabi_memcpy8                          0x080002eb   Thumb Code     0  rt_memcpy_w.o(.text)
    __rt_memcpy_w                            0x080002eb   Thumb Code   100  rt_memcpy_w.o(.text)
    _memcpy_lastbytes_aligned                0x08000333   Thumb Code     0  rt_memcpy_w.o(.text)
    __aeabi_memclr4                          0x0800034f   Thumb Code     0  rt_memclr_w.o(.text)
    __aeabi_memclr8                          0x0800034f   Thumb Code     0  rt_memclr_w.o(.text)
    __rt_memclr_w                            0x0800034f   Thumb Code    78  rt_memclr_w.o(.text)
    _memset_w                                0x08000353   Thumb Code     0  rt_memclr_w.o(.text)
    __use_two_region_memory                  0x0800039d   Thumb Code     2  heapauxi.o(.text)
    __rt_heap_escrow$2region                 0x0800039f   Thumb Code     2  heapauxi.o(.text)
    __rt_heap_expand$2region                 0x080003a1   Thumb Code     2  heapauxi.o(.text)
    __user_setup_stackheap                   0x080003a3   Thumb Code    74  sys_stackheap_outer.o(.text)
    exit                                     0x080003ed   Thumb Code    18  exit.o(.text)
    __user_libspace                          0x08000401   Thumb Code     8  libspace.o(.text)
    __user_perproc_libspace                  0x08000401   Thumb Code     0  libspace.o(.text)
    __user_perthread_libspace                0x08000401   Thumb Code     0  libspace.o(.text)
    _sys_exit                                0x08000409   Thumb Code     8  sys_exit.o(.text)
    __I$use$semihosting                      0x08000415   Thumb Code     0  use_no_semi.o(.text)
    __use_no_semihosting_swi                 0x08000415   Thumb Code     2  use_no_semi.o(.text)
    BusFault_Handler                         0x08000417   Thumb Code     2  stm32f1xx_it.o(i.BusFault_Handler)
    __semihosting_library_function           0x08000417   Thumb Code     0  indicate_semi.o(.text)
    DebugMon_Handler                         0x08000419   Thumb Code     2  stm32f1xx_it.o(i.DebugMon_Handler)
    EXTI2_IRQHandler                         0x0800041b   Thumb Code     6  stm32f1xx_it.o(i.EXTI2_IRQHandler)
    Error_Handler                            0x08000421   Thumb Code     4  main.o(i.Error_Handler)
    HAL_CAN_ErrorCallback                    0x08000425   Thumb Code     2  stm32f1xx_hal_can.o(i.HAL_CAN_ErrorCallback)
    HAL_CAN_IRQHandler                       0x08000427   Thumb Code   508  stm32f1xx_hal_can.o(i.HAL_CAN_IRQHandler)
    HAL_CAN_Init                             0x08000623   Thumb Code   282  stm32f1xx_hal_can.o(i.HAL_CAN_Init)
    HAL_CAN_MspInit                          0x0800073d   Thumb Code   112  can.o(i.HAL_CAN_MspInit)
    HAL_CAN_RxFifo0FullCallback              0x080007b9   Thumb Code     2  stm32f1xx_hal_can.o(i.HAL_CAN_RxFifo0FullCallback)
    HAL_CAN_RxFifo0MsgPendingCallback        0x080007bb   Thumb Code     2  stm32f1xx_hal_can.o(i.HAL_CAN_RxFifo0MsgPendingCallback)
    HAL_CAN_RxFifo1FullCallback              0x080007bd   Thumb Code     2  stm32f1xx_hal_can.o(i.HAL_CAN_RxFifo1FullCallback)
    HAL_CAN_RxFifo1MsgPendingCallback        0x080007bf   Thumb Code     2  stm32f1xx_hal_can.o(i.HAL_CAN_RxFifo1MsgPendingCallback)
    HAL_CAN_SleepCallback                    0x080007c1   Thumb Code     2  stm32f1xx_hal_can.o(i.HAL_CAN_SleepCallback)
    HAL_CAN_TxMailbox0AbortCallback          0x080007c3   Thumb Code     2  stm32f1xx_hal_can.o(i.HAL_CAN_TxMailbox0AbortCallback)
    HAL_CAN_TxMailbox0CompleteCallback       0x080007c5   Thumb Code     2  stm32f1xx_hal_can.o(i.HAL_CAN_TxMailbox0CompleteCallback)
    HAL_CAN_TxMailbox1AbortCallback          0x080007c7   Thumb Code     2  stm32f1xx_hal_can.o(i.HAL_CAN_TxMailbox1AbortCallback)
    HAL_CAN_TxMailbox1CompleteCallback       0x080007c9   Thumb Code     2  stm32f1xx_hal_can.o(i.HAL_CAN_TxMailbox1CompleteCallback)
    HAL_CAN_TxMailbox2AbortCallback          0x080007cb   Thumb Code     2  stm32f1xx_hal_can.o(i.HAL_CAN_TxMailbox2AbortCallback)
    HAL_CAN_TxMailbox2CompleteCallback       0x080007cd   Thumb Code     2  stm32f1xx_hal_can.o(i.HAL_CAN_TxMailbox2CompleteCallback)
    HAL_CAN_WakeUpFromRxMsgCallback          0x080007cf   Thumb Code     2  stm32f1xx_hal_can.o(i.HAL_CAN_WakeUpFromRxMsgCallback)
    HAL_GPIO_EXTI_Callback                   0x080007d1   Thumb Code     2  id_key.o(i.HAL_GPIO_EXTI_Callback)
    HAL_GPIO_EXTI_IRQHandler                 0x080007d5   Thumb Code    18  stm32f1xx_hal_gpio.o(i.HAL_GPIO_EXTI_IRQHandler)
    HAL_GPIO_Init                            0x080007ed   Thumb Code   446  stm32f1xx_hal_gpio.o(i.HAL_GPIO_Init)
    HAL_GPIO_WritePin                        0x080009cd   Thumb Code    10  stm32f1xx_hal_gpio.o(i.HAL_GPIO_WritePin)
    HAL_GetTick                              0x080009d9   Thumb Code     6  stm32f1xx_hal.o(i.HAL_GetTick)
    HAL_IncTick                              0x080009e5   Thumb Code    12  stm32f1xx_hal.o(i.HAL_IncTick)
    HAL_Init                                 0x080009f5   Thumb Code    32  stm32f1xx_hal.o(i.HAL_Init)
    HAL_InitTick                             0x08000a19   Thumb Code   118  stm32f1xx_hal_timebase_tim.o(i.HAL_InitTick)
    HAL_MspInit                              0x08000aa5   Thumb Code    62  stm32f1xx_hal_msp.o(i.HAL_MspInit)
    HAL_NVIC_EnableIRQ                       0x08000aed   Thumb Code    26  stm32f1xx_hal_cortex.o(i.HAL_NVIC_EnableIRQ)
    HAL_NVIC_SetPriority                     0x08000b09   Thumb Code    60  stm32f1xx_hal_cortex.o(i.HAL_NVIC_SetPriority)
    HAL_NVIC_SetPriorityGrouping             0x08000b49   Thumb Code    26  stm32f1xx_hal_cortex.o(i.HAL_NVIC_SetPriorityGrouping)
    HAL_RCC_ClockConfig                      0x08000b6d   Thumb Code   280  stm32f1xx_hal_rcc.o(i.HAL_RCC_ClockConfig)
    HAL_RCC_GetClockConfig                   0x08000c99   Thumb Code    54  stm32f1xx_hal_rcc.o(i.HAL_RCC_GetClockConfig)
    HAL_RCC_GetPCLK2Freq                     0x08000cd9   Thumb Code    20  stm32f1xx_hal_rcc.o(i.HAL_RCC_GetPCLK2Freq)
    HAL_RCC_GetSysClockFreq                  0x08000cf9   Thumb Code    58  stm32f1xx_hal_rcc.o(i.HAL_RCC_GetSysClockFreq)
    HAL_RCC_OscConfig                        0x08000d45   Thumb Code   778  stm32f1xx_hal_rcc.o(i.HAL_RCC_OscConfig)
    HAL_SPI_Init                             0x08001065   Thumb Code   178  stm32f1xx_hal_spi.o(i.HAL_SPI_Init)
    HAL_SPI_MspInit                          0x08001119   Thumb Code   102  spi.o(i.HAL_SPI_MspInit)
    HAL_TIMEx_BreakCallback                  0x0800118d   Thumb Code     2  stm32f1xx_hal_tim_ex.o(i.HAL_TIMEx_BreakCallback)
    HAL_TIMEx_CommutCallback                 0x0800118f   Thumb Code     2  stm32f1xx_hal_tim_ex.o(i.HAL_TIMEx_CommutCallback)
    HAL_TIMEx_MasterConfigSynchronization    0x08001191   Thumb Code    92  stm32f1xx_hal_tim_ex.o(i.HAL_TIMEx_MasterConfigSynchronization)
    HAL_TIM_Base_Init                        0x080011f9   Thumb Code    90  stm32f1xx_hal_tim.o(i.HAL_TIM_Base_Init)
    HAL_TIM_Base_MspInit                     0x08001255   Thumb Code    50  tim.o(i.HAL_TIM_Base_MspInit)
    HAL_TIM_Base_Start_IT                    0x08001291   Thumb Code    76  stm32f1xx_hal_tim.o(i.HAL_TIM_Base_Start_IT)
    HAL_TIM_ConfigClockSource                0x080012e9   Thumb Code   220  stm32f1xx_hal_tim.o(i.HAL_TIM_ConfigClockSource)
    HAL_TIM_IC_CaptureCallback               0x080013c5   Thumb Code     2  stm32f1xx_hal_tim.o(i.HAL_TIM_IC_CaptureCallback)
    HAL_TIM_IRQHandler                       0x080013c7   Thumb Code   358  stm32f1xx_hal_tim.o(i.HAL_TIM_IRQHandler)
    HAL_TIM_MspPostInit                      0x0800152d   Thumb Code    82  tim.o(i.HAL_TIM_MspPostInit)
    HAL_TIM_OC_DelayElapsedCallback          0x0800158d   Thumb Code     2  stm32f1xx_hal_tim.o(i.HAL_TIM_OC_DelayElapsedCallback)
    HAL_TIM_PWM_ConfigChannel                0x0800158f   Thumb Code   204  stm32f1xx_hal_tim.o(i.HAL_TIM_PWM_ConfigChannel)
    HAL_TIM_PWM_Init                         0x0800165b   Thumb Code    90  stm32f1xx_hal_tim.o(i.HAL_TIM_PWM_Init)
    HAL_TIM_PWM_MspInit                      0x080016b5   Thumb Code    30  tim.o(i.HAL_TIM_PWM_MspInit)
    HAL_TIM_PWM_PulseFinishedCallback        0x080016d9   Thumb Code     2  stm32f1xx_hal_tim.o(i.HAL_TIM_PWM_PulseFinishedCallback)
    HAL_TIM_PeriodElapsedCallback            0x080016dd   Thumb Code    14  main.o(i.HAL_TIM_PeriodElapsedCallback)
    HAL_TIM_TriggerCallback                  0x080016f1   Thumb Code     2  stm32f1xx_hal_tim.o(i.HAL_TIM_TriggerCallback)
    HardFault_Handler                        0x080016f3   Thumb Code     2  stm32f1xx_it.o(i.HardFault_Handler)
    IDLEDAndIDSet                            0x080016f5   Thumb Code     2  id_key.o(i.IDLEDAndIDSet)
    MX_CAN_Init                              0x080016f9   Thumb Code    60  can.o(i.MX_CAN_Init)
    MX_FREERTOS_Init                         0x0800173d   Thumb Code    54  freertos.o(i.MX_FREERTOS_Init)
    MX_GPIO_Init                             0x0800177d   Thumb Code   188  gpio.o(i.MX_GPIO_Init)
    MX_SPI2_Init                             0x08001849   Thumb Code    66  spi.o(i.MX_SPI2_Init)
    MX_TIM2_Init                             0x08001895   Thumb Code   120  tim.o(i.MX_TIM2_Init)
    MX_TIM3_Init                             0x08001911   Thumb Code    96  tim.o(i.MX_TIM3_Init)
    MemManage_Handler                        0x08001979   Thumb Code     2  stm32f1xx_it.o(i.MemManage_Handler)
    NMI_Handler                              0x0800197b   Thumb Code     2  stm32f1xx_it.o(i.NMI_Handler)
    StartDefaultTask                         0x0800197d   Thumb Code     8  freertos.o(i.StartDefaultTask)
    SysTick_Handler                          0x08001985   Thumb Code    38  port.o(i.SysTick_Handler)
    SystemClock_Config                       0x080019b1   Thumb Code    94  main.o(i.SystemClock_Config)
    SystemInit                               0x08001a0f   Thumb Code     2  system_stm32f1xx.o(i.SystemInit)
    TIM1_UP_IRQHandler                       0x08001a11   Thumb Code     6  stm32f1xx_it.o(i.TIM1_UP_IRQHandler)
    TIM3_IRQHandler                          0x08001a1d   Thumb Code     6  stm32f1xx_it.o(i.TIM3_IRQHandler)
    TIM_Base_SetConfig                       0x08001a29   Thumb Code    94  stm32f1xx_hal_tim.o(i.TIM_Base_SetConfig)
    TIM_ETR_SetConfig                        0x08001a95   Thumb Code    20  stm32f1xx_hal_tim.o(i.TIM_ETR_SetConfig)
    TIM_OC2_SetConfig                        0x08001b09   Thumb Code    84  stm32f1xx_hal_tim.o(i.TIM_OC2_SetConfig)
    USB_LP_CAN1_RX0_IRQHandler               0x08001c45   Thumb Code     6  stm32f1xx_it.o(i.USB_LP_CAN1_RX0_IRQHandler)
    UsageFault_Handler                       0x08001c51   Thumb Code     2  stm32f1xx_it.o(i.UsageFault_Handler)
    main                                     0x08001c73   Thumb Code    38  main.o(i.main)
    osDelay                                  0x08001ca5   Thumb Code    14  cmsis_os.o(i.osDelay)
    osKernelStart                            0x08001cb3   Thumb Code    10  cmsis_os.o(i.osKernelStart)
    osThreadCreate                           0x08001cbd   Thumb Code    84  cmsis_os.o(i.osThreadCreate)
    osTimerCreate                            0x08001d11   Thumb Code    60  cmsis_os.o(i.osTimerCreate)
    pvPortMalloc                             0x080024c1   Thumb Code   210  heap_4.o(i.pvPortMalloc)
    pxPortInitialiseStack                    0x08002599   Thumb Code    32  port.o(i.pxPortInitialiseStack)
    uxListRemove                             0x080025bd   Thumb Code    38  list.o(i.uxListRemove)
    vApplicationGetIdleTaskMemory            0x080025e5   Thumb Code    16  freertos.o(i.vApplicationGetIdleTaskMemory)
    vApplicationGetTimerTaskMemory           0x080025f9   Thumb Code    16  freertos.o(i.vApplicationGetTimerTaskMemory)
    vListInitialise                          0x0800260d   Thumb Code    22  list.o(i.vListInitialise)
    vListInitialiseItem                      0x08002623   Thumb Code     6  list.o(i.vListInitialiseItem)
    vListInsert                              0x08002629   Thumb Code    48  list.o(i.vListInsert)
    vListInsertEnd                           0x08002659   Thumb Code    24  list.o(i.vListInsertEnd)
    vPortEnterCritical                       0x08002671   Thumb Code    54  port.o(i.vPortEnterCritical)
    vPortExitCritical                        0x080026b1   Thumb Code    34  port.o(i.vPortExitCritical)
    vPortFree                                0x080026d9   Thumb Code    88  heap_4.o(i.vPortFree)
    vPortSetupTimerInterrupt                 0x08002735   Thumb Code    32  port.o(i.vPortSetupTimerInterrupt)
    vPortValidateInterruptPriority           0x08002759   Thumb Code    74  port.o(i.vPortValidateInterruptPriority)
    vQueueAddToRegistry                      0x080027ad   Thumb Code    34  queue.o(i.vQueueAddToRegistry)
    vQueueWaitForMessageRestricted           0x080027d5   Thumb Code    68  queue.o(i.vQueueWaitForMessageRestricted)
    vTaskDelay                               0x08002819   Thumb Code    66  tasks.o(i.vTaskDelay)
    vTaskInternalSetTimeOutState             0x08002865   Thumb Code    12  tasks.o(i.vTaskInternalSetTimeOutState)
    vTaskMissedYield                         0x08002875   Thumb Code     8  tasks.o(i.vTaskMissedYield)
    vTaskPlaceOnEventList                    0x08002881   Thumb Code    44  tasks.o(i.vTaskPlaceOnEventList)
    vTaskPlaceOnEventListRestricted          0x080028b1   Thumb Code    52  tasks.o(i.vTaskPlaceOnEventListRestricted)
    vTaskStartScheduler                      0x080028e9   Thumb Code   118  tasks.o(i.vTaskStartScheduler)
    vTaskSuspendAll                          0x08002971   Thumb Code    10  tasks.o(i.vTaskSuspendAll)
    vTaskSwitchContext                       0x08002981   Thumb Code    82  tasks.o(i.vTaskSwitchContext)
    xPortStartScheduler                      0x080029dd   Thumb Code   154  port.o(i.xPortStartScheduler)
    xQueueGenericCreateStatic                0x08002a85   Thumb Code   102  queue.o(i.xQueueGenericCreateStatic)
    xQueueGenericReset                       0x08002aed   Thumb Code   132  queue.o(i.xQueueGenericReset)
    xQueueGenericSend                        0x08002b75   Thumb Code   346  queue.o(i.xQueueGenericSend)
    xQueueGenericSendFromISR                 0x08002cd5   Thumb Code   188  queue.o(i.xQueueGenericSendFromISR)
    xQueueReceive                            0x08002d91   Thumb Code   308  queue.o(i.xQueueReceive)
    xTaskCheckForTimeOut                     0x08002ec9   Thumb Code   112  tasks.o(i.xTaskCheckForTimeOut)
    xTaskCreate                              0x08002f3d   Thumb Code    90  tasks.o(i.xTaskCreate)
    xTaskCreateStatic                        0x08002f97   Thumb Code    86  tasks.o(i.xTaskCreateStatic)
    xTaskGetSchedulerState                   0x08002fed   Thumb Code    22  tasks.o(i.xTaskGetSchedulerState)
    xTaskGetTickCount                        0x08003009   Thumb Code     6  tasks.o(i.xTaskGetTickCount)
    xTaskIncrementTick                       0x08003015   Thumb Code   192  tasks.o(i.xTaskIncrementTick)
    xTaskPriorityDisinherit                  0x080030dd   Thumb Code   144  tasks.o(i.xTaskPriorityDisinherit)
    xTaskRemoveFromEventList                 0x08003175   Thumb Code   108  tasks.o(i.xTaskRemoveFromEventList)
    xTaskResumeAll                           0x080031e9   Thumb Code   182  tasks.o(i.xTaskResumeAll)
    xTimerCreate                             0x080032ad   Thumb Code    52  timers.o(i.xTimerCreate)
    xTimerCreateStatic                       0x080032e1   Thumb Code    46  timers.o(i.xTimerCreateStatic)
    xTimerCreateTimerTask                    0x08003311   Thumb Code    78  timers.o(i.xTimerCreateTimerTask)
    xTimerGenericCommand                     0x08003371   Thumb Code    92  timers.o(i.xTimerGenericCommand)
    AHBPrescTable                            0x08003406   Data          16  system_stm32f1xx.o(.constdata)
    APBPrescTable                            0x08003416   Data           8  system_stm32f1xx.o(.constdata)
    Region$$Table$$Base                      0x0800342c   Number         0  anon$$obj.o(Region$$Table)
    Region$$Table$$Limit                     0x0800344c   Number         0  anon$$obj.o(Region$$Table)
    defaultTaskHandle                        0x20000000   Data           4  freertos.o(.data)
    IDTimerHandle                            0x20000004   Data           4  freertos.o(.data)
    uwTickFreq                               0x20000008   Data           1  stm32f1xx_hal.o(.data)
    uwTickPrio                               0x2000000c   Data           4  stm32f1xx_hal.o(.data)
    uwTick                                   0x20000010   Data           4  stm32f1xx_hal.o(.data)
    SystemCoreClock                          0x20000014   Data           4  system_stm32f1xx.o(.data)
    pxCurrentTCB                             0x20000018   Data           4  tasks.o(.data)
    hcan                                     0x20000534   Data          40  can.o(.bss)
    hspi2                                    0x2000055c   Data          88  spi.o(.bss)
    htim2                                    0x200005b4   Data          72  tim.o(.bss)
    htim3                                    0x200005fc   Data          72  tim.o(.bss)
    htim1                                    0x20000644   Data          72  stm32f1xx_hal_timebase_tim.o(.bss)
    xQueueRegistry                           0x2000068c   Data          64  queue.o(.bss)
    __libspace_start                         0x2000147c   Data          96  libspace.o(.bss)
    __temporary_stack_top$libspace           0x200014dc   Data           0  libspace.o(.bss)



==============================================================================

Memory Map of the image

  Image Entry point : 0x080000ed

  Load Region LR_IROM1 (Base: 0x08000000, Size: 0x000034d8, Max: 0x00020000, ABSOLUTE)

    Execution Region ER_IROM1 (Exec base: 0x08000000, Load base: 0x08000000, Size: 0x0000344c, Max: 0x00020000, ABSOLUTE)

    Exec Addr    Load Addr    Size         Type   Attr      Idx    E Section Name        Object

    0x08000000   0x08000000   0x000000ec   Data   RO            3    RESET               startup_stm32f103xb.o
    0x080000ec   0x080000ec   0x00000008   Code   RO         4590  * !!!main             c_w.l(__main.o)
    0x080000f4   0x080000f4   0x00000034   Code   RO         4751    !!!scatter          c_w.l(__scatter.o)
    0x08000128   0x08000128   0x0000001a   Code   RO         4753    !!handler_copy      c_w.l(__scatter_copy.o)
    0x08000142   0x08000142   0x00000002   PAD
    0x08000144   0x08000144   0x0000001c   Code   RO         4755    !!handler_zi        c_w.l(__scatter_zi.o)
    0x08000160   0x08000160   0x00000002   Code   RO         4619    .ARM.Collect$$libinit$$00000000  c_w.l(libinit.o)
    0x08000162   0x08000162   0x00000000   Code   RO         4626    .ARM.Collect$$libinit$$00000002  c_w.l(libinit2.o)
    0x08000162   0x08000162   0x00000000   Code   RO         4628    .ARM.Collect$$libinit$$00000004  c_w.l(libinit2.o)
    0x08000162   0x08000162   0x00000000   Code   RO         4631    .ARM.Collect$$libinit$$0000000A  c_w.l(libinit2.o)
    0x08000162   0x08000162   0x00000000   Code   RO         4633    .ARM.Collect$$libinit$$0000000C  c_w.l(libinit2.o)
    0x08000162   0x08000162   0x00000000   Code   RO         4635    .ARM.Collect$$libinit$$0000000E  c_w.l(libinit2.o)
    0x08000162   0x08000162   0x00000000   Code   RO         4638    .ARM.Collect$$libinit$$00000011  c_w.l(libinit2.o)
    0x08000162   0x08000162   0x00000000   Code   RO         4640    .ARM.Collect$$libinit$$00000013  c_w.l(libinit2.o)
    0x08000162   0x08000162   0x00000000   Code   RO         4642    .ARM.Collect$$libinit$$00000015  c_w.l(libinit2.o)
    0x08000162   0x08000162   0x00000000   Code   RO         4644    .ARM.Collect$$libinit$$00000017  c_w.l(libinit2.o)
    0x08000162   0x08000162   0x00000000   Code   RO         4646    .ARM.Collect$$libinit$$00000019  c_w.l(libinit2.o)
    0x08000162   0x08000162   0x00000000   Code   RO         4648    .ARM.Collect$$libinit$$0000001B  c_w.l(libinit2.o)
    0x08000162   0x08000162   0x00000000   Code   RO         4650    .ARM.Collect$$libinit$$0000001D  c_w.l(libinit2.o)
    0x08000162   0x08000162   0x00000000   Code   RO         4652    .ARM.Collect$$libinit$$0000001F  c_w.l(libinit2.o)
    0x08000162   0x08000162   0x00000000   Code   RO         4654    .ARM.Collect$$libinit$$00000021  c_w.l(libinit2.o)
    0x08000162   0x08000162   0x00000000   Code   RO         4656    .ARM.Collect$$libinit$$00000023  c_w.l(libinit2.o)
    0x08000162   0x08000162   0x00000000   Code   RO         4658    .ARM.Collect$$libinit$$00000025  c_w.l(libinit2.o)
    0x08000162   0x08000162   0x00000000   Code   RO         4662    .ARM.Collect$$libinit$$0000002C  c_w.l(libinit2.o)
    0x08000162   0x08000162   0x00000000   Code   RO         4664    .ARM.Collect$$libinit$$0000002E  c_w.l(libinit2.o)
    0x08000162   0x08000162   0x00000000   Code   RO         4666    .ARM.Collect$$libinit$$00000030  c_w.l(libinit2.o)
    0x08000162   0x08000162   0x00000000   Code   RO         4668    .ARM.Collect$$libinit$$00000032  c_w.l(libinit2.o)
    0x08000162   0x08000162   0x00000002   Code   RO         4669    .ARM.Collect$$libinit$$00000033  c_w.l(libinit2.o)
    0x08000164   0x08000164   0x00000002   Code   RO         4689    .ARM.Collect$$libshutdown$$00000000  c_w.l(libshutdown.o)
    0x08000166   0x08000166   0x00000000   Code   RO         4702    .ARM.Collect$$libshutdown$$00000002  c_w.l(libshutdown2.o)
    0x08000166   0x08000166   0x00000000   Code   RO         4704    .ARM.Collect$$libshutdown$$00000004  c_w.l(libshutdown2.o)
    0x08000166   0x08000166   0x00000000   Code   RO         4706    .ARM.Collect$$libshutdown$$00000006  c_w.l(libshutdown2.o)
    0x08000166   0x08000166   0x00000000   Code   RO         4709    .ARM.Collect$$libshutdown$$00000009  c_w.l(libshutdown2.o)
    0x08000166   0x08000166   0x00000000   Code   RO         4712    .ARM.Collect$$libshutdown$$0000000C  c_w.l(libshutdown2.o)
    0x08000166   0x08000166   0x00000000   Code   RO         4714    .ARM.Collect$$libshutdown$$0000000E  c_w.l(libshutdown2.o)
    0x08000166   0x08000166   0x00000000   Code   RO         4717    .ARM.Collect$$libshutdown$$00000011  c_w.l(libshutdown2.o)
    0x08000166   0x08000166   0x00000002   Code   RO         4718    .ARM.Collect$$libshutdown$$00000012  c_w.l(libshutdown2.o)
    0x08000168   0x08000168   0x00000000   Code   RO         4592    .ARM.Collect$$rtentry$$00000000  c_w.l(__rtentry.o)
    0x08000168   0x08000168   0x00000000   Code   RO         4596    .ARM.Collect$$rtentry$$00000002  c_w.l(__rtentry2.o)
    0x08000168   0x08000168   0x00000006   Code   RO         4608    .ARM.Collect$$rtentry$$00000004  c_w.l(__rtentry4.o)
    0x0800016e   0x0800016e   0x00000000   Code   RO         4598    .ARM.Collect$$rtentry$$00000009  c_w.l(__rtentry2.o)
    0x0800016e   0x0800016e   0x00000004   Code   RO         4599    .ARM.Collect$$rtentry$$0000000A  c_w.l(__rtentry2.o)
    0x08000172   0x08000172   0x00000000   Code   RO         4601    .ARM.Collect$$rtentry$$0000000C  c_w.l(__rtentry2.o)
    0x08000172   0x08000172   0x00000008   Code   RO         4602    .ARM.Collect$$rtentry$$0000000D  c_w.l(__rtentry2.o)
    0x0800017a   0x0800017a   0x00000002   Code   RO         4623    .ARM.Collect$$rtexit$$00000000  c_w.l(rtexit.o)
    0x0800017c   0x0800017c   0x00000000   Code   RO         4671    .ARM.Collect$$rtexit$$00000002  c_w.l(rtexit2.o)
    0x0800017c   0x0800017c   0x00000004   Code   RO         4672    .ARM.Collect$$rtexit$$00000003  c_w.l(rtexit2.o)
    0x08000180   0x08000180   0x00000006   Code   RO         4673    .ARM.Collect$$rtexit$$00000004  c_w.l(rtexit2.o)
    0x08000186   0x08000186   0x00000002   PAD
    0x08000188   0x08000188   0x00000096   Code   RO         4469    .emb_text           port.o
    0x0800021e   0x0800021e   0x00000002   PAD
    0x08000220   0x08000220   0x00000040   Code   RO            4    .text               startup_stm32f103xb.o
    0x08000260   0x08000260   0x0000008a   Code   RO         4580    .text               c_w.l(rt_memcpy_v6.o)
    0x080002ea   0x080002ea   0x00000064   Code   RO         4582    .text               c_w.l(rt_memcpy_w.o)
    0x0800034e   0x0800034e   0x0000004e   Code   RO         4586    .text               c_w.l(rt_memclr_w.o)
    0x0800039c   0x0800039c   0x00000006   Code   RO         4588    .text               c_w.l(heapauxi.o)
    0x080003a2   0x080003a2   0x0000004a   Code   RO         4610    .text               c_w.l(sys_stackheap_outer.o)
    0x080003ec   0x080003ec   0x00000012   Code   RO         4612    .text               c_w.l(exit.o)
    0x080003fe   0x080003fe   0x00000002   PAD
    0x08000400   0x08000400   0x00000008   Code   RO         4620    .text               c_w.l(libspace.o)
    0x08000408   0x08000408   0x0000000c   Code   RO         4681    .text               c_w.l(sys_exit.o)
    0x08000414   0x08000414   0x00000002   Code   RO         4692    .text               c_w.l(use_no_semi.o)
    0x08000416   0x08000416   0x00000000   Code   RO         4694    .text               c_w.l(indicate_semi.o)
    0x08000416   0x08000416   0x00000002   Code   RO          436    i.BusFault_Handler  stm32f1xx_it.o
    0x08000418   0x08000418   0x00000002   Code   RO          437    i.DebugMon_Handler  stm32f1xx_it.o
    0x0800041a   0x0800041a   0x00000006   Code   RO          438    i.EXTI2_IRQHandler  stm32f1xx_it.o
    0x08000420   0x08000420   0x00000004   Code   RO           13    i.Error_Handler     main.o
    0x08000424   0x08000424   0x00000002   Code   RO          623    i.HAL_CAN_ErrorCallback  stm32f1xx_hal_can.o
    0x08000426   0x08000426   0x000001fc   Code   RO          630    i.HAL_CAN_IRQHandler  stm32f1xx_hal_can.o
    0x08000622   0x08000622   0x0000011a   Code   RO          631    i.HAL_CAN_Init      stm32f1xx_hal_can.o
    0x0800073c   0x0800073c   0x0000007c   Code   RO          287    i.HAL_CAN_MspInit   can.o
    0x080007b8   0x080007b8   0x00000002   Code   RO          638    i.HAL_CAN_RxFifo0FullCallback  stm32f1xx_hal_can.o
    0x080007ba   0x080007ba   0x00000002   Code   RO          639    i.HAL_CAN_RxFifo0MsgPendingCallback  stm32f1xx_hal_can.o
    0x080007bc   0x080007bc   0x00000002   Code   RO          640    i.HAL_CAN_RxFifo1FullCallback  stm32f1xx_hal_can.o
    0x080007be   0x080007be   0x00000002   Code   RO          641    i.HAL_CAN_RxFifo1MsgPendingCallback  stm32f1xx_hal_can.o
    0x080007c0   0x080007c0   0x00000002   Code   RO          642    i.HAL_CAN_SleepCallback  stm32f1xx_hal_can.o
    0x080007c2   0x080007c2   0x00000002   Code   RO          645    i.HAL_CAN_TxMailbox0AbortCallback  stm32f1xx_hal_can.o
    0x080007c4   0x080007c4   0x00000002   Code   RO          646    i.HAL_CAN_TxMailbox0CompleteCallback  stm32f1xx_hal_can.o
    0x080007c6   0x080007c6   0x00000002   Code   RO          647    i.HAL_CAN_TxMailbox1AbortCallback  stm32f1xx_hal_can.o
    0x080007c8   0x080007c8   0x00000002   Code   RO          648    i.HAL_CAN_TxMailbox1CompleteCallback  stm32f1xx_hal_can.o
    0x080007ca   0x080007ca   0x00000002   Code   RO          649    i.HAL_CAN_TxMailbox2AbortCallback  stm32f1xx_hal_can.o
    0x080007cc   0x080007cc   0x00000002   Code   RO          650    i.HAL_CAN_TxMailbox2CompleteCallback  stm32f1xx_hal_can.o
    0x080007ce   0x080007ce   0x00000002   Code   RO          652    i.HAL_CAN_WakeUpFromRxMsgCallback  stm32f1xx_hal_can.o
    0x080007d0   0x080007d0   0x00000002   Code   RO         4549    i.HAL_GPIO_EXTI_Callback  id_key.o
    0x080007d2   0x080007d2   0x00000002   PAD
    0x080007d4   0x080007d4   0x00000018   Code   RO         1167    i.HAL_GPIO_EXTI_IRQHandler  stm32f1xx_hal_gpio.o
    0x080007ec   0x080007ec   0x000001e0   Code   RO         1168    i.HAL_GPIO_Init     stm32f1xx_hal_gpio.o
    0x080009cc   0x080009cc   0x0000000a   Code   RO         1172    i.HAL_GPIO_WritePin  stm32f1xx_hal_gpio.o
    0x080009d6   0x080009d6   0x00000002   PAD
    0x080009d8   0x080009d8   0x0000000c   Code   RO          862    i.HAL_GetTick       stm32f1xx_hal.o
    0x080009e4   0x080009e4   0x00000010   Code   RO          868    i.HAL_IncTick       stm32f1xx_hal.o
    0x080009f4   0x080009f4   0x00000024   Code   RO          869    i.HAL_Init          stm32f1xx_hal.o
    0x08000a18   0x08000a18   0x0000008c   Code   RO          542    i.HAL_InitTick      stm32f1xx_hal_timebase_tim.o
    0x08000aa4   0x08000aa4   0x00000048   Code   RO          518    i.HAL_MspInit       stm32f1xx_hal_msp.o
    0x08000aec   0x08000aec   0x0000001a   Code   RO         1328    i.HAL_NVIC_EnableIRQ  stm32f1xx_hal_cortex.o
    0x08000b06   0x08000b06   0x00000002   PAD
    0x08000b08   0x08000b08   0x00000040   Code   RO         1334    i.HAL_NVIC_SetPriority  stm32f1xx_hal_cortex.o
    0x08000b48   0x08000b48   0x00000024   Code   RO         1335    i.HAL_NVIC_SetPriorityGrouping  stm32f1xx_hal_cortex.o
    0x08000b6c   0x08000b6c   0x0000012c   Code   RO         1026    i.HAL_RCC_ClockConfig  stm32f1xx_hal_rcc.o
    0x08000c98   0x08000c98   0x00000040   Code   RO         1030    i.HAL_RCC_GetClockConfig  stm32f1xx_hal_rcc.o
    0x08000cd8   0x08000cd8   0x00000020   Code   RO         1034    i.HAL_RCC_GetPCLK2Freq  stm32f1xx_hal_rcc.o
    0x08000cf8   0x08000cf8   0x0000004c   Code   RO         1035    i.HAL_RCC_GetSysClockFreq  stm32f1xx_hal_rcc.o
    0x08000d44   0x08000d44   0x00000320   Code   RO         1038    i.HAL_RCC_OscConfig  stm32f1xx_hal_rcc.o
    0x08001064   0x08001064   0x000000b2   Code   RO         1839    i.HAL_SPI_Init      stm32f1xx_hal_spi.o
    0x08001116   0x08001116   0x00000002   PAD
    0x08001118   0x08001118   0x00000074   Code   RO          329    i.HAL_SPI_MspInit   spi.o
    0x0800118c   0x0800118c   0x00000002   Code   RO         2856    i.HAL_TIMEx_BreakCallback  stm32f1xx_hal_tim_ex.o
    0x0800118e   0x0800118e   0x00000002   Code   RO         2857    i.HAL_TIMEx_CommutCallback  stm32f1xx_hal_tim_ex.o
    0x08001190   0x08001190   0x00000068   Code   RO         2875    i.HAL_TIMEx_MasterConfigSynchronization  stm32f1xx_hal_tim_ex.o
    0x080011f8   0x080011f8   0x0000005a   Code   RO         2152    i.HAL_TIM_Base_Init  stm32f1xx_hal_tim.o
    0x08001252   0x08001252   0x00000002   PAD
    0x08001254   0x08001254   0x0000003c   Code   RO          371    i.HAL_TIM_Base_MspInit  tim.o
    0x08001290   0x08001290   0x00000058   Code   RO         2157    i.HAL_TIM_Base_Start_IT  stm32f1xx_hal_tim.o
    0x080012e8   0x080012e8   0x000000dc   Code   RO         2161    i.HAL_TIM_ConfigClockSource  stm32f1xx_hal_tim.o
    0x080013c4   0x080013c4   0x00000002   Code   RO         2186    i.HAL_TIM_IC_CaptureCallback  stm32f1xx_hal_tim.o
    0x080013c6   0x080013c6   0x00000166   Code   RO         2200    i.HAL_TIM_IRQHandler  stm32f1xx_hal_tim.o
    0x0800152c   0x0800152c   0x00000060   Code   RO          372    i.HAL_TIM_MspPostInit  tim.o
    0x0800158c   0x0800158c   0x00000002   Code   RO         2203    i.HAL_TIM_OC_DelayElapsedCallback  stm32f1xx_hal_tim.o
    0x0800158e   0x0800158e   0x000000cc   Code   RO         2224    i.HAL_TIM_PWM_ConfigChannel  stm32f1xx_hal_tim.o
    0x0800165a   0x0800165a   0x0000005a   Code   RO         2227    i.HAL_TIM_PWM_Init  stm32f1xx_hal_tim.o
    0x080016b4   0x080016b4   0x00000024   Code   RO          374    i.HAL_TIM_PWM_MspInit  tim.o
    0x080016d8   0x080016d8   0x00000002   Code   RO         2230    i.HAL_TIM_PWM_PulseFinishedCallback  stm32f1xx_hal_tim.o
    0x080016da   0x080016da   0x00000002   PAD
    0x080016dc   0x080016dc   0x00000014   Code   RO           14    i.HAL_TIM_PeriodElapsedCallback  main.o
    0x080016f0   0x080016f0   0x00000002   Code   RO         2243    i.HAL_TIM_TriggerCallback  stm32f1xx_hal_tim.o
    0x080016f2   0x080016f2   0x00000002   Code   RO          439    i.HardFault_Handler  stm32f1xx_it.o
    0x080016f4   0x080016f4   0x00000002   Code   RO         4550    i.IDLEDAndIDSet     id_key.o
    0x080016f6   0x080016f6   0x00000002   PAD
    0x080016f8   0x080016f8   0x00000044   Code   RO          288    i.MX_CAN_Init       can.o
    0x0800173c   0x0800173c   0x00000040   Code   RO          227    i.MX_FREERTOS_Init  freertos.o
    0x0800177c   0x0800177c   0x000000cc   Code   RO          203    i.MX_GPIO_Init      gpio.o
    0x08001848   0x08001848   0x0000004c   Code   RO          330    i.MX_SPI2_Init      spi.o
    0x08001894   0x08001894   0x0000007c   Code   RO          375    i.MX_TIM2_Init      tim.o
    0x08001910   0x08001910   0x00000068   Code   RO          376    i.MX_TIM3_Init      tim.o
    0x08001978   0x08001978   0x00000002   Code   RO          440    i.MemManage_Handler  stm32f1xx_it.o
    0x0800197a   0x0800197a   0x00000002   Code   RO          441    i.NMI_Handler       stm32f1xx_it.o
    0x0800197c   0x0800197c   0x00000008   Code   RO          228    i.StartDefaultTask  freertos.o
    0x08001984   0x08001984   0x0000002c   Code   RO         4470    i.SysTick_Handler   port.o
    0x080019b0   0x080019b0   0x0000005e   Code   RO           15    i.SystemClock_Config  main.o
    0x08001a0e   0x08001a0e   0x00000002   Code   RO         3124    i.SystemInit        system_stm32f1xx.o
    0x08001a10   0x08001a10   0x0000000c   Code   RO          442    i.TIM1_UP_IRQHandler  stm32f1xx_it.o
    0x08001a1c   0x08001a1c   0x0000000c   Code   RO          443    i.TIM3_IRQHandler   stm32f1xx_it.o
    0x08001a28   0x08001a28   0x0000006c   Code   RO         2245    i.TIM_Base_SetConfig  stm32f1xx_hal_tim.o
    0x08001a94   0x08001a94   0x00000014   Code   RO         2256    i.TIM_ETR_SetConfig  stm32f1xx_hal_tim.o
    0x08001aa8   0x08001aa8   0x00000010   Code   RO         2257    i.TIM_ITRx_SetConfig  stm32f1xx_hal_tim.o
    0x08001ab8   0x08001ab8   0x00000050   Code   RO         2258    i.TIM_OC1_SetConfig  stm32f1xx_hal_tim.o
    0x08001b08   0x08001b08   0x00000058   Code   RO         2259    i.TIM_OC2_SetConfig  stm32f1xx_hal_tim.o
    0x08001b60   0x08001b60   0x00000058   Code   RO         2260    i.TIM_OC3_SetConfig  stm32f1xx_hal_tim.o
    0x08001bb8   0x08001bb8   0x00000044   Code   RO         2261    i.TIM_OC4_SetConfig  stm32f1xx_hal_tim.o
    0x08001bfc   0x08001bfc   0x00000022   Code   RO         2263    i.TIM_TI1_ConfigInputStage  stm32f1xx_hal_tim.o
    0x08001c1e   0x08001c1e   0x00000024   Code   RO         2265    i.TIM_TI2_ConfigInputStage  stm32f1xx_hal_tim.o
    0x08001c42   0x08001c42   0x00000002   PAD
    0x08001c44   0x08001c44   0x0000000c   Code   RO          444    i.USB_LP_CAN1_RX0_IRQHandler  stm32f1xx_it.o
    0x08001c50   0x08001c50   0x00000002   Code   RO          445    i.UsageFault_Handler  stm32f1xx_it.o
    0x08001c52   0x08001c52   0x00000020   Code   RO         1341    i.__NVIC_SetPriority  stm32f1xx_hal_cortex.o
    0x08001c72   0x08001c72   0x00000026   Code   RO           16    i.main              main.o
    0x08001c98   0x08001c98   0x0000000c   Code   RO         4053    i.makeFreeRtosPriority  cmsis_os.o
    0x08001ca4   0x08001ca4   0x0000000e   Code   RO         4055    i.osDelay           cmsis_os.o
    0x08001cb2   0x08001cb2   0x0000000a   Code   RO         4058    i.osKernelStart     cmsis_os.o
    0x08001cbc   0x08001cbc   0x00000054   Code   RO         4092    i.osThreadCreate    cmsis_os.o
    0x08001d10   0x08001d10   0x00000040   Code   RO         4103    i.osTimerCreate     cmsis_os.o
    0x08001d50   0x08001d50   0x00000070   Code   RO         3623    i.prvAddCurrentTaskToDelayedList  tasks.o
    0x08001dc0   0x08001dc0   0x000000d0   Code   RO         3624    i.prvAddNewTaskToReadyList  tasks.o
    0x08001e90   0x08001e90   0x00000058   Code   RO         3922    i.prvCheckForValidListAndQueue  timers.o
    0x08001ee8   0x08001ee8   0x00000026   Code   RO         3302    i.prvCopyDataFromQueue  queue.o
    0x08001f0e   0x08001f0e   0x0000006c   Code   RO         3303    i.prvCopyDataToQueue  queue.o
    0x08001f7a   0x08001f7a   0x00000034   Code   RO         3625    i.prvDeleteTCB      tasks.o
    0x08001fae   0x08001fae   0x00000002   PAD
    0x08001fb0   0x08001fb0   0x0000004c   Code   RO         4420    i.prvHeapInit       heap_4.o
    0x08001ffc   0x08001ffc   0x00000060   Code   RO         3626    i.prvIdleTask       tasks.o
    0x0800205c   0x0800205c   0x00000016   Code   RO         3305    i.prvInitialiseNewQueue  queue.o
    0x08002072   0x08002072   0x0000008e   Code   RO         3627    i.prvInitialiseNewTask  tasks.o
    0x08002100   0x08002100   0x00000044   Code   RO         3923    i.prvInitialiseNewTimer  timers.o
    0x08002144   0x08002144   0x0000004c   Code   RO         4421    i.prvInsertBlockIntoFreeList  heap_4.o
    0x08002190   0x08002190   0x00000038   Code   RO         3924    i.prvInsertTimerInActiveList  timers.o
    0x080021c8   0x080021c8   0x0000001c   Code   RO         3306    i.prvIsQueueEmpty   queue.o
    0x080021e4   0x080021e4   0x000000bc   Code   RO         3925    i.prvProcessReceivedCommands  timers.o
    0x080022a0   0x080022a0   0x000000b4   Code   RO         3926    i.prvProcessTimerOrBlockTask  timers.o
    0x08002354   0x08002354   0x00000020   Code   RO         3628    i.prvResetNextTaskUnblockTime  tasks.o
    0x08002374   0x08002374   0x00000028   Code   RO         3927    i.prvSampleTimeNow  timers.o
    0x0800239c   0x0800239c   0x0000006c   Code   RO         3928    i.prvSwitchTimerLists  timers.o
    0x08002408   0x08002408   0x00000028   Code   RO         4471    i.prvTaskExitError  port.o
    0x08002430   0x08002430   0x00000024   Code   RO         3929    i.prvTimerTask      timers.o
    0x08002454   0x08002454   0x0000006a   Code   RO         3307    i.prvUnlockQueue    queue.o
    0x080024be   0x080024be   0x00000002   PAD
    0x080024c0   0x080024c0   0x000000d8   Code   RO         4422    i.pvPortMalloc      heap_4.o
    0x08002598   0x08002598   0x00000024   Code   RO         4472    i.pxPortInitialiseStack  port.o
    0x080025bc   0x080025bc   0x00000026   Code   RO         3262    i.uxListRemove      list.o
    0x080025e2   0x080025e2   0x00000002   PAD
    0x080025e4   0x080025e4   0x00000014   Code   RO          229    i.vApplicationGetIdleTaskMemory  freertos.o
    0x080025f8   0x080025f8   0x00000014   Code   RO          230    i.vApplicationGetTimerTaskMemory  freertos.o
    0x0800260c   0x0800260c   0x00000016   Code   RO         3263    i.vListInitialise   list.o
    0x08002622   0x08002622   0x00000006   Code   RO         3264    i.vListInitialiseItem  list.o
    0x08002628   0x08002628   0x00000030   Code   RO         3265    i.vListInsert       list.o
    0x08002658   0x08002658   0x00000018   Code   RO         3266    i.vListInsertEnd    list.o
    0x08002670   0x08002670   0x00000040   Code   RO         4474    i.vPortEnterCritical  port.o
    0x080026b0   0x080026b0   0x00000028   Code   RO         4475    i.vPortExitCritical  port.o
    0x080026d8   0x080026d8   0x0000005c   Code   RO         4423    i.vPortFree         heap_4.o
    0x08002734   0x08002734   0x00000024   Code   RO         4476    i.vPortSetupTimerInterrupt  port.o
    0x08002758   0x08002758   0x00000054   Code   RO         4477    i.vPortValidateInterruptPriority  port.o
    0x080027ac   0x080027ac   0x00000028   Code   RO         3311    i.vQueueAddToRegistry  queue.o
    0x080027d4   0x080027d4   0x00000044   Code   RO         3314    i.vQueueWaitForMessageRestricted  queue.o
    0x08002818   0x08002818   0x0000004c   Code   RO         3636    i.vTaskDelay        tasks.o
    0x08002864   0x08002864   0x00000010   Code   RO         3639    i.vTaskInternalSetTimeOutState  tasks.o
    0x08002874   0x08002874   0x0000000c   Code   RO         3640    i.vTaskMissedYield  tasks.o
    0x08002880   0x08002880   0x00000030   Code   RO         3642    i.vTaskPlaceOnEventList  tasks.o
    0x080028b0   0x080028b0   0x00000038   Code   RO         3643    i.vTaskPlaceOnEventListRestricted  tasks.o
    0x080028e8   0x080028e8   0x00000088   Code   RO         3650    i.vTaskStartScheduler  tasks.o
    0x08002970   0x08002970   0x00000010   Code   RO         3652    i.vTaskSuspendAll   tasks.o
    0x08002980   0x08002980   0x0000005c   Code   RO         3653    i.vTaskSwitchContext  tasks.o
    0x080029dc   0x080029dc   0x000000a8   Code   RO         4478    i.xPortStartScheduler  port.o
    0x08002a84   0x08002a84   0x00000066   Code   RO         3318    i.xQueueGenericCreateStatic  queue.o
    0x08002aea   0x08002aea   0x00000002   PAD
    0x08002aec   0x08002aec   0x00000088   Code   RO         3319    i.xQueueGenericReset  queue.o
    0x08002b74   0x08002b74   0x00000160   Code   RO         3320    i.xQueueGenericSend  queue.o
    0x08002cd4   0x08002cd4   0x000000bc   Code   RO         3321    i.xQueueGenericSendFromISR  queue.o
    0x08002d90   0x08002d90   0x00000138   Code   RO         3327    i.xQueueReceive     queue.o
    0x08002ec8   0x08002ec8   0x00000074   Code   RO         3654    i.xTaskCheckForTimeOut  tasks.o
    0x08002f3c   0x08002f3c   0x0000005a   Code   RO         3655    i.xTaskCreate       tasks.o
    0x08002f96   0x08002f96   0x00000056   Code   RO         3656    i.xTaskCreateStatic  tasks.o
    0x08002fec   0x08002fec   0x0000001c   Code   RO         3660    i.xTaskGetSchedulerState  tasks.o
    0x08003008   0x08003008   0x0000000c   Code   RO         3661    i.xTaskGetTickCount  tasks.o
    0x08003014   0x08003014   0x000000c8   Code   RO         3663    i.xTaskIncrementTick  tasks.o
    0x080030dc   0x080030dc   0x00000098   Code   RO         3666    i.xTaskPriorityDisinherit  tasks.o
    0x08003174   0x08003174   0x00000074   Code   RO         3668    i.xTaskRemoveFromEventList  tasks.o
    0x080031e8   0x080031e8   0x000000c4   Code   RO         3669    i.xTaskResumeAll    tasks.o
    0x080032ac   0x080032ac   0x00000034   Code   RO         3932    i.xTimerCreate      timers.o
    0x080032e0   0x080032e0   0x0000002e   Code   RO         3933    i.xTimerCreateStatic  timers.o
    0x0800330e   0x0800330e   0x00000002   PAD
    0x08003310   0x08003310   0x00000060   Code   RO         3934    i.xTimerCreateTimerTask  timers.o
    0x08003370   0x08003370   0x00000060   Code   RO         3935    i.xTimerGenericCommand  timers.o
    0x080033d0   0x080033d0   0x00000024   Data   RO          232    .constdata          freertos.o
    0x080033f4   0x080033f4   0x00000012   Data   RO         1039    .constdata          stm32f1xx_hal_rcc.o
    0x08003406   0x08003406   0x00000010   Data   RO         3125    .constdata          system_stm32f1xx.o
    0x08003416   0x08003416   0x00000008   Data   RO         3126    .constdata          system_stm32f1xx.o
    0x0800341e   0x0800341e   0x00000002   PAD
    0x08003420   0x08003420   0x0000000c   Data   RO          233    .conststring        freertos.o
    0x0800342c   0x0800342c   0x00000020   Data   RO         4749    Region$$Table       anon$$obj.o


    Execution Region RW_IRAM1 (Exec base: 0x20000000, Load base: 0x0800344c, Size: 0x00001ae0, Max: 0x00005000, ABSOLUTE)

    Exec Addr    Load Addr    Size         Type   Attr      Idx    E Section Name        Object

    0x20000000   0x0800344c   0x00000008   Data   RW          234    .data               freertos.o
    0x20000008   0x08003454   0x0000000c   Data   RW          876    .data               stm32f1xx_hal.o
    0x20000014   0x08003460   0x00000004   Data   RW         3127    .data               system_stm32f1xx.o
    0x20000018   0x08003464   0x0000003c   Data   RW         3672    .data               tasks.o
    0x20000054   0x080034a0   0x00000014   Data   RW         3941    .data               timers.o
    0x20000068   0x080034b4   0x00000018   Data   RW         4428    .data               heap_4.o
    0x20000080   0x080034cc   0x0000000c   Data   RW         4479    .data               port.o
    0x2000008c        -       0x000004a8   Zero   RW          231    .bss                freertos.o
    0x20000534        -       0x00000028   Zero   RW          289    .bss                can.o
    0x2000055c        -       0x00000058   Zero   RW          331    .bss                spi.o
    0x200005b4        -       0x00000090   Zero   RW          377    .bss                tim.o
    0x20000644        -       0x00000048   Zero   RW          545    .bss                stm32f1xx_hal_timebase_tim.o
    0x2000068c        -       0x00000040   Zero   RW         3330    .bss                queue.o
    0x200006cc        -       0x000000c8   Zero   RW         3671    .bss                tasks.o
    0x20000794        -       0x000000e8   Zero   RW         3940    .bss                timers.o
    0x2000087c        -       0x00000c00   Zero   RW         4427    .bss                heap_4.o
    0x2000147c        -       0x00000060   Zero   RW         4621    .bss                c_w.l(libspace.o)
    0x200014dc   0x080034d8   0x00000004   PAD
    0x200014e0        -       0x00000200   Zero   RW            2    HEAP                startup_stm32f103xb.o
    0x200016e0        -       0x00000400   Zero   RW            1    STACK               startup_stm32f103xb.o


==============================================================================

Image component sizes


      Code (inc. data)   RO Data    RW Data    ZI Data      Debug   Object Name

       192         20          0          0         40       1755   can.o
       184          4          0          0          0      23401   cmsis_os.o
         0          0          0          0          0      18276   event_groups.o
       112         18         48          8       1192       3365   freertos.o
       204         16          0          0          0       1003   gpio.o
       460         24          0         24       3072       4831   heap_4.o
         4          0          0          0          0        921   id_key.o
       138          0          0          0          0       3550   list.o
       156          6          0          0          0     468404   main.o
       662         70          0         12          0      11465   port.o
      1500         20          0          0         64      14680   queue.o
       192         24          0          0         88       1765   spi.o
        64         26        236          0       1536        832   startup_stm32f103xb.o
        64         14          0         12          0       4790   stm32f1xx_hal.o
       816          0          0          0          0      10091   stm32f1xx_hal_can.o
       158         14          0          0          0      28322   stm32f1xx_hal_cortex.o
       514         40          0          0          0       3587   stm32f1xx_hal_gpio.o
        72         10          0          0          0        922   stm32f1xx_hal_msp.o
      1272         82         18          0          0       5342   stm32f1xx_hal_rcc.o
       178          0          0          0          0       1283   stm32f1xx_hal_spi.o
      1596         46          0          0          0      14640   stm32f1xx_hal_tim.o
       108         12          0          0          0       2513   stm32f1xx_hal_tim_ex.o
       140         22          0          0         72       1507   stm32f1xx_hal_timebase_tim.o
        54         18          0          0          0       4616   stm32f1xx_it.o
         0          0          0          0          0        392   stream_buffer.o
         2          0         24          4          0       1199   system_stm32f1xx.o
      2090        158          0         60        200      23704   tasks.o
       420         42          0          0        144       3651   tim.o
      1054         78          0         20        232      29783   timers.o

    ----------------------------------------------------------------------
     12434        764        360        140       6640     690590   Object Totals
         0          0         32          0          0          0   (incl. Generated)
        28          0          2          0          0          0   (incl. Padding)

    ----------------------------------------------------------------------

      Code (inc. data)   RO Data    RW Data    ZI Data      Debug   Library Member Name

         8          0          0          0          0         68   __main.o
         0          0          0          0          0          0   __rtentry.o
        12          0          0          0          0          0   __rtentry2.o
         6          0          0          0          0          0   __rtentry4.o
        52          8          0          0          0          0   __scatter.o
        26          0          0          0          0          0   __scatter_copy.o
        28          0          0          0          0          0   __scatter_zi.o
        18          0          0          0          0         80   exit.o
         6          0          0          0          0        152   heapauxi.o
         0          0          0          0          0          0   indicate_semi.o
         2          0          0          0          0          0   libinit.o
         2          0          0          0          0          0   libinit2.o
         2          0          0          0          0          0   libshutdown.o
         2          0          0          0          0          0   libshutdown2.o
         8          4          0          0         96         68   libspace.o
        78          0          0          0          0         80   rt_memclr_w.o
       138          0          0          0          0         68   rt_memcpy_v6.o
       100          0          0          0          0         80   rt_memcpy_w.o
         2          0          0          0          0          0   rtexit.o
        10          0          0          0          0          0   rtexit2.o
        12          4          0          0          0         68   sys_exit.o
        74          0          0          0          0         80   sys_stackheap_outer.o
         2          0          0          0          0         68   use_no_semi.o

    ----------------------------------------------------------------------
       594         16          0          0        100        812   Library Totals
         6          0          0          0          4          0   (incl. Padding)

    ----------------------------------------------------------------------

      Code (inc. data)   RO Data    RW Data    ZI Data      Debug   Library Name

       588         16          0          0         96        812   c_w.l

    ----------------------------------------------------------------------
       594         16          0          0        100        812   Library Totals

    ----------------------------------------------------------------------

==============================================================================


      Code (inc. data)   RO Data    RW Data    ZI Data      Debug   

     13028        780        360        140       6740     683286   Grand Totals
     13028        780        360        140       6740     683286   ELF Image Totals
     13028        780        360        140          0          0   ROM Totals

==============================================================================

    Total RO  Size (Code + RO Data)                13388 (  13.07kB)
    Total RW  Size (RW Data + ZI Data)              6880 (   6.72kB)
    Total ROM Size (Code + RO Data + RW Data)      13528 (  13.21kB)

==============================================================================

